[exponent-tuning] Using device: cuda
[exponent-tuning] Learning rate: 0.001
[exponent-tuning] Batch size: 1000
[exponent-tuning] Inner steps: 500
[exponent-tuning] Exponents p: [1.0, 1.0], q: [1.0, 1.0]
[exponent-tuning] Scheduler: cosine-warm-restarts
Starting training: poly_baseline
Exponents: p=[1.0, 1.0], q=[1.0, 1.0]
Using importance sampling with alpha=1.00
======================================================================
Epoch 1/250 | v_loss=-13.3301 | grad_v=8.8052 | E[|v|^2]=25.9866 | time=7.1s
Epoch 2/250 | v_loss=-11.3245 | grad_v=4.5092 | E[|v|^2]=24.7065 | time=6.6s
Epoch 3/250 | v_loss=-11.8157 | grad_v=8.5686 | E[|v|^2]=24.3596 | time=6.6s
Epoch 4/250 | v_loss=-12.2037 | grad_v=8.9770 | E[|v|^2]=23.9422 | time=6.6s
Epoch 5/250 | v_loss=-11.7845 | grad_v=8.0341 | E[|v|^2]=25.9850 | time=6.6s
Epoch 6/250 | v_loss=-11.9677 | grad_v=10.9822 | E[|v|^2]=23.4973 | time=6.6s
Epoch 7/250 | v_loss=-11.9067 | grad_v=9.5383 | E[|v|^2]=22.5455 | time=6.6s
Epoch 8/250 | v_loss=-12.1649 | grad_v=6.9002 | E[|v|^2]=24.2554 | time=6.6s
Epoch 9/250 | v_loss=-11.4032 | grad_v=4.2948 | E[|v|^2]=23.1603 | time=6.6s
Epoch 10/250 | v_loss=-11.5280 | grad_v=4.9088 | E[|v|^2]=23.4146 | time=6.6s
Epoch 11/250 | v_loss=-11.1491 | grad_v=8.4904 | E[|v|^2]=24.1343 | time=6.1s
Epoch 12/250 | v_loss=-11.9620 | grad_v=5.6675 | E[|v|^2]=24.3841 | time=6.1s
Epoch 13/250 | v_loss=-11.4944 | grad_v=6.2395 | E[|v|^2]=22.7195 | time=6.1s
Epoch 14/250 | v_loss=-11.8186 | grad_v=5.2950 | E[|v|^2]=24.2341 | time=6.1s
Epoch 15/250 | v_loss=-13.1008 | grad_v=9.8297 | E[|v|^2]=23.8290 | time=6.1s
Epoch 16/250 | v_loss=-13.0364 | grad_v=9.8983 | E[|v|^2]=23.8100 | time=6.1s
Epoch 17/250 | v_loss=-11.2632 | grad_v=11.0403 | E[|v|^2]=23.0990 | time=6.1s
Epoch 18/250 | v_loss=-12.1275 | grad_v=4.0042 | E[|v|^2]=24.7309 | time=6.1s
Epoch 19/250 | v_loss=-11.7234 | grad_v=6.4680 | E[|v|^2]=24.7085 | time=6.1s
Epoch 20/250 | v_loss=-12.1373 | grad_v=8.8764 | E[|v|^2]=23.4835 | time=6.1s
Epoch 21/250 | v_loss=-11.9580 | grad_v=4.2870 | E[|v|^2]=23.1990 | time=6.1s
Epoch 22/250 | v_loss=-12.2261 | grad_v=5.3616 | E[|v|^2]=23.7505 | time=6.1s
Epoch 23/250 | v_loss=-12.2580 | grad_v=8.1830 | E[|v|^2]=25.0655 | time=6.1s
Epoch 24/250 | v_loss=-11.4976 | grad_v=7.8145 | E[|v|^2]=23.1024 | time=6.1s
Epoch 25/250 | v_loss=-10.7960 | grad_v=9.2662 | E[|v|^2]=23.6936 | time=6.1s
Epoch 26/250 | v_loss=-10.9725 | grad_v=7.3862 | E[|v|^2]=24.3708 | time=6.1s
Epoch 27/250 | v_loss=-12.3775 | grad_v=6.8624 | E[|v|^2]=22.7475 | time=6.1s
Epoch 28/250 | v_loss=-11.3052 | grad_v=3.2927 | E[|v|^2]=23.2866 | time=6.1s
Epoch 29/250 | v_loss=-12.1870 | grad_v=6.8024 | E[|v|^2]=24.0482 | time=6.1s
Epoch 30/250 | v_loss=-12.5727 | grad_v=6.1192 | E[|v|^2]=23.6775 | time=6.1s
Epoch 31/250 | v_loss=-11.7881 | grad_v=9.3839 | E[|v|^2]=25.1457 | time=6.1s
Epoch 32/250 | v_loss=-11.6875 | grad_v=6.0429 | E[|v|^2]=24.2427 | time=6.1s
Epoch 33/250 | v_loss=-11.5116 | grad_v=4.5723 | E[|v|^2]=23.9215 | time=6.1s
Epoch 34/250 | v_loss=-12.4429 | grad_v=4.9419 | E[|v|^2]=23.5645 | time=6.1s
Epoch 35/250 | v_loss=-12.5592 | grad_v=4.7198 | E[|v|^2]=24.9867 | time=6.1s
Epoch 36/250 | v_loss=-11.4129 | grad_v=4.4412 | E[|v|^2]=23.6285 | time=6.1s
Epoch 37/250 | v_loss=-12.7026 | grad_v=6.2185 | E[|v|^2]=23.1161 | time=6.1s
Epoch 38/250 | v_loss=-12.3225 | grad_v=4.9715 | E[|v|^2]=24.5266 | time=6.1s
Epoch 39/250 | v_loss=-12.0570 | grad_v=6.7186 | E[|v|^2]=24.1704 | time=6.1s
Epoch 40/250 | v_loss=-12.1762 | grad_v=4.6257 | E[|v|^2]=23.8266 | time=6.1s
Epoch 41/250 | v_loss=-13.2067 | grad_v=5.9656 | E[|v|^2]=24.0107 | time=6.1s
Epoch 42/250 | v_loss=-11.4475 | grad_v=4.0745 | E[|v|^2]=23.7779 | time=6.2s
Epoch 43/250 | v_loss=-12.4712 | grad_v=7.8569 | E[|v|^2]=24.0740 | time=6.1s
Epoch 44/250 | v_loss=-12.6829 | grad_v=6.7580 | E[|v|^2]=24.3520 | time=6.1s
Epoch 45/250 | v_loss=-11.6891 | grad_v=3.7707 | E[|v|^2]=24.4280 | time=6.1s
Epoch 46/250 | v_loss=-13.2204 | grad_v=4.4855 | E[|v|^2]=24.1001 | time=6.1s
Epoch 47/250 | v_loss=-12.0427 | grad_v=4.7294 | E[|v|^2]=24.0685 | time=6.1s
Epoch 48/250 | v_loss=-12.2217 | grad_v=8.2251 | E[|v|^2]=23.9135 | time=6.1s
Epoch 49/250 | v_loss=-12.5185 | grad_v=2.9120 | E[|v|^2]=24.0361 | time=6.1s
Epoch 50/250 | v_loss=-12.4685 | grad_v=7.0533 | E[|v|^2]=24.0678 | time=6.1s
Epoch 51/250 | v_loss=-13.4602 | grad_v=5.8607 | E[|v|^2]=24.7387 | time=6.1s
Epoch 52/250 | v_loss=-10.4254 | grad_v=8.0606 | E[|v|^2]=23.5967 | time=6.1s
Epoch 53/250 | v_loss=-12.0061 | grad_v=7.4558 | E[|v|^2]=22.0438 | time=6.1s
Epoch 54/250 | v_loss=-12.5211 | grad_v=6.0859 | E[|v|^2]=26.1243 | time=6.1s
Epoch 55/250 | v_loss=-11.8849 | grad_v=5.5012 | E[|v|^2]=24.2963 | time=6.1s
Epoch 56/250 | v_loss=-11.9468 | grad_v=6.7116 | E[|v|^2]=22.6160 | time=6.1s
Epoch 57/250 | v_loss=-12.7541 | grad_v=11.0463 | E[|v|^2]=24.3151 | time=6.1s
Epoch 58/250 | v_loss=-13.2926 | grad_v=11.9387 | E[|v|^2]=26.5447 | time=6.1s
Epoch 59/250 | v_loss=-10.7105 | grad_v=7.8045 | E[|v|^2]=24.0007 | time=6.1s
Epoch 60/250 | v_loss=-11.6613 | grad_v=7.0079 | E[|v|^2]=24.2380 | time=6.1s
Epoch 61/250 | v_loss=-11.7622 | grad_v=7.1722 | E[|v|^2]=23.4063 | time=6.6s
Epoch 62/250 | v_loss=-11.3130 | grad_v=4.5199 | E[|v|^2]=23.2450 | time=6.6s
Epoch 63/250 | v_loss=-11.9212 | grad_v=8.3666 | E[|v|^2]=23.9266 | time=6.6s
Epoch 64/250 | v_loss=-11.2296 | grad_v=12.1949 | E[|v|^2]=24.5084 | time=6.6s
Epoch 65/250 | v_loss=-12.8112 | grad_v=9.8075 | E[|v|^2]=23.1431 | time=6.6s
Epoch 66/250 | v_loss=-13.0500 | grad_v=8.8069 | E[|v|^2]=23.0536 | time=6.6s
Epoch 67/250 | v_loss=-10.6309 | grad_v=5.1699 | E[|v|^2]=22.8690 | time=6.6s
Epoch 68/250 | v_loss=-11.2108 | grad_v=7.7638 | E[|v|^2]=23.1320 | time=6.6s
Epoch 69/250 | v_loss=-11.5393 | grad_v=3.6094 | E[|v|^2]=24.1347 | time=6.7s
Epoch 70/250 | v_loss=-11.8003 | grad_v=4.5442 | E[|v|^2]=22.7771 | time=6.6s
Epoch 71/250 | v_loss=-11.4530 | grad_v=3.1863 | E[|v|^2]=21.6580 | time=6.1s
Epoch 72/250 | v_loss=-12.4298 | grad_v=6.4032 | E[|v|^2]=24.0408 | time=6.1s
Epoch 73/250 | v_loss=-11.6792 | grad_v=7.7135 | E[|v|^2]=23.9916 | time=6.1s
Epoch 74/250 | v_loss=-10.8628 | grad_v=9.6147 | E[|v|^2]=23.8165 | time=6.1s
Epoch 75/250 | v_loss=-12.3228 | grad_v=4.3958 | E[|v|^2]=24.7685 | time=6.1s
Epoch 76/250 | v_loss=-12.4836 | grad_v=5.8662 | E[|v|^2]=23.7093 | time=6.1s
Epoch 77/250 | v_loss=-12.0082 | grad_v=4.6423 | E[|v|^2]=23.7977 | time=6.1s
Epoch 78/250 | v_loss=-11.1826 | grad_v=9.1958 | E[|v|^2]=24.9245 | time=6.1s
Epoch 79/250 | v_loss=-13.4102 | grad_v=7.9280 | E[|v|^2]=24.1023 | time=6.1s
Epoch 80/250 | v_loss=-12.0116 | grad_v=7.4095 | E[|v|^2]=24.0685 | time=6.1s
Epoch 81/250 | v_loss=-11.7490 | grad_v=3.6285 | E[|v|^2]=23.3161 | time=6.6s
Epoch 82/250 | v_loss=-11.7343 | grad_v=4.8778 | E[|v|^2]=23.6647 | time=6.6s
Epoch 83/250 | v_loss=-11.0016 | grad_v=8.0503 | E[|v|^2]=23.3845 | time=6.6s
Epoch 84/250 | v_loss=-12.6903 | grad_v=3.5416 | E[|v|^2]=23.7363 | time=6.6s
Epoch 85/250 | v_loss=-11.8665 | grad_v=8.4231 | E[|v|^2]=23.5638 | time=6.6s
Epoch 86/250 | v_loss=-12.4828 | grad_v=7.1768 | E[|v|^2]=24.4580 | time=6.6s
Epoch 87/250 | v_loss=-12.3554 | grad_v=6.8675 | E[|v|^2]=23.7806 | time=6.6s
Epoch 88/250 | v_loss=-12.1745 | grad_v=6.9942 | E[|v|^2]=24.8232 | time=6.3s
Epoch 89/250 | v_loss=-12.2872 | grad_v=10.1395 | E[|v|^2]=24.7430 | time=6.1s
Epoch 90/250 | v_loss=-11.9067 | grad_v=5.1254 | E[|v|^2]=23.9881 | time=6.1s
Epoch 91/250 | v_loss=-11.1508 | grad_v=6.4809 | E[|v|^2]=23.4940 | time=6.1s
Epoch 92/250 | v_loss=-12.2347 | grad_v=6.1701 | E[|v|^2]=23.1711 | time=6.1s
Epoch 93/250 | v_loss=-10.9362 | grad_v=6.2728 | E[|v|^2]=22.9852 | time=6.1s
Epoch 94/250 | v_loss=-12.1975 | grad_v=7.0172 | E[|v|^2]=23.3621 | time=6.1s
Epoch 95/250 | v_loss=-12.3542 | grad_v=4.5566 | E[|v|^2]=23.5660 | time=6.1s
Epoch 96/250 | v_loss=-12.2279 | grad_v=5.7753 | E[|v|^2]=23.8712 | time=6.1s
Epoch 97/250 | v_loss=-11.5164 | grad_v=8.0030 | E[|v|^2]=23.0801 | time=6.1s
Epoch 98/250 | v_loss=-11.9403 | grad_v=3.8739 | E[|v|^2]=23.6220 | time=6.1s
Epoch 99/250 | v_loss=-11.8634 | grad_v=3.7307 | E[|v|^2]=24.6054 | time=6.1s
Epoch 100/250 | v_loss=-12.4240 | grad_v=5.0904 | E[|v|^2]=23.4962 | time=6.1s
Epoch 101/250 | v_loss=-11.6066 | grad_v=9.4321 | E[|v|^2]=25.3756 | time=6.1s
Epoch 102/250 | v_loss=-12.1086 | grad_v=6.6402 | E[|v|^2]=23.8547 | time=6.1s
Epoch 103/250 | v_loss=-12.0668 | grad_v=6.4781 | E[|v|^2]=24.5025 | time=6.1s
Epoch 104/250 | v_loss=-11.2788 | grad_v=4.6056 | E[|v|^2]=24.6630 | time=6.1s
Epoch 105/250 | v_loss=-11.4815 | grad_v=7.4902 | E[|v|^2]=24.7219 | time=6.1s
Epoch 106/250 | v_loss=-12.0210 | grad_v=4.9792 | E[|v|^2]=24.2668 | time=6.1s
Epoch 107/250 | v_loss=-11.1093 | grad_v=7.8616 | E[|v|^2]=24.2753 | time=6.1s
Epoch 108/250 | v_loss=-12.4712 | grad_v=6.1127 | E[|v|^2]=23.2020 | time=6.1s
Epoch 109/250 | v_loss=-11.8347 | grad_v=5.6668 | E[|v|^2]=23.9932 | time=6.1s
Epoch 110/250 | v_loss=-11.7765 | grad_v=3.3100 | E[|v|^2]=24.5685 | time=6.1s
Epoch 111/250 | v_loss=-12.0837 | grad_v=3.2869 | E[|v|^2]=23.6036 | time=6.1s
Epoch 112/250 | v_loss=-12.0787 | grad_v=5.0496 | E[|v|^2]=23.5548 | time=6.1s
Epoch 113/250 | v_loss=-12.2118 | grad_v=7.2192 | E[|v|^2]=24.3657 | time=6.1s
Epoch 114/250 | v_loss=-12.8630 | grad_v=4.8085 | E[|v|^2]=24.0724 | time=6.1s
Epoch 115/250 | v_loss=-12.4685 | grad_v=5.5259 | E[|v|^2]=23.8559 | time=6.1s
Epoch 116/250 | v_loss=-11.9366 | grad_v=6.3126 | E[|v|^2]=24.0810 | time=6.1s
Epoch 117/250 | v_loss=-11.6638 | grad_v=5.9214 | E[|v|^2]=23.7980 | time=6.1s
Epoch 118/250 | v_loss=-11.8090 | grad_v=6.6369 | E[|v|^2]=24.0185 | time=6.1s
Epoch 119/250 | v_loss=-11.1205 | grad_v=7.6699 | E[|v|^2]=23.8869 | time=6.2s
Epoch 120/250 | v_loss=-10.9200 | grad_v=10.6089 | E[|v|^2]=23.9596 | time=6.6s
Epoch 121/250 | v_loss=-11.0795 | grad_v=8.8222 | E[|v|^2]=24.1294 | time=6.6s
Epoch 122/250 | v_loss=-10.7760 | grad_v=7.8354 | E[|v|^2]=23.9479 | time=6.6s
Epoch 123/250 | v_loss=-12.2920 | grad_v=5.4784 | E[|v|^2]=24.4704 | time=6.6s
Epoch 124/250 | v_loss=-11.8913 | grad_v=4.9548 | E[|v|^2]=24.5088 | time=6.6s
Epoch 125/250 | v_loss=-12.3906 | grad_v=5.9768 | E[|v|^2]=24.0025 | time=6.6s
Epoch 126/250 | v_loss=-11.7259 | grad_v=4.8091 | E[|v|^2]=23.6979 | time=6.6s
Epoch 127/250 | v_loss=-11.9175 | grad_v=2.9200 | E[|v|^2]=23.9351 | time=6.6s
Epoch 128/250 | v_loss=-11.8448 | grad_v=8.2520 | E[|v|^2]=23.6145 | time=6.6s
Epoch 129/250 | v_loss=-12.0483 | grad_v=7.0389 | E[|v|^2]=24.1818 | time=6.6s
Epoch 130/250 | v_loss=-12.1443 | grad_v=4.2261 | E[|v|^2]=24.2519 | time=6.6s
Epoch 131/250 | v_loss=-11.8205 | grad_v=4.7118 | E[|v|^2]=23.9854 | time=6.6s
Epoch 132/250 | v_loss=-12.5786 | grad_v=4.6954 | E[|v|^2]=24.2931 | time=6.6s
Epoch 133/250 | v_loss=-12.2818 | grad_v=4.1286 | E[|v|^2]=24.1800 | time=6.6s
Epoch 134/250 | v_loss=-11.0977 | grad_v=6.7858 | E[|v|^2]=23.9878 | time=6.6s
Epoch 135/250 | v_loss=-11.9682 | grad_v=2.2827 | E[|v|^2]=23.8353 | time=6.6s
Epoch 136/250 | v_loss=-13.2084 | grad_v=6.6118 | E[|v|^2]=23.8691 | time=6.6s
Epoch 137/250 | v_loss=-12.4059 | grad_v=3.4031 | E[|v|^2]=24.0534 | time=6.6s
Epoch 138/250 | v_loss=-11.1241 | grad_v=4.5754 | E[|v|^2]=24.2803 | time=6.6s
Epoch 139/250 | v_loss=-11.6293 | grad_v=4.3216 | E[|v|^2]=24.1906 | time=6.6s
Epoch 140/250 | v_loss=-11.2117 | grad_v=8.7641 | E[|v|^2]=23.9799 | time=6.6s
Epoch 141/250 | v_loss=-12.6284 | grad_v=5.9979 | E[|v|^2]=24.1876 | time=6.6s
Epoch 142/250 | v_loss=-12.4085 | grad_v=7.6303 | E[|v|^2]=24.2311 | time=6.6s
Epoch 143/250 | v_loss=-11.1743 | grad_v=5.8815 | E[|v|^2]=24.0465 | time=6.6s
Epoch 144/250 | v_loss=-12.1455 | grad_v=3.7062 | E[|v|^2]=24.2679 | time=6.6s
Epoch 145/250 | v_loss=-12.2197 | grad_v=3.8550 | E[|v|^2]=24.0476 | time=6.6s
Epoch 146/250 | v_loss=-11.5896 | grad_v=4.9060 | E[|v|^2]=23.9803 | time=6.6s
Epoch 147/250 | v_loss=-11.7562 | grad_v=5.3430 | E[|v|^2]=24.0441 | time=6.6s
Epoch 148/250 | v_loss=-11.8249 | grad_v=4.6690 | E[|v|^2]=24.1580 | time=6.6s
Epoch 149/250 | v_loss=-11.9384 | grad_v=6.8438 | E[|v|^2]=23.9334 | time=6.6s
Epoch 150/250 | v_loss=-12.5829 | grad_v=3.1469 | E[|v|^2]=24.0079 | time=6.6s
Epoch 151/250 | v_loss=-12.1322 | grad_v=5.3492 | E[|v|^2]=23.6215 | time=6.1s
Epoch 152/250 | v_loss=-11.4494 | grad_v=7.9214 | E[|v|^2]=23.6836 | time=6.1s
Epoch 153/250 | v_loss=-13.0532 | grad_v=9.1052 | E[|v|^2]=23.3435 | time=6.1s
Epoch 154/250 | v_loss=-12.8779 | grad_v=8.3690 | E[|v|^2]=23.9202 | time=6.1s
Epoch 155/250 | v_loss=-12.9552 | grad_v=8.1293 | E[|v|^2]=23.6477 | time=6.1s
Epoch 156/250 | v_loss=-11.5789 | grad_v=6.5556 | E[|v|^2]=23.5161 | time=6.2s
Epoch 157/250 | v_loss=-11.5768 | grad_v=5.8824 | E[|v|^2]=23.1561 | time=6.1s
Epoch 158/250 | v_loss=-11.4801 | grad_v=7.7232 | E[|v|^2]=24.6958 | time=6.1s
Epoch 159/250 | v_loss=-11.9847 | grad_v=6.7104 | E[|v|^2]=23.8494 | time=6.1s
Epoch 160/250 | v_loss=-11.5550 | grad_v=5.9405 | E[|v|^2]=22.9322 | time=6.1s
Epoch 161/250 | v_loss=-12.2443 | grad_v=8.4869 | E[|v|^2]=25.0931 | time=6.2s
Epoch 162/250 | v_loss=-11.3513 | grad_v=6.4773 | E[|v|^2]=23.4638 | time=6.1s
Epoch 163/250 | v_loss=-12.1584 | grad_v=5.0920 | E[|v|^2]=25.6232 | time=6.1s
Epoch 164/250 | v_loss=-12.6757 | grad_v=4.9682 | E[|v|^2]=24.2112 | time=6.1s
Epoch 165/250 | v_loss=-11.5350 | grad_v=5.1465 | E[|v|^2]=24.9519 | time=6.1s
Epoch 166/250 | v_loss=-11.4544 | grad_v=6.9348 | E[|v|^2]=23.4667 | time=6.1s
Epoch 167/250 | v_loss=-12.7065 | grad_v=7.8587 | E[|v|^2]=24.1925 | time=6.1s
Epoch 168/250 | v_loss=-10.9321 | grad_v=5.6509 | E[|v|^2]=23.1596 | time=6.1s
Epoch 169/250 | v_loss=-11.6033 | grad_v=5.2360 | E[|v|^2]=23.4129 | time=6.1s
Epoch 170/250 | v_loss=-11.7249 | grad_v=6.1795 | E[|v|^2]=22.3701 | time=6.2s
Epoch 171/250 | v_loss=-12.3801 | grad_v=4.9962 | E[|v|^2]=23.8323 | time=6.2s
Epoch 172/250 | v_loss=-11.9887 | grad_v=4.2565 | E[|v|^2]=24.1387 | time=6.1s
Epoch 173/250 | v_loss=-11.7816 | grad_v=10.0561 | E[|v|^2]=23.9350 | time=6.2s
Epoch 174/250 | v_loss=-10.4619 | grad_v=5.7569 | E[|v|^2]=23.7963 | time=6.2s
Epoch 175/250 | v_loss=-11.5357 | grad_v=4.8166 | E[|v|^2]=23.1142 | time=6.1s
Epoch 176/250 | v_loss=-12.9912 | grad_v=6.7167 | E[|v|^2]=24.6841 | time=6.1s
Epoch 177/250 | v_loss=-11.9848 | grad_v=6.0106 | E[|v|^2]=24.1369 | time=6.2s
Epoch 178/250 | v_loss=-12.2699 | grad_v=6.1505 | E[|v|^2]=24.4988 | time=6.1s
Epoch 179/250 | v_loss=-11.6535 | grad_v=8.4259 | E[|v|^2]=22.9103 | time=6.1s
Epoch 180/250 | v_loss=-11.8249 | grad_v=11.5909 | E[|v|^2]=25.0066 | time=6.2s
Epoch 181/250 | v_loss=-12.4660 | grad_v=10.1841 | E[|v|^2]=22.8771 | time=6.2s
Epoch 182/250 | v_loss=-11.9059 | grad_v=6.0033 | E[|v|^2]=24.7007 | time=6.2s
Epoch 183/250 | v_loss=-11.5573 | grad_v=8.4020 | E[|v|^2]=24.0894 | time=6.2s
Epoch 184/250 | v_loss=-12.7580 | grad_v=5.9970 | E[|v|^2]=24.5695 | time=6.2s
Epoch 185/250 | v_loss=-11.7232 | grad_v=7.0682 | E[|v|^2]=24.4085 | time=6.2s
Epoch 186/250 | v_loss=-11.4798 | grad_v=7.3749 | E[|v|^2]=24.1832 | time=6.2s
Epoch 187/250 | v_loss=-12.4415 | grad_v=5.4000 | E[|v|^2]=25.3146 | time=6.2s
Epoch 188/250 | v_loss=-10.9683 | grad_v=8.9635 | E[|v|^2]=24.0235 | time=6.1s
Epoch 189/250 | v_loss=-12.2913 | grad_v=9.8969 | E[|v|^2]=24.3448 | time=6.2s
Epoch 190/250 | v_loss=-11.9453 | grad_v=7.9921 | E[|v|^2]=22.9962 | time=6.2s
Epoch 191/250 | v_loss=-10.3427 | grad_v=8.4954 | E[|v|^2]=23.4336 | time=6.1s
Epoch 192/250 | v_loss=-12.7010 | grad_v=5.7871 | E[|v|^2]=23.4499 | time=6.1s
Epoch 193/250 | v_loss=-10.8892 | grad_v=9.7119 | E[|v|^2]=23.1771 | time=6.1s
Epoch 194/250 | v_loss=-11.7288 | grad_v=3.6956 | E[|v|^2]=24.0136 | time=6.1s
Epoch 195/250 | v_loss=-10.6867 | grad_v=10.7556 | E[|v|^2]=24.2100 | time=6.2s
Epoch 196/250 | v_loss=-11.9234 | grad_v=4.9537 | E[|v|^2]=24.8579 | time=6.2s
Epoch 197/250 | v_loss=-10.7112 | grad_v=10.4378 | E[|v|^2]=22.5184 | time=6.1s
Epoch 198/250 | v_loss=-10.7404 | grad_v=10.4694 | E[|v|^2]=24.3170 | time=6.1s
Epoch 199/250 | v_loss=-12.1176 | grad_v=5.4936 | E[|v|^2]=24.8909 | time=6.1s
Epoch 200/250 | v_loss=-12.4337 | grad_v=6.2267 | E[|v|^2]=23.1431 | time=6.1s
Epoch 201/250 | v_loss=-12.6906 | grad_v=7.1896 | E[|v|^2]=24.3210 | time=6.1s
Epoch 202/250 | v_loss=-11.3018 | grad_v=7.8975 | E[|v|^2]=22.9231 | time=6.1s
Epoch 203/250 | v_loss=-12.2599 | grad_v=6.2420 | E[|v|^2]=23.8168 | time=6.1s
Epoch 204/250 | v_loss=-11.2688 | grad_v=6.0588 | E[|v|^2]=22.9514 | time=6.1s
Epoch 205/250 | v_loss=-11.5574 | grad_v=5.2080 | E[|v|^2]=24.2734 | time=6.1s
Epoch 206/250 | v_loss=-12.5985 | grad_v=5.5845 | E[|v|^2]=23.1394 | time=6.1s
Epoch 207/250 | v_loss=-10.6931 | grad_v=7.9617 | E[|v|^2]=24.0674 | time=6.1s
Epoch 208/250 | v_loss=-11.7617 | grad_v=5.8841 | E[|v|^2]=24.4666 | time=6.1s
Epoch 209/250 | v_loss=-12.9859 | grad_v=9.7445 | E[|v|^2]=23.1947 | time=6.2s
Epoch 210/250 | v_loss=-12.0849 | grad_v=5.7111 | E[|v|^2]=23.2826 | time=6.1s
Epoch 211/250 | v_loss=-11.4070 | grad_v=9.5935 | E[|v|^2]=23.2261 | time=6.1s
Epoch 212/250 | v_loss=-12.6141 | grad_v=5.6423 | E[|v|^2]=22.9747 | time=6.1s
Epoch 213/250 | v_loss=-10.7669 | grad_v=7.8103 | E[|v|^2]=23.8666 | time=6.1s
Epoch 214/250 | v_loss=-11.4862 | grad_v=4.6764 | E[|v|^2]=23.8809 | time=6.1s
Epoch 215/250 | v_loss=-13.0237 | grad_v=7.6897 | E[|v|^2]=23.7784 | time=6.1s
Epoch 216/250 | v_loss=-12.9544 | grad_v=5.5616 | E[|v|^2]=24.2709 | time=6.1s
Epoch 217/250 | v_loss=-11.1829 | grad_v=5.7708 | E[|v|^2]=24.1404 | time=6.1s
Epoch 218/250 | v_loss=-12.5311 | grad_v=5.3413 | E[|v|^2]=23.3016 | time=6.1s
Epoch 219/250 | v_loss=-11.8295 | grad_v=3.6204 | E[|v|^2]=24.0932 | time=6.1s
Epoch 220/250 | v_loss=-10.3074 | grad_v=6.5182 | E[|v|^2]=23.2786 | time=6.1s
Epoch 221/250 | v_loss=-11.2139 | grad_v=5.0520 | E[|v|^2]=24.0647 | time=6.1s
Epoch 222/250 | v_loss=-12.5968 | grad_v=4.0927 | E[|v|^2]=23.6737 | time=6.1s
Epoch 223/250 | v_loss=-11.6716 | grad_v=6.4410 | E[|v|^2]=24.6824 | time=6.1s
Epoch 224/250 | v_loss=-12.0292 | grad_v=3.2179 | E[|v|^2]=24.6187 | time=6.1s
Epoch 225/250 | v_loss=-13.4776 | grad_v=8.7077 | E[|v|^2]=23.6659 | time=6.1s
Epoch 226/250 | v_loss=-12.4376 | grad_v=4.7118 | E[|v|^2]=24.4385 | time=6.1s
Epoch 227/250 | v_loss=-11.8667 | grad_v=4.2152 | E[|v|^2]=24.8076 | time=6.1s
Epoch 228/250 | v_loss=-12.2353 | grad_v=4.0041 | E[|v|^2]=24.7796 | time=6.1s
Epoch 229/250 | v_loss=-12.9627 | grad_v=5.9795 | E[|v|^2]=24.1554 | time=6.1s
Epoch 230/250 | v_loss=-12.0203 | grad_v=4.4068 | E[|v|^2]=24.1205 | time=6.1s
Epoch 231/250 | v_loss=-11.9218 | grad_v=7.0545 | E[|v|^2]=24.2502 | time=6.1s
Epoch 232/250 | v_loss=-11.4622 | grad_v=4.7361 | E[|v|^2]=23.4252 | time=6.1s
Epoch 233/250 | v_loss=-12.3177 | grad_v=5.0035 | E[|v|^2]=23.7978 | time=6.1s
Epoch 234/250 | v_loss=-12.6819 | grad_v=6.4016 | E[|v|^2]=25.1980 | time=6.1s
Epoch 235/250 | v_loss=-11.7367 | grad_v=3.7676 | E[|v|^2]=23.7845 | time=6.1s
Epoch 236/250 | v_loss=-12.5899 | grad_v=5.6610 | E[|v|^2]=23.5711 | time=6.1s
Epoch 237/250 | v_loss=-11.8760 | grad_v=8.1972 | E[|v|^2]=24.0913 | time=6.1s
Epoch 238/250 | v_loss=-12.0557 | grad_v=9.1991 | E[|v|^2]=23.9175 | time=6.1s
Epoch 239/250 | v_loss=-12.8754 | grad_v=8.2451 | E[|v|^2]=22.7598 | time=6.1s
Epoch 240/250 | v_loss=-11.7691 | grad_v=4.7055 | E[|v|^2]=23.9116 | time=6.1s
Epoch 241/250 | v_loss=-11.8961 | grad_v=4.7201 | E[|v|^2]=24.3498 | time=6.2s
Epoch 242/250 | v_loss=-11.9049 | grad_v=5.0465 | E[|v|^2]=24.9799 | time=6.2s
Epoch 243/250 | v_loss=-11.3290 | grad_v=8.0727 | E[|v|^2]=24.7523 | time=6.2s
Epoch 244/250 | v_loss=-10.9361 | grad_v=8.1260 | E[|v|^2]=23.2587 | time=6.2s
Epoch 245/250 | v_loss=-11.8356 | grad_v=4.1452 | E[|v|^2]=23.3730 | time=6.2s
Epoch 246/250 | v_loss=-12.7194 | grad_v=5.0243 | E[|v|^2]=23.5518 | time=6.2s
Epoch 247/250 | v_loss=-11.6144 | grad_v=7.1932 | E[|v|^2]=24.7223 | time=6.2s
Epoch 248/250 | v_loss=-11.9092 | grad_v=6.3069 | E[|v|^2]=23.6236 | time=6.2s
Epoch 249/250 | v_loss=-12.6762 | grad_v=5.8889 | E[|v|^2]=24.2551 | time=6.2s
Epoch 250/250 | v_loss=-11.7163 | grad_v=9.8237 | E[|v|^2]=23.5658 | time=6.2s
Saved metrics to results_exponent_tuning/poly_baseline/metrics.json
