[exponent-tuning] Using device: cuda
[exponent-tuning] Learning rate: 0.001
[exponent-tuning] Batch size: 1000
[exponent-tuning] Inner steps: 500
[exponent-tuning] Exponents p: [5.0, 1.0], q: [5.0, 1.0]
[exponent-tuning] Scheduler: cosine-warm-restarts
Starting training: poly_p5.0_p1.0
Exponents: p=[5.0, 1.0], q=[5.0, 1.0]
Using importance sampling with alpha=5.00
======================================================================
Epoch 1/250 | v_loss=-30.6365 | grad_v=23.4315 | E[|v|^2]=78.7416 | time=7.9s
Epoch 2/250 | v_loss=-30.3381 | grad_v=267.5889 | E[|v|^2]=82.1251 | time=7.1s
Epoch 3/250 | v_loss=-36.7688 | grad_v=43.0586 | E[|v|^2]=66.5702 | time=7.1s
Epoch 4/250 | v_loss=-35.3838 | grad_v=12.4999 | E[|v|^2]=69.7377 | time=7.1s
Epoch 5/250 | v_loss=-36.8680 | grad_v=75.6645 | E[|v|^2]=78.1507 | time=7.1s
Epoch 6/250 | v_loss=-34.2636 | grad_v=33.6945 | E[|v|^2]=71.1218 | time=7.1s
Epoch 7/250 | v_loss=-28.1815 | grad_v=21.1235 | E[|v|^2]=51.3894 | time=7.1s
Epoch 8/250 | v_loss=-30.8896 | grad_v=114.6422 | E[|v|^2]=75.7640 | time=7.1s
Epoch 9/250 | v_loss=-32.5583 | grad_v=105.1847 | E[|v|^2]=67.8197 | time=7.1s
Epoch 10/250 | v_loss=-27.8163 | grad_v=54.4488 | E[|v|^2]=62.7078 | time=7.1s
Epoch 11/250 | v_loss=-30.2335 | grad_v=48.2838 | E[|v|^2]=67.2709 | time=7.1s
Epoch 12/250 | v_loss=-39.9662 | grad_v=31.9148 | E[|v|^2]=70.8372 | time=7.1s
Epoch 13/250 | v_loss=-29.0470 | grad_v=44.3062 | E[|v|^2]=73.7728 | time=7.1s
Epoch 14/250 | v_loss=-33.3876 | grad_v=20.6896 | E[|v|^2]=64.9951 | time=7.1s
Epoch 15/250 | v_loss=-34.9117 | grad_v=14.2354 | E[|v|^2]=71.8443 | time=7.1s
Epoch 16/250 | v_loss=-32.6561 | grad_v=42.6859 | E[|v|^2]=60.3300 | time=7.1s
Epoch 17/250 | v_loss=-33.6987 | grad_v=35.5622 | E[|v|^2]=55.6022 | time=7.1s
Epoch 18/250 | v_loss=-34.0687 | grad_v=9.9263 | E[|v|^2]=73.0046 | time=7.1s
Epoch 19/250 | v_loss=-31.0207 | grad_v=30.0609 | E[|v|^2]=75.9278 | time=7.1s
Epoch 20/250 | v_loss=-40.0519 | grad_v=24.2415 | E[|v|^2]=69.8307 | time=7.1s
Epoch 21/250 | v_loss=-35.7397 | grad_v=89.2584 | E[|v|^2]=69.4966 | time=7.1s
Epoch 22/250 | v_loss=-31.5771 | grad_v=45.7849 | E[|v|^2]=68.6189 | time=7.1s
Epoch 23/250 | v_loss=-34.1742 | grad_v=30.5308 | E[|v|^2]=69.2812 | time=7.1s
Epoch 24/250 | v_loss=-30.4802 | grad_v=14.5327 | E[|v|^2]=63.7368 | time=7.1s
Epoch 25/250 | v_loss=-29.6278 | grad_v=55.1842 | E[|v|^2]=73.8445 | time=7.1s
Epoch 26/250 | v_loss=-31.2993 | grad_v=9.0687 | E[|v|^2]=71.5305 | time=7.1s
Epoch 27/250 | v_loss=-30.8166 | grad_v=10.7567 | E[|v|^2]=66.4663 | time=7.1s
Epoch 28/250 | v_loss=-30.5689 | grad_v=26.0242 | E[|v|^2]=73.9282 | time=7.1s
Epoch 29/250 | v_loss=-34.8762 | grad_v=52.5763 | E[|v|^2]=71.6446 | time=7.1s
Epoch 30/250 | v_loss=-29.9985 | grad_v=18.2880 | E[|v|^2]=73.4996 | time=7.1s
Epoch 31/250 | v_loss=-33.2239 | grad_v=8.7878 | E[|v|^2]=72.5571 | time=7.2s
Epoch 32/250 | v_loss=-35.0970 | grad_v=9.4723 | E[|v|^2]=65.7219 | time=7.2s
Epoch 33/250 | v_loss=-35.3588 | grad_v=15.0096 | E[|v|^2]=70.9533 | time=7.1s
Epoch 34/250 | v_loss=-39.4776 | grad_v=12.9354 | E[|v|^2]=74.6457 | time=7.1s
Epoch 35/250 | v_loss=-33.7991 | grad_v=34.1388 | E[|v|^2]=72.0216 | time=7.1s
Epoch 36/250 | v_loss=-33.5097 | grad_v=19.5754 | E[|v|^2]=72.7707 | time=7.1s
Epoch 37/250 | v_loss=-35.3291 | grad_v=37.3520 | E[|v|^2]=73.0047 | time=7.1s
Epoch 38/250 | v_loss=-33.5965 | grad_v=20.5725 | E[|v|^2]=72.6839 | time=7.1s
Epoch 39/250 | v_loss=-30.0014 | grad_v=31.1639 | E[|v|^2]=72.5213 | time=7.2s
Epoch 40/250 | v_loss=-32.1827 | grad_v=6.7290 | E[|v|^2]=72.8770 | time=7.1s
Epoch 41/250 | v_loss=-29.9532 | grad_v=21.1104 | E[|v|^2]=68.6943 | time=6.6s
Epoch 42/250 | v_loss=-32.9640 | grad_v=12.7657 | E[|v|^2]=70.3682 | time=6.6s
Epoch 43/250 | v_loss=-32.7696 | grad_v=9.5035 | E[|v|^2]=72.1988 | time=6.6s
Epoch 44/250 | v_loss=-32.6631 | grad_v=9.9171 | E[|v|^2]=70.9635 | time=6.6s
Epoch 45/250 | v_loss=-33.4319 | grad_v=16.9265 | E[|v|^2]=70.8712 | time=6.6s
Epoch 46/250 | v_loss=-32.7622 | grad_v=7.1700 | E[|v|^2]=71.5424 | time=6.6s
Epoch 47/250 | v_loss=-31.9696 | grad_v=6.6307 | E[|v|^2]=71.0321 | time=6.6s
Epoch 48/250 | v_loss=-35.8274 | grad_v=26.9792 | E[|v|^2]=70.7800 | time=6.6s
Epoch 49/250 | v_loss=-35.4292 | grad_v=17.5766 | E[|v|^2]=71.1190 | time=6.6s
Epoch 50/250 | v_loss=-34.3168 | grad_v=8.8272 | E[|v|^2]=71.6335 | time=6.6s
Epoch 51/250 | v_loss=-31.6939 | grad_v=15.6114 | E[|v|^2]=65.2340 | time=6.6s
Epoch 52/250 | v_loss=-33.0214 | grad_v=16.7631 | E[|v|^2]=75.8554 | time=6.6s
Epoch 53/250 | v_loss=-36.4653 | grad_v=22.8646 | E[|v|^2]=82.2332 | time=6.6s
Epoch 54/250 | v_loss=-31.7351 | grad_v=53.5006 | E[|v|^2]=71.6681 | time=6.6s
Epoch 55/250 | v_loss=-34.6844 | grad_v=18.0624 | E[|v|^2]=70.0767 | time=6.6s
Epoch 56/250 | v_loss=-28.8354 | grad_v=43.8910 | E[|v|^2]=71.1246 | time=6.6s
Epoch 57/250 | v_loss=-35.8738 | grad_v=33.8633 | E[|v|^2]=70.1082 | time=6.6s
Epoch 58/250 | v_loss=-30.9958 | grad_v=62.5692 | E[|v|^2]=74.8658 | time=6.6s
Epoch 59/250 | v_loss=-32.2379 | grad_v=33.6949 | E[|v|^2]=75.9579 | time=6.6s
Epoch 60/250 | v_loss=-38.0642 | grad_v=12.1790 | E[|v|^2]=76.4995 | time=6.5s
Epoch 61/250 | v_loss=-29.3396 | grad_v=30.2010 | E[|v|^2]=65.6840 | time=6.6s
Epoch 62/250 | v_loss=-34.7083 | grad_v=7.4894 | E[|v|^2]=75.6779 | time=6.6s
Epoch 63/250 | v_loss=-29.7475 | grad_v=63.6272 | E[|v|^2]=66.2573 | time=6.6s
Epoch 64/250 | v_loss=-31.4656 | grad_v=22.6357 | E[|v|^2]=71.4554 | time=6.6s
Epoch 65/250 | v_loss=-34.2698 | grad_v=30.3970 | E[|v|^2]=76.5363 | time=6.6s
Epoch 66/250 | v_loss=-34.0282 | grad_v=48.2229 | E[|v|^2]=64.7538 | time=6.6s
Epoch 67/250 | v_loss=-29.6932 | grad_v=27.1003 | E[|v|^2]=74.3684 | time=6.6s
Epoch 68/250 | v_loss=-27.7105 | grad_v=20.7290 | E[|v|^2]=68.3706 | time=6.6s
Epoch 69/250 | v_loss=-36.0750 | grad_v=18.0959 | E[|v|^2]=67.8006 | time=6.6s
Epoch 70/250 | v_loss=-32.7366 | grad_v=44.9623 | E[|v|^2]=65.0548 | time=6.6s
Epoch 71/250 | v_loss=-30.7140 | grad_v=15.2281 | E[|v|^2]=75.8238 | time=6.6s
Epoch 72/250 | v_loss=-35.3835 | grad_v=20.0765 | E[|v|^2]=67.3687 | time=6.6s
Epoch 73/250 | v_loss=-34.2771 | grad_v=37.8732 | E[|v|^2]=66.0910 | time=6.6s
Epoch 74/250 | v_loss=-32.9966 | grad_v=14.6241 | E[|v|^2]=75.9404 | time=6.6s
Epoch 75/250 | v_loss=-36.5762 | grad_v=53.8540 | E[|v|^2]=65.0335 | time=6.6s
Epoch 76/250 | v_loss=-28.9252 | grad_v=19.3678 | E[|v|^2]=68.8769 | time=6.6s
Epoch 77/250 | v_loss=-33.7094 | grad_v=33.3160 | E[|v|^2]=72.3808 | time=6.6s
Epoch 78/250 | v_loss=-30.2220 | grad_v=16.9917 | E[|v|^2]=68.9705 | time=6.6s
Epoch 79/250 | v_loss=-33.5956 | grad_v=22.0770 | E[|v|^2]=76.8062 | time=6.6s
Epoch 80/250 | v_loss=-31.5826 | grad_v=24.2374 | E[|v|^2]=74.4145 | time=6.6s
Epoch 81/250 | v_loss=-35.9664 | grad_v=19.9935 | E[|v|^2]=70.9762 | time=6.6s
Epoch 82/250 | v_loss=-35.4388 | grad_v=15.7984 | E[|v|^2]=75.1962 | time=6.6s
Epoch 83/250 | v_loss=-31.4742 | grad_v=15.2515 | E[|v|^2]=62.4570 | time=6.6s
Epoch 84/250 | v_loss=-34.1370 | grad_v=14.4141 | E[|v|^2]=64.4958 | time=6.6s
Epoch 85/250 | v_loss=-36.5442 | grad_v=23.6404 | E[|v|^2]=76.9326 | time=6.6s
Epoch 86/250 | v_loss=-37.0405 | grad_v=41.1680 | E[|v|^2]=69.2184 | time=6.6s
Epoch 87/250 | v_loss=-33.9152 | grad_v=60.9027 | E[|v|^2]=67.2842 | time=6.6s
Epoch 88/250 | v_loss=-31.5111 | grad_v=22.5641 | E[|v|^2]=72.6847 | time=6.6s
Epoch 89/250 | v_loss=-32.3944 | grad_v=27.3487 | E[|v|^2]=74.6489 | time=6.6s
Epoch 90/250 | v_loss=-35.5231 | grad_v=27.7527 | E[|v|^2]=69.3964 | time=6.6s
Epoch 91/250 | v_loss=-37.2764 | grad_v=30.5616 | E[|v|^2]=69.7085 | time=6.6s
Epoch 92/250 | v_loss=-32.1015 | grad_v=15.6061 | E[|v|^2]=74.7320 | time=6.6s
Epoch 93/250 | v_loss=-34.2642 | grad_v=17.0325 | E[|v|^2]=68.9723 | time=6.6s
Epoch 94/250 | v_loss=-35.7091 | grad_v=32.2558 | E[|v|^2]=66.4327 | time=6.6s
Epoch 95/250 | v_loss=-34.6025 | grad_v=23.8869 | E[|v|^2]=71.2142 | time=6.6s
Epoch 96/250 | v_loss=-31.0544 | grad_v=12.5515 | E[|v|^2]=71.2567 | time=6.6s
Epoch 97/250 | v_loss=-33.9568 | grad_v=12.6472 | E[|v|^2]=73.9794 | time=6.7s
Epoch 98/250 | v_loss=-32.9180 | grad_v=32.8110 | E[|v|^2]=67.2430 | time=6.7s
Epoch 99/250 | v_loss=-36.9143 | grad_v=16.4736 | E[|v|^2]=65.9436 | time=6.7s
Epoch 100/250 | v_loss=-57.9656 | grad_v=50.3155 | E[|v|^2]=73.4484 | time=6.7s
Epoch 101/250 | v_loss=-34.0009 | grad_v=33.2165 | E[|v|^2]=80.7076 | time=6.6s
Epoch 102/250 | v_loss=-31.0955 | grad_v=33.4497 | E[|v|^2]=70.3850 | time=6.6s
Epoch 103/250 | v_loss=-33.1154 | grad_v=10.7275 | E[|v|^2]=69.7896 | time=6.6s
Epoch 104/250 | v_loss=-33.2405 | grad_v=48.0095 | E[|v|^2]=69.6856 | time=6.6s
Epoch 105/250 | v_loss=-35.3770 | grad_v=28.2472 | E[|v|^2]=75.9806 | time=6.6s
Epoch 106/250 | v_loss=-36.6196 | grad_v=19.9474 | E[|v|^2]=66.9575 | time=6.6s
Epoch 107/250 | v_loss=-35.0553 | grad_v=4.7947 | E[|v|^2]=72.4080 | time=6.6s
Epoch 108/250 | v_loss=-32.3778 | grad_v=28.2170 | E[|v|^2]=70.9791 | time=6.6s
Epoch 109/250 | v_loss=-31.7793 | grad_v=34.6625 | E[|v|^2]=69.3638 | time=6.6s
Epoch 110/250 | v_loss=-30.4222 | grad_v=12.7879 | E[|v|^2]=73.8027 | time=6.6s
Epoch 111/250 | v_loss=-33.5541 | grad_v=14.0566 | E[|v|^2]=73.5441 | time=6.6s
Epoch 112/250 | v_loss=-33.3139 | grad_v=17.4604 | E[|v|^2]=71.4964 | time=6.6s
Epoch 113/250 | v_loss=-34.9784 | grad_v=14.1772 | E[|v|^2]=69.3185 | time=6.6s
Epoch 114/250 | v_loss=-34.5943 | grad_v=36.4253 | E[|v|^2]=69.3011 | time=6.6s
Epoch 115/250 | v_loss=-32.0374 | grad_v=9.8573 | E[|v|^2]=73.3204 | time=6.6s
Epoch 116/250 | v_loss=-31.4426 | grad_v=30.9918 | E[|v|^2]=70.8897 | time=6.6s
Epoch 117/250 | v_loss=-30.0064 | grad_v=10.1314 | E[|v|^2]=70.5460 | time=6.6s
Epoch 118/250 | v_loss=-31.7898 | grad_v=29.8361 | E[|v|^2]=71.3463 | time=6.6s
Epoch 119/250 | v_loss=-32.2307 | grad_v=26.2982 | E[|v|^2]=73.6213 | time=6.6s
Epoch 120/250 | v_loss=-35.5910 | grad_v=28.8234 | E[|v|^2]=74.7743 | time=6.6s
Epoch 121/250 | v_loss=-34.3719 | grad_v=27.6209 | E[|v|^2]=67.6002 | time=6.7s
Epoch 122/250 | v_loss=-36.7624 | grad_v=21.5157 | E[|v|^2]=73.9882 | time=6.7s
Epoch 123/250 | v_loss=-44.0757 | grad_v=26.0821 | E[|v|^2]=71.4351 | time=6.6s
Epoch 124/250 | v_loss=-31.2906 | grad_v=13.7819 | E[|v|^2]=69.6044 | time=6.6s
Epoch 125/250 | v_loss=-34.7212 | grad_v=19.4444 | E[|v|^2]=68.6543 | time=6.6s
Epoch 126/250 | v_loss=-35.7590 | grad_v=30.7629 | E[|v|^2]=73.9744 | time=6.6s
Epoch 127/250 | v_loss=-25.8591 | grad_v=31.1761 | E[|v|^2]=72.9569 | time=6.6s
Epoch 128/250 | v_loss=-28.5094 | grad_v=16.1465 | E[|v|^2]=69.8389 | time=6.6s
Epoch 129/250 | v_loss=-33.2824 | grad_v=13.2968 | E[|v|^2]=69.7151 | time=6.7s
Epoch 130/250 | v_loss=-27.5184 | grad_v=18.0687 | E[|v|^2]=69.7672 | time=6.7s
Epoch 131/250 | v_loss=-29.1957 | grad_v=13.3887 | E[|v|^2]=71.2118 | time=6.6s
Epoch 132/250 | v_loss=-37.2976 | grad_v=20.0529 | E[|v|^2]=70.9555 | time=6.6s
Epoch 133/250 | v_loss=-34.4089 | grad_v=15.8063 | E[|v|^2]=70.8383 | time=6.6s
Epoch 134/250 | v_loss=-32.1344 | grad_v=26.1291 | E[|v|^2]=71.2040 | time=6.6s
Epoch 135/250 | v_loss=-30.8462 | grad_v=26.6286 | E[|v|^2]=72.6082 | time=6.6s
Epoch 136/250 | v_loss=-31.3529 | grad_v=19.2148 | E[|v|^2]=72.1518 | time=6.6s
Epoch 137/250 | v_loss=-34.6906 | grad_v=10.2818 | E[|v|^2]=69.2405 | time=6.6s
Epoch 138/250 | v_loss=-30.5772 | grad_v=15.5081 | E[|v|^2]=70.8156 | time=6.6s
Epoch 139/250 | v_loss=-36.6373 | grad_v=21.2002 | E[|v|^2]=71.8046 | time=6.6s
Epoch 140/250 | v_loss=-32.9935 | grad_v=17.1877 | E[|v|^2]=70.7411 | time=6.6s
Epoch 141/250 | v_loss=-33.0842 | grad_v=11.0461 | E[|v|^2]=71.4060 | time=6.6s
Epoch 142/250 | v_loss=-38.8345 | grad_v=38.4191 | E[|v|^2]=71.9040 | time=6.6s
Epoch 143/250 | v_loss=-33.8504 | grad_v=8.5830 | E[|v|^2]=72.2307 | time=6.6s
Epoch 144/250 | v_loss=-35.2373 | grad_v=7.8652 | E[|v|^2]=70.4116 | time=6.6s
Epoch 145/250 | v_loss=-31.7129 | grad_v=19.8326 | E[|v|^2]=71.7483 | time=6.6s
Epoch 146/250 | v_loss=-34.4651 | grad_v=17.8304 | E[|v|^2]=70.3285 | time=6.6s
Epoch 147/250 | v_loss=-36.3287 | grad_v=15.1133 | E[|v|^2]=71.2273 | time=6.6s
Epoch 148/250 | v_loss=-34.4897 | grad_v=15.3145 | E[|v|^2]=71.1930 | time=6.6s
Epoch 149/250 | v_loss=-35.6475 | grad_v=15.4268 | E[|v|^2]=71.4978 | time=6.6s
Epoch 150/250 | v_loss=-34.7335 | grad_v=24.3304 | E[|v|^2]=71.2505 | time=6.6s
Epoch 151/250 | v_loss=-35.2928 | grad_v=18.1074 | E[|v|^2]=71.1942 | time=6.6s
Epoch 152/250 | v_loss=-32.8915 | grad_v=31.7922 | E[|v|^2]=69.7594 | time=6.6s
Epoch 153/250 | v_loss=-33.0142 | grad_v=28.4546 | E[|v|^2]=72.0111 | time=6.6s
Epoch 154/250 | v_loss=-28.8586 | grad_v=35.8222 | E[|v|^2]=63.2831 | time=6.6s
Epoch 155/250 | v_loss=-33.8288 | grad_v=53.3061 | E[|v|^2]=69.9781 | time=6.6s
Epoch 156/250 | v_loss=-35.5583 | grad_v=40.0664 | E[|v|^2]=61.8511 | time=6.6s
Epoch 157/250 | v_loss=-32.3384 | grad_v=48.6708 | E[|v|^2]=72.6840 | time=6.6s
Epoch 158/250 | v_loss=-33.0882 | grad_v=38.4084 | E[|v|^2]=64.2462 | time=6.6s
Epoch 159/250 | v_loss=-31.6575 | grad_v=80.5948 | E[|v|^2]=66.3809 | time=6.6s
Epoch 160/250 | v_loss=-32.7480 | grad_v=32.9514 | E[|v|^2]=69.6802 | time=6.6s
Epoch 161/250 | v_loss=-37.7783 | grad_v=124.2909 | E[|v|^2]=72.1747 | time=6.6s
Epoch 162/250 | v_loss=-28.3131 | grad_v=62.9852 | E[|v|^2]=72.3380 | time=6.6s
Epoch 163/250 | v_loss=-33.1697 | grad_v=54.2934 | E[|v|^2]=74.4841 | time=6.6s
Epoch 164/250 | v_loss=0.0303 | grad_v=0.4868 | E[|v|^2]=0.3362 | time=6.6s
Epoch 165/250 | v_loss=0.0857 | grad_v=0.5563 | E[|v|^2]=1.1643 | time=6.6s
Epoch 166/250 | v_loss=0.0594 | grad_v=0.4643 | E[|v|^2]=0.2388 | time=6.6s
Epoch 167/250 | v_loss=-0.0568 | grad_v=0.0349 | E[|v|^2]=8.3641 | time=6.6s
Epoch 168/250 | v_loss=0.1495 | grad_v=0.8225 | E[|v|^2]=0.0935 | time=6.6s
Epoch 169/250 | v_loss=0.0119 | grad_v=0.1887 | E[|v|^2]=1.7061 | time=6.6s
Epoch 170/250 | v_loss=-0.0364 | grad_v=0.1014 | E[|v|^2]=0.1028 | time=6.6s
Epoch 171/250 | v_loss=-0.3216 | grad_v=1.4586 | E[|v|^2]=2.0526 | time=6.6s
Epoch 172/250 | v_loss=0.0527 | grad_v=0.5994 | E[|v|^2]=0.0619 | time=6.6s
Epoch 173/250 | v_loss=0.0135 | grad_v=0.2631 | E[|v|^2]=0.0214 | time=6.6s
Epoch 174/250 | v_loss=-0.0154 | grad_v=0.2080 | E[|v|^2]=0.0119 | time=6.6s
Epoch 175/250 | v_loss=-0.1463 | grad_v=1.5427 | E[|v|^2]=0.0085 | time=6.6s
Epoch 176/250 | v_loss=0.0131 | grad_v=0.3024 | E[|v|^2]=0.0065 | time=6.6s
Epoch 177/250 | v_loss=0.0219 | grad_v=0.4021 | E[|v|^2]=0.0035 | time=6.6s
Epoch 178/250 | v_loss=0.0184 | grad_v=0.6769 | E[|v|^2]=0.0008 | time=6.6s
Epoch 179/250 | v_loss=0.0036 | grad_v=0.2833 | E[|v|^2]=0.0003 | time=6.6s
Epoch 180/250 | v_loss=0.0044 | grad_v=0.3016 | E[|v|^2]=0.0009 | time=6.6s
Epoch 181/250 | v_loss=-0.0285 | grad_v=0.9302 | E[|v|^2]=0.0009 | time=6.6s
Epoch 182/250 | v_loss=0.0001 | grad_v=0.0445 | E[|v|^2]=0.0000 | time=6.6s
Epoch 183/250 | v_loss=-0.0016 | grad_v=0.1804 | E[|v|^2]=0.0004 | time=6.6s
Epoch 184/250 | v_loss=-0.0009 | grad_v=0.1835 | E[|v|^2]=0.0000 | time=6.6s
Epoch 185/250 | v_loss=0.0014 | grad_v=0.2737 | E[|v|^2]=0.0000 | time=6.6s
Epoch 186/250 | v_loss=0.0021 | grad_v=0.5625 | E[|v|^2]=0.0000 | time=6.6s
Epoch 187/250 | v_loss=-0.0012 | grad_v=0.3933 | E[|v|^2]=0.0000 | time=6.6s
Epoch 188/250 | v_loss=-0.0044 | grad_v=0.7182 | E[|v|^2]=0.0000 | time=6.6s
Epoch 189/250 | v_loss=0.0005 | grad_v=0.3600 | E[|v|^2]=0.0001 | time=6.6s
Epoch 190/250 | v_loss=-0.0030 | grad_v=0.4304 | E[|v|^2]=0.0001 | time=6.6s
Epoch 191/250 | v_loss=0.0022 | grad_v=0.2221 | E[|v|^2]=0.0003 | time=6.6s
Epoch 192/250 | v_loss=0.0002 | grad_v=0.1751 | E[|v|^2]=0.0002 | time=6.6s
Epoch 193/250 | v_loss=-0.0160 | grad_v=0.7271 | E[|v|^2]=0.0005 | time=6.6s
Epoch 194/250 | v_loss=0.0077 | grad_v=0.3779 | E[|v|^2]=0.0008 | time=6.6s
Epoch 195/250 | v_loss=-0.0009 | grad_v=0.2792 | E[|v|^2]=0.0001 | time=6.6s
Epoch 196/250 | v_loss=0.0032 | grad_v=0.2113 | E[|v|^2]=0.0031 | time=6.6s
Epoch 197/250 | v_loss=0.0040 | grad_v=0.4011 | E[|v|^2]=0.0014 | time=6.6s
Epoch 198/250 | v_loss=0.0022 | grad_v=0.4133 | E[|v|^2]=0.0001 | time=6.6s
Epoch 199/250 | v_loss=0.0013 | grad_v=0.4332 | E[|v|^2]=0.0001 | time=6.6s
Epoch 200/250 | v_loss=-0.0051 | grad_v=0.3582 | E[|v|^2]=0.0002 | time=6.6s
Epoch 201/250 | v_loss=-0.0005 | grad_v=1.2088 | E[|v|^2]=0.0004 | time=6.6s
Epoch 202/250 | v_loss=0.0009 | grad_v=0.2250 | E[|v|^2]=0.0000 | time=6.6s
Epoch 203/250 | v_loss=0.0002 | grad_v=0.1424 | E[|v|^2]=0.0002 | time=6.6s
Epoch 204/250 | v_loss=0.0038 | grad_v=0.3356 | E[|v|^2]=0.0002 | time=6.6s
Epoch 205/250 | v_loss=0.0002 | grad_v=0.1775 | E[|v|^2]=0.0000 | time=6.6s
Epoch 206/250 | v_loss=-0.0132 | grad_v=0.3330 | E[|v|^2]=0.0015 | time=6.6s
Epoch 207/250 | v_loss=0.0120 | grad_v=0.3384 | E[|v|^2]=0.0016 | time=6.6s
Epoch 208/250 | v_loss=-0.0249 | grad_v=0.6005 | E[|v|^2]=0.0019 | time=6.6s
Epoch 209/250 | v_loss=0.0013 | grad_v=0.4698 | E[|v|^2]=0.0017 | time=6.6s
Epoch 210/250 | v_loss=0.0200 | grad_v=0.4487 | E[|v|^2]=0.0021 | time=6.6s
Epoch 211/250 | v_loss=-0.0143 | grad_v=0.4413 | E[|v|^2]=0.0012 | time=6.6s
Epoch 212/250 | v_loss=-0.0040 | grad_v=0.1970 | E[|v|^2]=0.0022 | time=6.6s
Epoch 213/250 | v_loss=0.0035 | grad_v=0.0983 | E[|v|^2]=0.0022 | time=6.6s
Epoch 214/250 | v_loss=0.0052 | grad_v=0.1701 | E[|v|^2]=0.0012 | time=6.6s
Epoch 215/250 | v_loss=0.0000 | grad_v=0.2894 | E[|v|^2]=0.0001 | time=6.6s
Epoch 216/250 | v_loss=0.0050 | grad_v=0.6966 | E[|v|^2]=0.0005 | time=6.6s
Epoch 217/250 | v_loss=0.0024 | grad_v=0.1743 | E[|v|^2]=0.0007 | time=6.6s
Epoch 218/250 | v_loss=0.0011 | grad_v=0.1213 | E[|v|^2]=0.0032 | time=6.6s
Epoch 219/250 | v_loss=0.0027 | grad_v=0.3861 | E[|v|^2]=0.0004 | time=6.6s
Epoch 220/250 | v_loss=-0.0008 | grad_v=0.1346 | E[|v|^2]=0.0001 | time=6.6s
Epoch 221/250 | v_loss=-0.0018 | grad_v=0.2476 | E[|v|^2]=0.0001 | time=6.6s
Epoch 222/250 | v_loss=-0.0034 | grad_v=0.8743 | E[|v|^2]=0.0000 | time=6.6s
Epoch 223/250 | v_loss=-0.0923 | grad_v=2.6738 | E[|v|^2]=0.0014 | time=6.6s
Epoch 224/250 | v_loss=-0.0073 | grad_v=0.4897 | E[|v|^2]=0.0005 | time=6.6s
Epoch 225/250 | v_loss=-0.0153 | grad_v=0.4691 | E[|v|^2]=0.0010 | time=6.6s
Epoch 226/250 | v_loss=-0.0166 | grad_v=0.4821 | E[|v|^2]=0.0014 | time=6.6s
Epoch 227/250 | v_loss=0.0365 | grad_v=1.1754 | E[|v|^2]=0.0010 | time=6.6s
Epoch 228/250 | v_loss=0.0061 | grad_v=0.2929 | E[|v|^2]=0.0010 | time=6.6s
Epoch 229/250 | v_loss=0.0021 | grad_v=0.1899 | E[|v|^2]=0.0010 | time=6.6s
Epoch 230/250 | v_loss=0.0005 | grad_v=0.2016 | E[|v|^2]=0.0007 | time=6.6s
Epoch 231/250 | v_loss=-0.0038 | grad_v=0.0931 | E[|v|^2]=0.0013 | time=6.6s
Epoch 232/250 | v_loss=0.0605 | grad_v=3.3219 | E[|v|^2]=0.0004 | time=6.6s
Epoch 233/250 | v_loss=-0.0006 | grad_v=0.1495 | E[|v|^2]=0.0006 | time=6.6s
Epoch 234/250 | v_loss=-0.0031 | grad_v=1.0332 | E[|v|^2]=0.0001 | time=6.6s
Epoch 235/250 | v_loss=-0.0022 | grad_v=0.2251 | E[|v|^2]=0.0036 | time=6.6s
Epoch 236/250 | v_loss=0.0651 | grad_v=4.5106 | E[|v|^2]=0.0003 | time=6.6s
Epoch 237/250 | v_loss=-0.0018 | grad_v=0.1696 | E[|v|^2]=0.0002 | time=6.6s
Epoch 238/250 | v_loss=0.0077 | grad_v=0.3815 | E[|v|^2]=0.0004 | time=6.6s
Epoch 239/250 | v_loss=-0.0218 | grad_v=0.6699 | E[|v|^2]=0.0010 | time=6.6s
Epoch 240/250 | v_loss=0.0035 | grad_v=0.2587 | E[|v|^2]=0.0008 | time=6.6s
Epoch 241/250 | v_loss=-0.0014 | grad_v=0.1713 | E[|v|^2]=0.0010 | time=6.6s
Epoch 242/250 | v_loss=-0.0073 | grad_v=0.4349 | E[|v|^2]=0.0009 | time=6.6s
Epoch 243/250 | v_loss=0.0133 | grad_v=0.5005 | E[|v|^2]=0.0008 | time=6.6s
Epoch 244/250 | v_loss=0.0605 | grad_v=3.4650 | E[|v|^2]=0.0003 | time=6.6s
Epoch 245/250 | v_loss=-0.0031 | grad_v=0.1852 | E[|v|^2]=0.0003 | time=6.6s
Epoch 246/250 | v_loss=0.0121 | grad_v=0.6247 | E[|v|^2]=0.0005 | time=6.6s
Epoch 247/250 | v_loss=-0.0020 | grad_v=0.3863 | E[|v|^2]=0.0001 | time=6.6s
Epoch 248/250 | v_loss=0.0037 | grad_v=0.2286 | E[|v|^2]=0.0006 | time=6.6s
Epoch 249/250 | v_loss=-0.0017 | grad_v=0.0894 | E[|v|^2]=0.0003 | time=6.6s
Epoch 250/250 | v_loss=0.0012 | grad_v=0.4044 | E[|v|^2]=0.0001 | time=6.6s
Saved metrics to results_exponent_tuning/poly_p5.0_p1.0/metrics.json
