[multivariate-tuning] Using device: cuda
[multivariate-tuning] Learning rate: 1e-05
[multivariate-tuning] Exponents p: [1.0, 0.5], q: [1.0, 0.5]
Saved interpolant trajectories to results_multivariate_sweep/lr1e-5_p1.0_0.5_q1.0_0.5/multivariate_trajectories.png
Epoch 1/500 | v_loss=-9.5819 | grad_v=5.2013 | E[|v|^2]=17.5180 | time=3.9s
Epoch 2/500 | v_loss=-9.4335 | grad_v=38.4515 | E[|v|^2]=20.3257 | time=3.6s
Epoch 3/500 | v_loss=-11.5053 | grad_v=15.1952 | E[|v|^2]=22.7159 | time=3.6s
Epoch 4/500 | v_loss=-12.9169 | grad_v=17.0412 | E[|v|^2]=24.5108 | time=3.6s
Epoch 5/500 | v_loss=-11.4299 | grad_v=23.5072 | E[|v|^2]=23.8764 | time=3.6s
Epoch 6/500 | v_loss=-11.6613 | grad_v=49.1931 | E[|v|^2]=24.7978 | time=3.6s
Epoch 7/500 | v_loss=-14.3199 | grad_v=95.0160 | E[|v|^2]=26.1456 | time=3.6s
Epoch 8/500 | v_loss=-12.0108 | grad_v=160.3830 | E[|v|^2]=25.5438 | time=3.6s
Epoch 9/500 | v_loss=-12.5441 | grad_v=30.1727 | E[|v|^2]=25.4890 | time=3.6s
Epoch 10/500 | v_loss=-13.3518 | grad_v=76.9782 | E[|v|^2]=25.0650 | time=3.6s
Epoch 11/500 | v_loss=-13.4674 | grad_v=61.0988 | E[|v|^2]=28.0691 | time=3.6s
Epoch 12/500 | v_loss=-14.5426 | grad_v=79.1869 | E[|v|^2]=25.2444 | time=3.6s
Epoch 13/500 | v_loss=-12.4281 | grad_v=99.4791 | E[|v|^2]=27.9145 | time=3.6s
Epoch 14/500 | v_loss=-12.8900 | grad_v=146.8466 | E[|v|^2]=25.7223 | time=3.6s
Epoch 15/500 | v_loss=-11.6043 | grad_v=168.8150 | E[|v|^2]=27.4909 | time=3.6s
Epoch 16/500 | v_loss=-15.0037 | grad_v=79.9685 | E[|v|^2]=27.1837 | time=3.6s
Epoch 17/500 | v_loss=-12.0978 | grad_v=87.9190 | E[|v|^2]=25.3942 | time=3.6s
Epoch 18/500 | v_loss=-17.2586 | grad_v=392.1164 | E[|v|^2]=28.8937 | time=3.6s
Epoch 19/500 | v_loss=-11.8234 | grad_v=102.8055 | E[|v|^2]=26.7062 | time=3.6s
Epoch 20/500 | v_loss=-12.6831 | grad_v=52.4449 | E[|v|^2]=27.9870 | time=3.6s
Epoch 21/500 | v_loss=-12.2827 | grad_v=159.7927 | E[|v|^2]=27.6612 | time=3.6s
Epoch 22/500 | v_loss=-15.9322 | grad_v=171.2049 | E[|v|^2]=27.5206 | time=3.6s
Epoch 23/500 | v_loss=-13.6965 | grad_v=216.3576 | E[|v|^2]=27.6693 | time=3.6s
Epoch 24/500 | v_loss=-11.6623 | grad_v=198.8600 | E[|v|^2]=26.7428 | time=3.6s
Epoch 25/500 | v_loss=-11.6925 | grad_v=132.3715 | E[|v|^2]=26.5045 | time=3.6s
Epoch 26/500 | v_loss=-16.0765 | grad_v=195.9802 | E[|v|^2]=28.0452 | time=3.6s
Epoch 27/500 | v_loss=-16.4400 | grad_v=78.9175 | E[|v|^2]=28.2270 | time=3.6s
Epoch 28/500 | v_loss=-14.0943 | grad_v=78.4065 | E[|v|^2]=27.9072 | time=3.6s
Epoch 29/500 | v_loss=-14.0747 | grad_v=85.5266 | E[|v|^2]=26.0767 | time=3.6s
Epoch 30/500 | v_loss=-13.7497 | grad_v=83.6898 | E[|v|^2]=26.2421 | time=3.6s
Epoch 31/500 | v_loss=-13.5141 | grad_v=390.8384 | E[|v|^2]=32.5303 | time=3.6s
Epoch 32/500 | v_loss=-13.2662 | grad_v=62.4819 | E[|v|^2]=27.1943 | time=3.6s
Epoch 33/500 | v_loss=-15.1179 | grad_v=84.5685 | E[|v|^2]=26.9936 | time=3.6s
Epoch 34/500 | v_loss=-13.3868 | grad_v=174.5590 | E[|v|^2]=26.6594 | time=3.6s
Epoch 35/500 | v_loss=-14.3989 | grad_v=171.3578 | E[|v|^2]=27.4694 | time=3.6s
Epoch 36/500 | v_loss=-14.4814 | grad_v=134.6868 | E[|v|^2]=31.6106 | time=3.6s
Epoch 37/500 | v_loss=-12.1516 | grad_v=234.8604 | E[|v|^2]=30.2890 | time=3.6s
Epoch 38/500 | v_loss=-12.9971 | grad_v=102.3818 | E[|v|^2]=26.6696 | time=3.6s
Epoch 39/500 | v_loss=-13.2803 | grad_v=77.8248 | E[|v|^2]=25.8266 | time=3.6s
Epoch 40/500 | v_loss=-14.8058 | grad_v=189.1487 | E[|v|^2]=25.4563 | time=3.6s
Epoch 41/500 | v_loss=-15.4393 | grad_v=126.6505 | E[|v|^2]=27.5422 | time=3.6s
Epoch 42/500 | v_loss=-14.5654 | grad_v=87.9535 | E[|v|^2]=28.4358 | time=3.6s
Epoch 43/500 | v_loss=-12.0616 | grad_v=167.9475 | E[|v|^2]=25.3572 | time=3.6s
Epoch 44/500 | v_loss=-14.3330 | grad_v=103.4276 | E[|v|^2]=25.9758 | time=3.6s
Epoch 45/500 | v_loss=-11.1062 | grad_v=143.4436 | E[|v|^2]=25.9420 | time=3.6s
Epoch 46/500 | v_loss=-13.3100 | grad_v=334.3486 | E[|v|^2]=26.2222 | time=3.6s
Epoch 47/500 | v_loss=-13.0299 | grad_v=116.3391 | E[|v|^2]=25.9669 | time=3.6s
Epoch 48/500 | v_loss=-11.9741 | grad_v=178.0403 | E[|v|^2]=25.3812 | time=3.6s
Epoch 49/500 | v_loss=-13.4501 | grad_v=88.1990 | E[|v|^2]=26.2645 | time=3.6s
Epoch 50/500 | v_loss=-12.6470 | grad_v=50.2176 | E[|v|^2]=27.8040 | time=3.6s
Epoch 51/500 | v_loss=-13.0418 | grad_v=213.4345 | E[|v|^2]=28.3611 | time=3.6s
Epoch 52/500 | v_loss=-10.2822 | grad_v=234.5436 | E[|v|^2]=26.9220 | time=3.6s
Epoch 53/500 | v_loss=-14.8335 | grad_v=97.4612 | E[|v|^2]=25.6309 | time=3.6s
Epoch 54/500 | v_loss=-12.9499 | grad_v=55.8496 | E[|v|^2]=26.4542 | time=3.6s
Epoch 55/500 | v_loss=-13.3783 | grad_v=128.8584 | E[|v|^2]=26.6725 | time=3.6s
Epoch 56/500 | v_loss=-14.2908 | grad_v=138.0835 | E[|v|^2]=26.9615 | time=3.6s
Epoch 57/500 | v_loss=-14.0780 | grad_v=427.4930 | E[|v|^2]=27.8635 | time=3.6s
Epoch 58/500 | v_loss=-13.5215 | grad_v=177.1390 | E[|v|^2]=28.8695 | time=3.6s
Epoch 59/500 | v_loss=-14.7749 | grad_v=89.1834 | E[|v|^2]=26.7836 | time=3.6s
Epoch 60/500 | v_loss=-16.0507 | grad_v=288.7337 | E[|v|^2]=28.5780 | time=3.6s
Epoch 61/500 | v_loss=-13.3592 | grad_v=190.6069 | E[|v|^2]=28.4102 | time=3.6s
Epoch 62/500 | v_loss=-9.0190 | grad_v=500.4898 | E[|v|^2]=27.4204 | time=3.6s
Epoch 63/500 | v_loss=-13.6263 | grad_v=95.1698 | E[|v|^2]=27.1973 | time=3.6s
Epoch 64/500 | v_loss=-12.7470 | grad_v=284.9228 | E[|v|^2]=27.3503 | time=3.6s
Epoch 65/500 | v_loss=-12.4185 | grad_v=114.4608 | E[|v|^2]=26.1068 | time=3.6s
Epoch 66/500 | v_loss=-14.4266 | grad_v=171.0948 | E[|v|^2]=28.5727 | time=3.6s
Epoch 67/500 | v_loss=-11.6888 | grad_v=499.1971 | E[|v|^2]=26.8865 | time=3.6s
Epoch 68/500 | v_loss=-13.0294 | grad_v=172.2848 | E[|v|^2]=25.9219 | time=3.6s
Epoch 69/500 | v_loss=-15.0723 | grad_v=370.0084 | E[|v|^2]=26.8041 | time=3.6s
Epoch 70/500 | v_loss=-14.2602 | grad_v=243.2369 | E[|v|^2]=26.9223 | time=3.6s
Epoch 71/500 | v_loss=-13.2673 | grad_v=385.3812 | E[|v|^2]=30.7112 | time=3.6s
Epoch 72/500 | v_loss=-11.9369 | grad_v=125.6326 | E[|v|^2]=25.6099 | time=3.6s
Epoch 73/500 | v_loss=-16.1751 | grad_v=225.7292 | E[|v|^2]=28.4829 | time=3.6s
Epoch 74/500 | v_loss=-16.1068 | grad_v=246.9117 | E[|v|^2]=28.9754 | time=3.6s
Epoch 75/500 | v_loss=-12.3479 | grad_v=233.3329 | E[|v|^2]=28.6729 | time=3.6s
Epoch 76/500 | v_loss=-11.2465 | grad_v=84.2536 | E[|v|^2]=25.7376 | time=3.6s
Epoch 77/500 | v_loss=-11.8263 | grad_v=302.1024 | E[|v|^2]=27.4058 | time=3.6s
Epoch 78/500 | v_loss=-12.8122 | grad_v=166.9633 | E[|v|^2]=28.2017 | time=3.6s
Epoch 79/500 | v_loss=-14.1136 | grad_v=135.7272 | E[|v|^2]=27.1955 | time=3.6s
Epoch 80/500 | v_loss=-13.7570 | grad_v=86.7136 | E[|v|^2]=27.1699 | time=3.6s
Epoch 81/500 | v_loss=-14.0259 | grad_v=176.8131 | E[|v|^2]=28.4670 | time=3.6s
Epoch 82/500 | v_loss=-14.1528 | grad_v=362.4116 | E[|v|^2]=26.7392 | time=3.6s
Epoch 83/500 | v_loss=-13.0668 | grad_v=32.3594 | E[|v|^2]=27.7097 | time=3.6s
Epoch 84/500 | v_loss=-15.5286 | grad_v=301.7703 | E[|v|^2]=25.9060 | time=3.6s
Epoch 85/500 | v_loss=-11.8887 | grad_v=167.6437 | E[|v|^2]=26.5186 | time=3.6s
Epoch 86/500 | v_loss=-11.8208 | grad_v=159.8700 | E[|v|^2]=28.8515 | time=3.6s
Epoch 87/500 | v_loss=-11.8495 | grad_v=354.0028 | E[|v|^2]=26.4141 | time=3.6s
Epoch 88/500 | v_loss=-11.6544 | grad_v=271.3403 | E[|v|^2]=25.8698 | time=3.6s
Epoch 89/500 | v_loss=-12.7026 | grad_v=72.0797 | E[|v|^2]=25.5539 | time=3.6s
Epoch 90/500 | v_loss=-17.7938 | grad_v=941.5557 | E[|v|^2]=30.2516 | time=3.6s
Epoch 91/500 | v_loss=-14.1849 | grad_v=219.0150 | E[|v|^2]=29.4540 | time=3.6s
Epoch 92/500 | v_loss=-16.9303 | grad_v=437.0333 | E[|v|^2]=28.0610 | time=3.6s
Epoch 93/500 | v_loss=-12.5034 | grad_v=208.9802 | E[|v|^2]=28.8825 | time=3.6s
Epoch 94/500 | v_loss=-13.2030 | grad_v=190.0192 | E[|v|^2]=30.5685 | time=3.6s
Epoch 95/500 | v_loss=-12.3442 | grad_v=264.5896 | E[|v|^2]=27.2340 | time=3.6s
Epoch 96/500 | v_loss=-13.2542 | grad_v=366.6258 | E[|v|^2]=27.3463 | time=3.6s
Epoch 97/500 | v_loss=-13.0890 | grad_v=371.7548 | E[|v|^2]=27.6862 | time=3.6s
Epoch 98/500 | v_loss=-14.3631 | grad_v=122.8844 | E[|v|^2]=28.5226 | time=3.6s
Epoch 99/500 | v_loss=-14.6277 | grad_v=102.6692 | E[|v|^2]=26.7975 | time=3.6s
Epoch 100/500 | v_loss=-14.4805 | grad_v=202.8858 | E[|v|^2]=27.4680 | time=3.6s
Epoch 101/500 | v_loss=-13.9088 | grad_v=348.3584 | E[|v|^2]=27.5868 | time=3.6s
Epoch 102/500 | v_loss=-12.9574 | grad_v=434.6196 | E[|v|^2]=29.6609 | time=3.6s
Epoch 103/500 | v_loss=-12.7587 | grad_v=98.1672 | E[|v|^2]=25.4215 | time=3.6s
Epoch 104/500 | v_loss=-12.8161 | grad_v=250.9587 | E[|v|^2]=25.9141 | time=3.6s
Epoch 105/500 | v_loss=-13.8392 | grad_v=69.5017 | E[|v|^2]=29.0991 | time=3.6s
Epoch 106/500 | v_loss=-14.2107 | grad_v=657.7689 | E[|v|^2]=29.8243 | time=3.6s
Epoch 107/500 | v_loss=-11.0124 | grad_v=598.1787 | E[|v|^2]=25.8862 | time=3.6s
Epoch 108/500 | v_loss=-14.2764 | grad_v=268.3090 | E[|v|^2]=29.5709 | time=3.6s
Epoch 109/500 | v_loss=-12.3707 | grad_v=255.4221 | E[|v|^2]=29.0088 | time=3.6s
Epoch 110/500 | v_loss=-12.4868 | grad_v=752.0169 | E[|v|^2]=27.2694 | time=3.6s
Epoch 111/500 | v_loss=-16.6930 | grad_v=193.4260 | E[|v|^2]=28.6259 | time=3.6s
Epoch 112/500 | v_loss=-17.3551 | grad_v=1520.4162 | E[|v|^2]=28.6734 | time=3.6s
Epoch 113/500 | v_loss=-15.0250 | grad_v=354.0872 | E[|v|^2]=27.2585 | time=3.6s
Epoch 114/500 | v_loss=-15.4143 | grad_v=706.1168 | E[|v|^2]=31.1433 | time=3.6s
Epoch 115/500 | v_loss=-14.2671 | grad_v=655.4521 | E[|v|^2]=28.3193 | time=3.6s
Epoch 116/500 | v_loss=-14.0246 | grad_v=195.0749 | E[|v|^2]=27.8689 | time=3.6s
Epoch 117/500 | v_loss=-12.1655 | grad_v=74.8262 | E[|v|^2]=27.9621 | time=3.6s
Epoch 118/500 | v_loss=-13.9763 | grad_v=134.0413 | E[|v|^2]=28.4745 | time=3.6s
Epoch 119/500 | v_loss=-11.2894 | grad_v=458.5696 | E[|v|^2]=27.7928 | time=3.6s
Epoch 120/500 | v_loss=-12.3104 | grad_v=281.8060 | E[|v|^2]=25.5625 | time=3.6s
Epoch 121/500 | v_loss=-14.8698 | grad_v=231.0573 | E[|v|^2]=28.4792 | time=3.6s
Epoch 122/500 | v_loss=-13.2360 | grad_v=83.5202 | E[|v|^2]=27.6717 | time=3.6s
Epoch 123/500 | v_loss=-14.0825 | grad_v=258.5967 | E[|v|^2]=26.7909 | time=3.6s
Epoch 124/500 | v_loss=-14.2823 | grad_v=369.8252 | E[|v|^2]=29.6785 | time=3.6s
Epoch 125/500 | v_loss=-14.3837 | grad_v=251.5610 | E[|v|^2]=27.5156 | time=3.6s
Epoch 126/500 | v_loss=-13.2111 | grad_v=240.6384 | E[|v|^2]=29.8558 | time=3.6s
Epoch 127/500 | v_loss=-13.9742 | grad_v=249.1586 | E[|v|^2]=27.9625 | time=3.6s
Epoch 128/500 | v_loss=-13.5314 | grad_v=253.2393 | E[|v|^2]=27.6080 | time=3.6s
Epoch 129/500 | v_loss=-14.7677 | grad_v=71.8579 | E[|v|^2]=27.1199 | time=3.6s
Epoch 130/500 | v_loss=-14.8282 | grad_v=175.9506 | E[|v|^2]=27.4411 | time=3.6s
Epoch 131/500 | v_loss=-13.8473 | grad_v=274.5802 | E[|v|^2]=27.4840 | time=3.6s
Epoch 132/500 | v_loss=-14.7214 | grad_v=283.3179 | E[|v|^2]=26.6139 | time=3.6s
Epoch 133/500 | v_loss=-12.9338 | grad_v=107.9174 | E[|v|^2]=27.3108 | time=3.6s
Epoch 134/500 | v_loss=-16.5127 | grad_v=854.1040 | E[|v|^2]=27.1863 | time=3.6s
Epoch 135/500 | v_loss=-12.9678 | grad_v=28.0358 | E[|v|^2]=29.3724 | time=3.6s
Epoch 136/500 | v_loss=-11.9535 | grad_v=768.8021 | E[|v|^2]=26.4959 | time=3.6s
Epoch 137/500 | v_loss=-11.5941 | grad_v=413.1231 | E[|v|^2]=28.0345 | time=3.6s
Epoch 138/500 | v_loss=-13.3945 | grad_v=135.9929 | E[|v|^2]=26.7061 | time=3.6s
Epoch 139/500 | v_loss=-12.4340 | grad_v=49.2916 | E[|v|^2]=27.3644 | time=3.6s
Epoch 140/500 | v_loss=-11.7179 | grad_v=354.6558 | E[|v|^2]=26.4715 | time=3.6s
Epoch 141/500 | v_loss=-11.5342 | grad_v=718.8224 | E[|v|^2]=28.8726 | time=3.6s
Epoch 142/500 | v_loss=-15.0306 | grad_v=116.0881 | E[|v|^2]=27.7532 | time=3.6s
Epoch 143/500 | v_loss=-11.6644 | grad_v=144.3905 | E[|v|^2]=26.2474 | time=3.6s
Epoch 144/500 | v_loss=-12.2640 | grad_v=83.3421 | E[|v|^2]=28.2188 | time=3.6s
Epoch 145/500 | v_loss=-11.5725 | grad_v=61.8873 | E[|v|^2]=27.6388 | time=3.6s
Epoch 146/500 | v_loss=-13.2850 | grad_v=55.9763 | E[|v|^2]=29.8555 | time=3.6s
Epoch 147/500 | v_loss=-13.2710 | grad_v=213.7330 | E[|v|^2]=30.0908 | time=3.6s
Epoch 148/500 | v_loss=-13.1830 | grad_v=922.6752 | E[|v|^2]=28.7224 | time=3.6s
Epoch 149/500 | v_loss=-17.0197 | grad_v=396.1153 | E[|v|^2]=26.9292 | time=3.6s
Epoch 150/500 | v_loss=-13.0568 | grad_v=165.0660 | E[|v|^2]=28.1478 | time=3.6s
Epoch 151/500 | v_loss=-12.7165 | grad_v=56.5056 | E[|v|^2]=27.2583 | time=3.6s
Epoch 152/500 | v_loss=-16.4102 | grad_v=160.2717 | E[|v|^2]=29.6807 | time=3.6s
Epoch 153/500 | v_loss=-10.9991 | grad_v=138.5319 | E[|v|^2]=28.6462 | time=3.6s
Epoch 154/500 | v_loss=-13.9618 | grad_v=226.5660 | E[|v|^2]=26.8755 | time=3.6s
Epoch 155/500 | v_loss=-16.6224 | grad_v=489.5492 | E[|v|^2]=28.3585 | time=3.6s
Epoch 156/500 | v_loss=-14.4201 | grad_v=319.2239 | E[|v|^2]=27.1346 | time=3.6s
Epoch 157/500 | v_loss=-14.0260 | grad_v=224.4019 | E[|v|^2]=27.2425 | time=3.6s
Epoch 158/500 | v_loss=-13.7713 | grad_v=100.6494 | E[|v|^2]=26.5180 | time=3.6s
Epoch 159/500 | v_loss=-13.0298 | grad_v=90.9689 | E[|v|^2]=27.7911 | time=3.6s
Epoch 160/500 | v_loss=-15.1387 | grad_v=174.4728 | E[|v|^2]=29.1772 | time=3.6s
Epoch 161/500 | v_loss=-12.0207 | grad_v=416.9592 | E[|v|^2]=29.5752 | time=3.6s
Epoch 162/500 | v_loss=-16.6027 | grad_v=824.4112 | E[|v|^2]=28.1995 | time=3.6s
Epoch 163/500 | v_loss=-13.7415 | grad_v=689.4971 | E[|v|^2]=28.5650 | time=3.6s
Epoch 164/500 | v_loss=-15.3372 | grad_v=324.8764 | E[|v|^2]=28.8360 | time=3.6s
Epoch 165/500 | v_loss=-11.2494 | grad_v=435.7891 | E[|v|^2]=28.3330 | time=3.6s
Epoch 166/500 | v_loss=-13.5653 | grad_v=311.6511 | E[|v|^2]=25.8784 | time=3.6s
Epoch 167/500 | v_loss=-15.8172 | grad_v=292.0397 | E[|v|^2]=26.9371 | time=3.6s
Epoch 168/500 | v_loss=-12.6681 | grad_v=128.1779 | E[|v|^2]=27.0233 | time=3.6s
Epoch 169/500 | v_loss=-12.6717 | grad_v=71.5872 | E[|v|^2]=27.7103 | time=3.6s
Epoch 170/500 | v_loss=-14.1321 | grad_v=285.3811 | E[|v|^2]=27.2457 | time=3.6s
Epoch 171/500 | v_loss=-13.9721 | grad_v=163.3835 | E[|v|^2]=28.9875 | time=3.6s
Epoch 172/500 | v_loss=-16.2390 | grad_v=499.7229 | E[|v|^2]=28.3961 | time=3.6s
Epoch 173/500 | v_loss=-11.9863 | grad_v=287.8940 | E[|v|^2]=30.1751 | time=3.6s
Epoch 174/500 | v_loss=-12.3447 | grad_v=149.5883 | E[|v|^2]=29.0945 | time=3.6s
Epoch 175/500 | v_loss=-13.5720 | grad_v=305.1811 | E[|v|^2]=26.8918 | time=3.6s
Epoch 176/500 | v_loss=-14.8570 | grad_v=194.5881 | E[|v|^2]=29.1728 | time=3.6s
Epoch 177/500 | v_loss=-13.9813 | grad_v=201.5233 | E[|v|^2]=27.0424 | time=3.6s
Epoch 178/500 | v_loss=-14.8270 | grad_v=247.3439 | E[|v|^2]=28.8910 | time=3.6s
Epoch 179/500 | v_loss=-13.0797 | grad_v=196.1752 | E[|v|^2]=28.6048 | time=3.6s
Epoch 180/500 | v_loss=-14.4752 | grad_v=126.9903 | E[|v|^2]=28.6548 | time=3.6s
Epoch 181/500 | v_loss=-11.8739 | grad_v=770.5953 | E[|v|^2]=29.3877 | time=3.6s
Epoch 182/500 | v_loss=-13.1634 | grad_v=208.9670 | E[|v|^2]=30.4112 | time=3.6s
Epoch 183/500 | v_loss=-15.0278 | grad_v=595.5410 | E[|v|^2]=28.0520 | time=3.6s
Epoch 184/500 | v_loss=-13.6933 | grad_v=266.3695 | E[|v|^2]=28.0458 | time=3.6s
Epoch 185/500 | v_loss=-13.4677 | grad_v=154.8208 | E[|v|^2]=28.0264 | time=3.6s
Epoch 186/500 | v_loss=-12.8739 | grad_v=385.9597 | E[|v|^2]=27.6253 | time=3.6s
Epoch 187/500 | v_loss=-17.4823 | grad_v=1117.1301 | E[|v|^2]=27.9594 | time=3.6s
Epoch 188/500 | v_loss=-12.4663 | grad_v=150.2741 | E[|v|^2]=27.5189 | time=3.6s
Epoch 189/500 | v_loss=-13.0442 | grad_v=138.5996 | E[|v|^2]=28.1847 | time=3.6s
Epoch 190/500 | v_loss=-13.2228 | grad_v=299.2346 | E[|v|^2]=26.9612 | time=3.6s
Epoch 191/500 | v_loss=-14.3271 | grad_v=332.8218 | E[|v|^2]=29.8378 | time=3.6s
Epoch 192/500 | v_loss=-14.8359 | grad_v=411.5425 | E[|v|^2]=27.6099 | time=3.6s
Epoch 193/500 | v_loss=-12.7426 | grad_v=150.9840 | E[|v|^2]=27.8209 | time=3.6s
Epoch 194/500 | v_loss=-11.3104 | grad_v=388.4976 | E[|v|^2]=30.8992 | time=3.6s
Epoch 195/500 | v_loss=-12.1917 | grad_v=378.0329 | E[|v|^2]=27.9642 | time=3.6s
Epoch 196/500 | v_loss=-13.0136 | grad_v=393.3186 | E[|v|^2]=27.9733 | time=3.6s
Epoch 197/500 | v_loss=-13.2554 | grad_v=360.1119 | E[|v|^2]=30.5716 | time=3.6s
Epoch 198/500 | v_loss=-13.8769 | grad_v=191.9746 | E[|v|^2]=27.0026 | time=3.6s
Epoch 199/500 | v_loss=-16.3348 | grad_v=1378.8424 | E[|v|^2]=29.1287 | time=3.6s
Epoch 200/500 | v_loss=-13.2319 | grad_v=482.3423 | E[|v|^2]=28.5894 | time=3.6s
Epoch 201/500 | v_loss=-13.6608 | grad_v=259.0445 | E[|v|^2]=28.7908 | time=3.6s
Epoch 202/500 | v_loss=-10.5572 | grad_v=1962.2693 | E[|v|^2]=28.6367 | time=3.6s
Epoch 203/500 | v_loss=-14.9890 | grad_v=255.3538 | E[|v|^2]=26.7724 | time=3.6s
Epoch 204/500 | v_loss=-11.6364 | grad_v=195.9129 | E[|v|^2]=27.2493 | time=3.6s
Epoch 205/500 | v_loss=-14.2305 | grad_v=91.6877 | E[|v|^2]=28.3976 | time=3.6s
Epoch 206/500 | v_loss=-13.1694 | grad_v=70.6452 | E[|v|^2]=26.4414 | time=3.6s
Epoch 207/500 | v_loss=-13.3879 | grad_v=291.3858 | E[|v|^2]=27.7786 | time=3.6s
Epoch 208/500 | v_loss=-12.3387 | grad_v=244.2760 | E[|v|^2]=28.8496 | time=3.6s
Epoch 209/500 | v_loss=-12.2972 | grad_v=107.9789 | E[|v|^2]=27.9889 | time=3.6s
Epoch 210/500 | v_loss=-12.4767 | grad_v=181.3685 | E[|v|^2]=27.5737 | time=3.6s
Epoch 211/500 | v_loss=-13.2071 | grad_v=44.7076 | E[|v|^2]=26.6115 | time=3.6s
Epoch 212/500 | v_loss=-13.3230 | grad_v=256.9623 | E[|v|^2]=27.8119 | time=3.6s
Epoch 213/500 | v_loss=-12.3826 | grad_v=107.1496 | E[|v|^2]=26.3494 | time=3.6s
Epoch 214/500 | v_loss=-12.7807 | grad_v=73.3451 | E[|v|^2]=28.9450 | time=3.6s
Epoch 215/500 | v_loss=-13.0433 | grad_v=240.0094 | E[|v|^2]=29.5705 | time=3.6s
Epoch 216/500 | v_loss=-13.7612 | grad_v=92.6632 | E[|v|^2]=28.1878 | time=3.6s
Epoch 217/500 | v_loss=-14.4064 | grad_v=250.6201 | E[|v|^2]=28.4336 | time=3.6s
Epoch 218/500 | v_loss=-13.2786 | grad_v=265.3023 | E[|v|^2]=27.7743 | time=3.6s
Epoch 219/500 | v_loss=-10.8209 | grad_v=264.5589 | E[|v|^2]=28.7063 | time=3.6s
Epoch 220/500 | v_loss=-14.4795 | grad_v=403.1411 | E[|v|^2]=28.0412 | time=3.6s
Epoch 221/500 | v_loss=-12.7610 | grad_v=439.7144 | E[|v|^2]=29.7635 | time=3.6s
Epoch 222/500 | v_loss=-12.9695 | grad_v=122.5996 | E[|v|^2]=29.4569 | time=3.6s
Epoch 223/500 | v_loss=-12.3939 | grad_v=161.5071 | E[|v|^2]=27.9921 | time=3.6s
Epoch 224/500 | v_loss=-14.1284 | grad_v=263.5788 | E[|v|^2]=27.8511 | time=3.6s
Epoch 225/500 | v_loss=-14.6353 | grad_v=270.0207 | E[|v|^2]=27.7088 | time=3.6s
Epoch 226/500 | v_loss=-13.5015 | grad_v=212.9009 | E[|v|^2]=26.9847 | time=3.6s
Epoch 227/500 | v_loss=-16.3618 | grad_v=617.0582 | E[|v|^2]=28.3870 | time=3.6s
Epoch 228/500 | v_loss=-15.1443 | grad_v=270.2409 | E[|v|^2]=26.5845 | time=3.6s
Epoch 229/500 | v_loss=-14.5499 | grad_v=365.3454 | E[|v|^2]=28.0429 | time=3.6s
Epoch 230/500 | v_loss=-11.9037 | grad_v=400.9033 | E[|v|^2]=27.9673 | time=3.6s
Epoch 231/500 | v_loss=-12.8684 | grad_v=100.0455 | E[|v|^2]=29.1230 | time=3.6s
Epoch 232/500 | v_loss=-15.0992 | grad_v=366.0492 | E[|v|^2]=27.8703 | time=3.6s
Epoch 233/500 | v_loss=-11.8182 | grad_v=375.9333 | E[|v|^2]=28.4340 | time=3.6s
Epoch 234/500 | v_loss=-10.4913 | grad_v=517.2425 | E[|v|^2]=28.9623 | time=3.6s
Epoch 235/500 | v_loss=-12.7319 | grad_v=197.5493 | E[|v|^2]=28.9192 | time=3.6s
Epoch 236/500 | v_loss=-12.3725 | grad_v=82.9257 | E[|v|^2]=28.3375 | time=3.6s
Epoch 237/500 | v_loss=-14.6059 | grad_v=416.2308 | E[|v|^2]=30.0143 | time=3.6s
Epoch 238/500 | v_loss=-17.8848 | grad_v=693.2681 | E[|v|^2]=31.4653 | time=3.6s
Epoch 239/500 | v_loss=-11.4149 | grad_v=386.5639 | E[|v|^2]=27.8241 | time=3.6s
Epoch 240/500 | v_loss=-12.6873 | grad_v=162.9410 | E[|v|^2]=28.5050 | time=3.6s
Epoch 241/500 | v_loss=-14.8997 | grad_v=1035.8916 | E[|v|^2]=28.1343 | time=3.6s
Epoch 242/500 | v_loss=-19.8167 | grad_v=1575.2238 | E[|v|^2]=28.0117 | time=3.6s
Epoch 243/500 | v_loss=-11.5968 | grad_v=255.6873 | E[|v|^2]=29.0599 | time=3.6s
Epoch 244/500 | v_loss=-15.3145 | grad_v=626.6886 | E[|v|^2]=28.6625 | time=3.6s
Epoch 245/500 | v_loss=-16.8109 | grad_v=1145.4033 | E[|v|^2]=28.1265 | time=3.6s
Epoch 246/500 | v_loss=-14.2011 | grad_v=212.4849 | E[|v|^2]=27.4148 | time=3.6s
Epoch 247/500 | v_loss=-13.2204 | grad_v=371.0418 | E[|v|^2]=27.4823 | time=3.6s
Epoch 248/500 | v_loss=-14.6693 | grad_v=422.7371 | E[|v|^2]=28.0888 | time=3.6s
Epoch 249/500 | v_loss=-12.0694 | grad_v=386.4141 | E[|v|^2]=29.3318 | time=3.6s
Epoch 250/500 | v_loss=-14.2958 | grad_v=452.4669 | E[|v|^2]=28.4526 | time=3.6s
Epoch 251/500 | v_loss=-12.5391 | grad_v=229.3259 | E[|v|^2]=28.1855 | time=3.6s
Epoch 252/500 | v_loss=-13.6511 | grad_v=89.7669 | E[|v|^2]=28.0526 | time=3.6s
Epoch 253/500 | v_loss=-11.6902 | grad_v=776.5727 | E[|v|^2]=29.5169 | time=3.6s
Epoch 254/500 | v_loss=-13.2524 | grad_v=100.5856 | E[|v|^2]=27.9568 | time=3.6s
Epoch 255/500 | v_loss=-14.4719 | grad_v=145.6495 | E[|v|^2]=29.2554 | time=3.6s
Epoch 256/500 | v_loss=-14.9360 | grad_v=302.2289 | E[|v|^2]=27.7665 | time=3.6s
Epoch 257/500 | v_loss=-12.8602 | grad_v=168.0514 | E[|v|^2]=28.3598 | time=3.6s
Epoch 258/500 | v_loss=-13.8556 | grad_v=222.5871 | E[|v|^2]=27.5877 | time=3.6s
Epoch 259/500 | v_loss=-13.2149 | grad_v=60.9429 | E[|v|^2]=26.9384 | time=3.6s
Epoch 260/500 | v_loss=-15.2014 | grad_v=709.1623 | E[|v|^2]=30.4985 | time=3.6s
Epoch 261/500 | v_loss=-10.4829 | grad_v=346.0417 | E[|v|^2]=27.6685 | time=3.6s
Epoch 262/500 | v_loss=-18.0761 | grad_v=469.0123 | E[|v|^2]=28.0753 | time=3.6s
Epoch 263/500 | v_loss=-12.0047 | grad_v=222.0947 | E[|v|^2]=27.6541 | time=3.6s
Epoch 264/500 | v_loss=-14.0188 | grad_v=278.6818 | E[|v|^2]=28.0510 | time=3.6s
Epoch 265/500 | v_loss=-15.3257 | grad_v=302.7634 | E[|v|^2]=29.1222 | time=3.6s
Epoch 266/500 | v_loss=-21.4187 | grad_v=2489.9527 | E[|v|^2]=28.4782 | time=3.6s
Epoch 267/500 | v_loss=-12.3823 | grad_v=333.5509 | E[|v|^2]=27.9711 | time=3.6s
Epoch 268/500 | v_loss=-14.9042 | grad_v=139.2805 | E[|v|^2]=28.1233 | time=3.6s
Epoch 269/500 | v_loss=-14.7804 | grad_v=1133.9956 | E[|v|^2]=27.9492 | time=3.6s
Epoch 270/500 | v_loss=-13.1803 | grad_v=184.7402 | E[|v|^2]=28.0679 | time=3.6s
Epoch 271/500 | v_loss=-15.2049 | grad_v=746.9705 | E[|v|^2]=26.7593 | time=3.6s
Epoch 272/500 | v_loss=-6.1157 | grad_v=3194.3124 | E[|v|^2]=27.9819 | time=3.6s
Epoch 273/500 | v_loss=-12.5630 | grad_v=212.3925 | E[|v|^2]=29.1433 | time=3.6s
Epoch 274/500 | v_loss=-12.3571 | grad_v=520.2062 | E[|v|^2]=28.3684 | time=3.6s
Epoch 275/500 | v_loss=-15.2087 | grad_v=632.5256 | E[|v|^2]=27.7917 | time=3.6s
Epoch 276/500 | v_loss=-12.3602 | grad_v=812.7571 | E[|v|^2]=28.1471 | time=3.6s
Epoch 277/500 | v_loss=-15.6439 | grad_v=493.4036 | E[|v|^2]=27.7262 | time=3.6s
Epoch 278/500 | v_loss=-10.8223 | grad_v=816.2346 | E[|v|^2]=26.4325 | time=3.6s
Epoch 279/500 | v_loss=-13.5345 | grad_v=94.4279 | E[|v|^2]=27.1289 | time=3.6s
Epoch 280/500 | v_loss=-14.0589 | grad_v=413.6740 | E[|v|^2]=26.7596 | time=3.6s
Epoch 281/500 | v_loss=-15.6382 | grad_v=599.7318 | E[|v|^2]=27.0208 | time=3.6s
Epoch 282/500 | v_loss=-15.0078 | grad_v=476.5033 | E[|v|^2]=28.2725 | time=3.6s
Epoch 283/500 | v_loss=-14.2209 | grad_v=449.0414 | E[|v|^2]=27.5080 | time=3.6s
Epoch 284/500 | v_loss=-11.2871 | grad_v=107.9862 | E[|v|^2]=27.8574 | time=3.6s
Epoch 285/500 | v_loss=-21.7582 | grad_v=1770.3626 | E[|v|^2]=27.7196 | time=3.6s
Epoch 286/500 | v_loss=-5.5032 | grad_v=2911.7438 | E[|v|^2]=28.5971 | time=3.6s
Epoch 287/500 | v_loss=-12.7520 | grad_v=433.7734 | E[|v|^2]=27.4954 | time=3.6s
Epoch 288/500 | v_loss=-7.4190 | grad_v=3039.7838 | E[|v|^2]=29.2748 | time=3.6s
Epoch 289/500 | v_loss=-13.2449 | grad_v=1019.5802 | E[|v|^2]=27.7999 | time=3.6s
Epoch 290/500 | v_loss=-10.9302 | grad_v=876.2717 | E[|v|^2]=28.9894 | time=3.6s
Epoch 291/500 | v_loss=-14.5087 | grad_v=492.3772 | E[|v|^2]=30.0244 | time=3.6s
Epoch 292/500 | v_loss=-11.8975 | grad_v=368.7109 | E[|v|^2]=28.3874 | time=3.6s
Epoch 293/500 | v_loss=-11.7496 | grad_v=359.3751 | E[|v|^2]=27.4195 | time=3.6s
Epoch 294/500 | v_loss=-13.6648 | grad_v=201.8900 | E[|v|^2]=27.9836 | time=3.6s
Epoch 295/500 | v_loss=-13.5609 | grad_v=515.9709 | E[|v|^2]=28.3551 | time=3.6s
Epoch 296/500 | v_loss=-11.8745 | grad_v=207.2064 | E[|v|^2]=28.0895 | time=3.6s
Epoch 297/500 | v_loss=-14.8736 | grad_v=63.9357 | E[|v|^2]=27.5587 | time=3.6s
Epoch 298/500 | v_loss=-12.8510 | grad_v=101.7277 | E[|v|^2]=27.8422 | time=3.6s
Epoch 299/500 | v_loss=-13.6356 | grad_v=105.2531 | E[|v|^2]=27.9276 | time=3.6s
Epoch 300/500 | v_loss=-13.1444 | grad_v=59.8249 | E[|v|^2]=28.9313 | time=3.6s
Epoch 301/500 | v_loss=-13.8410 | grad_v=245.2766 | E[|v|^2]=27.4680 | time=3.6s
Epoch 302/500 | v_loss=-12.3556 | grad_v=237.1309 | E[|v|^2]=29.5021 | time=3.6s
Epoch 303/500 | v_loss=-13.7718 | grad_v=53.8407 | E[|v|^2]=28.5140 | time=3.6s
Epoch 304/500 | v_loss=-13.5667 | grad_v=193.0043 | E[|v|^2]=28.2816 | time=3.6s
Epoch 305/500 | v_loss=-11.9966 | grad_v=102.7829 | E[|v|^2]=28.5461 | time=3.6s
Epoch 306/500 | v_loss=-12.9259 | grad_v=384.6232 | E[|v|^2]=29.0168 | time=3.6s
Epoch 307/500 | v_loss=-14.0249 | grad_v=356.1528 | E[|v|^2]=29.9023 | time=3.6s
Epoch 308/500 | v_loss=-15.1408 | grad_v=336.4417 | E[|v|^2]=28.7199 | time=3.6s
Epoch 309/500 | v_loss=-1.3332 | grad_v=5932.3706 | E[|v|^2]=28.9052 | time=3.6s
Epoch 310/500 | v_loss=-13.9588 | grad_v=107.2185 | E[|v|^2]=28.7758 | time=3.6s
Epoch 311/500 | v_loss=-10.5182 | grad_v=299.9284 | E[|v|^2]=28.0278 | time=3.6s
Epoch 312/500 | v_loss=-15.2451 | grad_v=949.5795 | E[|v|^2]=29.0578 | time=3.6s
Epoch 313/500 | v_loss=-12.3224 | grad_v=159.9374 | E[|v|^2]=28.0639 | time=3.6s
Epoch 314/500 | v_loss=-12.4383 | grad_v=468.6504 | E[|v|^2]=27.9500 | time=3.6s
Epoch 315/500 | v_loss=-13.2381 | grad_v=622.4447 | E[|v|^2]=27.8216 | time=3.6s
Epoch 316/500 | v_loss=-13.9449 | grad_v=179.0553 | E[|v|^2]=27.9323 | time=3.6s
Epoch 317/500 | v_loss=-14.3877 | grad_v=337.7492 | E[|v|^2]=27.5633 | time=3.6s
Epoch 318/500 | v_loss=-15.0360 | grad_v=133.9609 | E[|v|^2]=27.7269 | time=3.6s
Epoch 319/500 | v_loss=-13.5165 | grad_v=130.7487 | E[|v|^2]=28.2318 | time=3.6s
Epoch 320/500 | v_loss=-15.2528 | grad_v=171.9131 | E[|v|^2]=28.0863 | time=3.6s
Epoch 321/500 | v_loss=-14.8352 | grad_v=230.7625 | E[|v|^2]=28.0545 | time=3.6s
Epoch 322/500 | v_loss=-17.4290 | grad_v=1145.0878 | E[|v|^2]=28.3951 | time=3.6s
Epoch 323/500 | v_loss=-14.3113 | grad_v=183.3132 | E[|v|^2]=28.8627 | time=3.6s
Epoch 324/500 | v_loss=-12.5165 | grad_v=173.9018 | E[|v|^2]=27.7363 | time=3.6s
Epoch 325/500 | v_loss=-12.5431 | grad_v=200.3829 | E[|v|^2]=27.8795 | time=3.6s
Epoch 326/500 | v_loss=-18.9431 | grad_v=1226.0676 | E[|v|^2]=28.0289 | time=3.6s
Epoch 327/500 | v_loss=-15.6787 | grad_v=1017.8761 | E[|v|^2]=28.3119 | time=3.6s
Epoch 328/500 | v_loss=-12.0829 | grad_v=525.3753 | E[|v|^2]=28.7758 | time=3.6s
Epoch 329/500 | v_loss=-21.3457 | grad_v=3188.9211 | E[|v|^2]=28.8242 | time=3.6s
Epoch 330/500 | v_loss=-14.2068 | grad_v=81.6628 | E[|v|^2]=29.0655 | time=3.6s
Epoch 331/500 | v_loss=-12.3839 | grad_v=196.4218 | E[|v|^2]=28.0545 | time=3.6s
Epoch 332/500 | v_loss=-10.6493 | grad_v=205.5457 | E[|v|^2]=27.7399 | time=3.6s
Epoch 333/500 | v_loss=-12.0636 | grad_v=375.8376 | E[|v|^2]=27.5935 | time=3.6s
Epoch 334/500 | v_loss=-14.1505 | grad_v=618.7672 | E[|v|^2]=28.4497 | time=3.6s
Epoch 335/500 | v_loss=-14.9344 | grad_v=247.4043 | E[|v|^2]=28.1385 | time=3.6s
Epoch 336/500 | v_loss=-13.1817 | grad_v=386.9344 | E[|v|^2]=28.2748 | time=3.6s
Epoch 337/500 | v_loss=-13.0928 | grad_v=44.9746 | E[|v|^2]=27.5778 | time=3.6s
Epoch 338/500 | v_loss=-13.6750 | grad_v=276.3438 | E[|v|^2]=28.0519 | time=3.6s
Epoch 339/500 | v_loss=-18.9742 | grad_v=601.6897 | E[|v|^2]=27.6195 | time=3.6s
Epoch 340/500 | v_loss=-13.3008 | grad_v=93.6257 | E[|v|^2]=27.8009 | time=3.6s
Epoch 341/500 | v_loss=-12.6063 | grad_v=147.3161 | E[|v|^2]=28.6549 | time=3.6s
Epoch 342/500 | v_loss=-10.9199 | grad_v=1748.6375 | E[|v|^2]=27.7870 | time=3.6s
Epoch 343/500 | v_loss=-11.9963 | grad_v=289.7217 | E[|v|^2]=28.0133 | time=3.6s
Epoch 344/500 | v_loss=-14.2525 | grad_v=218.8930 | E[|v|^2]=28.4354 | time=3.6s
Epoch 345/500 | v_loss=-14.0579 | grad_v=460.9724 | E[|v|^2]=28.2892 | time=3.6s
Epoch 346/500 | v_loss=-12.8306 | grad_v=445.5629 | E[|v|^2]=28.2753 | time=3.6s
Epoch 347/500 | v_loss=-16.1986 | grad_v=375.3264 | E[|v|^2]=28.0506 | time=3.6s
Epoch 348/500 | v_loss=-13.3544 | grad_v=243.5456 | E[|v|^2]=28.3152 | time=3.6s
Epoch 349/500 | v_loss=-12.9065 | grad_v=388.6820 | E[|v|^2]=27.8013 | time=3.6s
Epoch 350/500 | v_loss=-10.3007 | grad_v=496.7349 | E[|v|^2]=28.2505 | time=3.6s
Epoch 351/500 | v_loss=-12.7520 | grad_v=100.9077 | E[|v|^2]=27.6077 | time=3.6s
Epoch 352/500 | v_loss=-12.5443 | grad_v=287.8461 | E[|v|^2]=27.9442 | time=3.6s
Epoch 353/500 | v_loss=-14.8423 | grad_v=165.8522 | E[|v|^2]=27.3207 | time=3.6s
Epoch 354/500 | v_loss=-14.9102 | grad_v=159.6362 | E[|v|^2]=27.9453 | time=3.6s
Epoch 355/500 | v_loss=-12.3987 | grad_v=399.4584 | E[|v|^2]=27.5648 | time=3.6s
Epoch 356/500 | v_loss=-14.7131 | grad_v=220.1059 | E[|v|^2]=28.2106 | time=3.6s
Epoch 357/500 | v_loss=-18.4259 | grad_v=1577.3272 | E[|v|^2]=28.9040 | time=3.6s
Epoch 358/500 | v_loss=-13.5496 | grad_v=186.3936 | E[|v|^2]=27.7819 | time=3.6s
Epoch 359/500 | v_loss=-14.4341 | grad_v=527.0801 | E[|v|^2]=28.1521 | time=3.6s
Epoch 360/500 | v_loss=-14.3500 | grad_v=107.3614 | E[|v|^2]=28.1537 | time=3.6s
Epoch 361/500 | v_loss=-14.7655 | grad_v=310.3810 | E[|v|^2]=28.6398 | time=3.6s
Epoch 362/500 | v_loss=-12.7049 | grad_v=941.6539 | E[|v|^2]=28.3814 | time=3.6s
Epoch 363/500 | v_loss=-13.1465 | grad_v=281.9749 | E[|v|^2]=27.8620 | time=3.6s
Epoch 364/500 | v_loss=-12.8545 | grad_v=433.6412 | E[|v|^2]=28.4039 | time=3.6s
Epoch 365/500 | v_loss=-13.3219 | grad_v=260.0277 | E[|v|^2]=28.2793 | time=3.6s
Epoch 366/500 | v_loss=-12.9469 | grad_v=254.4503 | E[|v|^2]=27.8520 | time=3.6s
Epoch 367/500 | v_loss=-13.9370 | grad_v=144.3615 | E[|v|^2]=27.7309 | time=3.6s
Epoch 368/500 | v_loss=-13.4080 | grad_v=284.0902 | E[|v|^2]=28.9079 | time=3.6s
Epoch 369/500 | v_loss=-13.5358 | grad_v=239.5360 | E[|v|^2]=28.1536 | time=3.6s
Epoch 370/500 | v_loss=-12.0465 | grad_v=239.2065 | E[|v|^2]=28.0811 | time=3.6s
Epoch 371/500 | v_loss=-12.5069 | grad_v=123.4945 | E[|v|^2]=28.6438 | time=3.6s
Epoch 372/500 | v_loss=-13.6373 | grad_v=645.3812 | E[|v|^2]=27.0592 | time=3.6s
Epoch 373/500 | v_loss=-13.0041 | grad_v=382.3502 | E[|v|^2]=28.3878 | time=3.6s
Epoch 374/500 | v_loss=-13.9111 | grad_v=183.1574 | E[|v|^2]=27.6054 | time=3.6s
Epoch 375/500 | v_loss=-14.1803 | grad_v=426.5184 | E[|v|^2]=28.8310 | time=3.6s
Epoch 376/500 | v_loss=-12.4849 | grad_v=217.1222 | E[|v|^2]=28.5027 | time=3.6s
Epoch 377/500 | v_loss=-13.2229 | grad_v=170.7872 | E[|v|^2]=28.1262 | time=3.6s
Epoch 378/500 | v_loss=-12.7598 | grad_v=230.8832 | E[|v|^2]=27.8535 | time=3.6s
Epoch 379/500 | v_loss=-11.9196 | grad_v=730.7744 | E[|v|^2]=28.4802 | time=3.6s
Epoch 380/500 | v_loss=-14.7671 | grad_v=313.6044 | E[|v|^2]=28.2710 | time=3.6s
Epoch 381/500 | v_loss=-12.1334 | grad_v=96.6067 | E[|v|^2]=28.2930 | time=3.6s
Epoch 382/500 | v_loss=-12.3814 | grad_v=257.7334 | E[|v|^2]=28.1420 | time=3.6s
Epoch 383/500 | v_loss=-13.5529 | grad_v=120.4479 | E[|v|^2]=29.0895 | time=3.6s
Epoch 384/500 | v_loss=-14.6067 | grad_v=386.5003 | E[|v|^2]=28.4772 | time=3.6s
Epoch 385/500 | v_loss=-11.9124 | grad_v=152.9625 | E[|v|^2]=28.3526 | time=3.6s
Epoch 386/500 | v_loss=-12.1469 | grad_v=166.6625 | E[|v|^2]=28.6227 | time=3.6s
Epoch 387/500 | v_loss=-15.1251 | grad_v=514.6302 | E[|v|^2]=28.5445 | time=3.6s
Epoch 388/500 | v_loss=-13.7338 | grad_v=164.0926 | E[|v|^2]=28.5121 | time=3.6s
Epoch 389/500 | v_loss=-12.9398 | grad_v=168.2046 | E[|v|^2]=28.1884 | time=3.6s
Epoch 390/500 | v_loss=-11.0586 | grad_v=563.9125 | E[|v|^2]=27.8668 | time=3.6s
Epoch 391/500 | v_loss=-13.0886 | grad_v=220.0432 | E[|v|^2]=28.1299 | time=3.6s
Epoch 392/500 | v_loss=-15.1848 | grad_v=533.3163 | E[|v|^2]=28.2978 | time=3.6s
Epoch 393/500 | v_loss=-13.4217 | grad_v=148.3797 | E[|v|^2]=28.9624 | time=3.6s
Epoch 394/500 | v_loss=-13.5009 | grad_v=219.5543 | E[|v|^2]=28.5005 | time=3.6s
Epoch 395/500 | v_loss=-25.4451 | grad_v=7359.5041 | E[|v|^2]=28.1958 | time=3.6s
Epoch 396/500 | v_loss=-11.2118 | grad_v=1051.5850 | E[|v|^2]=28.2061 | time=3.6s
Epoch 397/500 | v_loss=-17.3009 | grad_v=638.1726 | E[|v|^2]=28.2777 | time=3.6s
Epoch 398/500 | v_loss=-10.1946 | grad_v=595.9560 | E[|v|^2]=28.4809 | time=3.6s
Epoch 399/500 | v_loss=-12.2474 | grad_v=71.8626 | E[|v|^2]=28.0099 | time=3.6s
Epoch 400/500 | v_loss=-13.5047 | grad_v=112.4252 | E[|v|^2]=28.2841 | time=3.6s
Epoch 401/500 | v_loss=-13.3021 | grad_v=272.9704 | E[|v|^2]=28.1103 | time=3.6s
Epoch 402/500 | v_loss=-12.9943 | grad_v=395.1133 | E[|v|^2]=27.5340 | time=3.6s
Epoch 403/500 | v_loss=-11.7772 | grad_v=1588.3796 | E[|v|^2]=27.7826 | time=3.6s
Epoch 404/500 | v_loss=-13.9703 | grad_v=272.2020 | E[|v|^2]=28.1841 | time=3.6s
Epoch 405/500 | v_loss=-11.3158 | grad_v=48.2307 | E[|v|^2]=27.9379 | time=3.6s
Epoch 406/500 | v_loss=-14.7357 | grad_v=275.5348 | E[|v|^2]=28.4802 | time=3.6s
Epoch 407/500 | v_loss=-10.7938 | grad_v=911.4285 | E[|v|^2]=28.0841 | time=3.6s
Epoch 408/500 | v_loss=-13.3367 | grad_v=562.0939 | E[|v|^2]=28.1884 | time=3.6s
Epoch 409/500 | v_loss=-16.1534 | grad_v=206.5826 | E[|v|^2]=27.6458 | time=3.6s
Epoch 410/500 | v_loss=-14.8248 | grad_v=389.4143 | E[|v|^2]=28.3091 | time=3.6s
Epoch 411/500 | v_loss=-14.5636 | grad_v=151.1743 | E[|v|^2]=28.7304 | time=3.6s
Epoch 412/500 | v_loss=-17.1479 | grad_v=591.2043 | E[|v|^2]=28.0726 | time=3.6s
Epoch 413/500 | v_loss=-12.0989 | grad_v=95.7294 | E[|v|^2]=28.0789 | time=3.6s
Epoch 414/500 | v_loss=-12.5241 | grad_v=360.0013 | E[|v|^2]=27.6985 | time=3.6s
Epoch 415/500 | v_loss=-15.9894 | grad_v=418.9087 | E[|v|^2]=27.9371 | time=3.6s
Epoch 416/500 | v_loss=-14.5792 | grad_v=642.8068 | E[|v|^2]=28.4909 | time=3.6s
Epoch 417/500 | v_loss=-20.2173 | grad_v=2785.8670 | E[|v|^2]=28.6968 | time=3.6s
Epoch 418/500 | v_loss=-3.3122 | grad_v=4051.5673 | E[|v|^2]=27.6252 | time=3.6s
Epoch 419/500 | v_loss=-11.9906 | grad_v=1212.6460 | E[|v|^2]=28.4929 | time=3.6s
Epoch 420/500 | v_loss=-19.2513 | grad_v=1883.5484 | E[|v|^2]=28.5361 | time=3.6s
Epoch 421/500 | v_loss=-14.2955 | grad_v=226.7217 | E[|v|^2]=27.6002 | time=3.6s
Epoch 422/500 | v_loss=-15.1663 | grad_v=199.9703 | E[|v|^2]=28.3556 | time=3.6s
Epoch 423/500 | v_loss=-13.0329 | grad_v=128.9999 | E[|v|^2]=27.9668 | time=3.6s
Epoch 424/500 | v_loss=-14.7548 | grad_v=349.4707 | E[|v|^2]=28.0309 | time=3.6s
Epoch 425/500 | v_loss=-14.0762 | grad_v=84.8396 | E[|v|^2]=27.9294 | time=3.6s
Epoch 426/500 | v_loss=-13.4642 | grad_v=50.7457 | E[|v|^2]=28.2528 | time=3.6s
Epoch 427/500 | v_loss=-11.1065 | grad_v=795.0594 | E[|v|^2]=28.5130 | time=3.6s
Epoch 428/500 | v_loss=-17.3399 | grad_v=565.6975 | E[|v|^2]=28.2319 | time=3.6s
Epoch 429/500 | v_loss=-14.7932 | grad_v=1030.4214 | E[|v|^2]=28.4132 | time=3.6s
Epoch 430/500 | v_loss=-13.8905 | grad_v=494.3555 | E[|v|^2]=28.2192 | time=3.6s
Epoch 431/500 | v_loss=-12.2543 | grad_v=190.3948 | E[|v|^2]=28.8466 | time=3.6s
Epoch 432/500 | v_loss=-15.5867 | grad_v=475.2307 | E[|v|^2]=28.3014 | time=3.6s
Epoch 433/500 | v_loss=-12.0262 | grad_v=422.6612 | E[|v|^2]=28.0452 | time=3.6s
Epoch 434/500 | v_loss=-12.9081 | grad_v=98.4361 | E[|v|^2]=27.9224 | time=3.6s
Epoch 435/500 | v_loss=-12.6273 | grad_v=235.3138 | E[|v|^2]=28.2302 | time=3.6s
Epoch 436/500 | v_loss=-12.9853 | grad_v=112.7432 | E[|v|^2]=28.1543 | time=3.6s
Epoch 437/500 | v_loss=-14.0073 | grad_v=292.6884 | E[|v|^2]=28.1923 | time=3.6s
Epoch 438/500 | v_loss=-12.5328 | grad_v=315.2016 | E[|v|^2]=27.8366 | time=3.6s
Epoch 439/500 | v_loss=-14.9851 | grad_v=544.3692 | E[|v|^2]=28.4370 | time=3.6s
Epoch 440/500 | v_loss=-14.3270 | grad_v=546.6874 | E[|v|^2]=28.7164 | time=3.6s
Epoch 441/500 | v_loss=-12.9906 | grad_v=276.9436 | E[|v|^2]=27.8388 | time=3.6s
Epoch 442/500 | v_loss=-12.2073 | grad_v=438.5331 | E[|v|^2]=28.1075 | time=3.6s
Epoch 443/500 | v_loss=-12.2126 | grad_v=79.7833 | E[|v|^2]=28.5535 | time=3.6s
Epoch 444/500 | v_loss=-14.7022 | grad_v=135.0878 | E[|v|^2]=28.5362 | time=3.6s
Epoch 445/500 | v_loss=-12.9829 | grad_v=328.1029 | E[|v|^2]=28.4264 | time=3.6s
Epoch 446/500 | v_loss=-17.4323 | grad_v=605.8558 | E[|v|^2]=27.9747 | time=3.6s
Epoch 447/500 | v_loss=-11.8366 | grad_v=252.1829 | E[|v|^2]=28.2740 | time=3.6s
Epoch 448/500 | v_loss=-13.8627 | grad_v=65.0060 | E[|v|^2]=27.6234 | time=3.6s
Epoch 449/500 | v_loss=-14.3950 | grad_v=205.7442 | E[|v|^2]=28.7804 | time=3.6s
Epoch 450/500 | v_loss=-11.1482 | grad_v=765.2116 | E[|v|^2]=28.2766 | time=3.6s
Epoch 451/500 | v_loss=-12.2832 | grad_v=824.7172 | E[|v|^2]=28.3351 | time=3.6s
Epoch 452/500 | v_loss=-14.9061 | grad_v=284.5582 | E[|v|^2]=28.3640 | time=3.6s
Epoch 453/500 | v_loss=-14.0128 | grad_v=99.9680 | E[|v|^2]=28.8219 | time=3.6s
Epoch 454/500 | v_loss=-10.7959 | grad_v=540.5384 | E[|v|^2]=28.3271 | time=3.6s
Epoch 455/500 | v_loss=-16.2807 | grad_v=405.5628 | E[|v|^2]=28.5917 | time=3.6s
Epoch 456/500 | v_loss=-13.3794 | grad_v=342.5459 | E[|v|^2]=27.6444 | time=3.6s
Epoch 457/500 | v_loss=-14.6333 | grad_v=323.4399 | E[|v|^2]=28.5632 | time=3.6s
Epoch 458/500 | v_loss=-15.6129 | grad_v=1175.7126 | E[|v|^2]=28.1548 | time=3.6s
Epoch 459/500 | v_loss=-13.0649 | grad_v=288.1630 | E[|v|^2]=28.7895 | time=3.6s
Epoch 460/500 | v_loss=-11.1603 | grad_v=321.7740 | E[|v|^2]=27.6516 | time=3.6s
Epoch 461/500 | v_loss=-17.1536 | grad_v=1063.5934 | E[|v|^2]=28.1253 | time=3.6s
Epoch 462/500 | v_loss=-14.5106 | grad_v=162.0378 | E[|v|^2]=28.2261 | time=3.6s
Epoch 463/500 | v_loss=-15.3838 | grad_v=615.6073 | E[|v|^2]=27.8368 | time=3.6s
Epoch 464/500 | v_loss=-16.2700 | grad_v=897.7473 | E[|v|^2]=27.8429 | time=3.6s
Epoch 465/500 | v_loss=-11.5779 | grad_v=1893.8903 | E[|v|^2]=28.2036 | time=3.6s
Epoch 466/500 | v_loss=-12.8108 | grad_v=122.7082 | E[|v|^2]=28.4223 | time=3.6s
Epoch 467/500 | v_loss=-13.7527 | grad_v=276.2430 | E[|v|^2]=27.6813 | time=3.6s
Epoch 468/500 | v_loss=-13.5559 | grad_v=547.6384 | E[|v|^2]=27.6266 | time=3.6s
Epoch 469/500 | v_loss=-12.6283 | grad_v=340.8537 | E[|v|^2]=28.1991 | time=3.6s
Epoch 470/500 | v_loss=-12.5237 | grad_v=582.7480 | E[|v|^2]=28.0424 | time=3.6s
Epoch 471/500 | v_loss=-14.3811 | grad_v=991.2825 | E[|v|^2]=28.0890 | time=3.6s
Epoch 472/500 | v_loss=-11.9457 | grad_v=1516.3248 | E[|v|^2]=28.6839 | time=3.6s
Epoch 473/500 | v_loss=-15.0886 | grad_v=1014.4435 | E[|v|^2]=27.5721 | time=3.6s
Epoch 474/500 | v_loss=-12.6251 | grad_v=277.7087 | E[|v|^2]=28.4790 | time=3.6s
Epoch 475/500 | v_loss=-16.7505 | grad_v=1366.5389 | E[|v|^2]=28.1436 | time=3.6s
Epoch 476/500 | v_loss=-12.1099 | grad_v=714.5250 | E[|v|^2]=28.7987 | time=3.6s
Epoch 477/500 | v_loss=-15.7539 | grad_v=374.8083 | E[|v|^2]=28.2440 | time=3.6s
Epoch 478/500 | v_loss=-16.4123 | grad_v=980.8509 | E[|v|^2]=28.6440 | time=3.6s
Epoch 479/500 | v_loss=-14.4324 | grad_v=238.6292 | E[|v|^2]=27.8856 | time=3.6s
Epoch 480/500 | v_loss=-12.1379 | grad_v=162.6621 | E[|v|^2]=28.3163 | time=3.6s
Epoch 481/500 | v_loss=-13.0266 | grad_v=121.3425 | E[|v|^2]=28.7064 | time=3.6s
Epoch 482/500 | v_loss=-15.7666 | grad_v=388.4583 | E[|v|^2]=27.9177 | time=3.6s
Epoch 483/500 | v_loss=-18.7957 | grad_v=241.3482 | E[|v|^2]=28.4433 | time=3.6s
Epoch 484/500 | v_loss=-15.1383 | grad_v=594.0379 | E[|v|^2]=28.0140 | time=3.6s
Epoch 485/500 | v_loss=-26.1551 | grad_v=5204.2587 | E[|v|^2]=27.8882 | time=3.6s
Epoch 486/500 | v_loss=-13.5599 | grad_v=210.0321 | E[|v|^2]=27.9256 | time=3.6s
Epoch 487/500 | v_loss=-12.8973 | grad_v=252.2841 | E[|v|^2]=28.4398 | time=3.6s
Epoch 488/500 | v_loss=-11.8907 | grad_v=312.9159 | E[|v|^2]=28.2729 | time=3.6s
Epoch 489/500 | v_loss=-12.8654 | grad_v=114.9947 | E[|v|^2]=28.2318 | time=3.6s
Epoch 490/500 | v_loss=-15.1054 | grad_v=149.5100 | E[|v|^2]=27.9006 | time=3.6s
Epoch 491/500 | v_loss=-12.2825 | grad_v=201.9667 | E[|v|^2]=28.0060 | time=3.6s
Epoch 492/500 | v_loss=-14.9463 | grad_v=565.4819 | E[|v|^2]=27.9272 | time=3.6s
Epoch 493/500 | v_loss=-18.1715 | grad_v=509.7306 | E[|v|^2]=28.4151 | time=3.6s
Epoch 494/500 | v_loss=-13.4201 | grad_v=389.8406 | E[|v|^2]=28.0217 | time=3.6s
Epoch 495/500 | v_loss=-16.9029 | grad_v=403.5772 | E[|v|^2]=28.3875 | time=3.6s
Epoch 496/500 | v_loss=-11.2756 | grad_v=77.3112 | E[|v|^2]=28.0889 | time=3.6s
Epoch 497/500 | v_loss=-13.7271 | grad_v=403.5273 | E[|v|^2]=28.2680 | time=3.6s
Epoch 498/500 | v_loss=-12.1065 | grad_v=106.9858 | E[|v|^2]=28.2844 | time=3.6s
Epoch 499/500 | v_loss=-13.2585 | grad_v=163.0724 | E[|v|^2]=28.6740 | time=3.6s
Epoch 500/500 | v_loss=-18.9527 | grad_v=2684.0941 | E[|v|^2]=28.1086 | time=3.6s
Saved metrics to results_multivariate_sweep/lr1e-5_p1.0_0.5_q1.0_0.5/metrics.json
