[multivariate-tuning] Using device: cuda
[multivariate-tuning] Learning rate: 0.0001
[multivariate-tuning] Exponents p: [1.0, 0.5], q: [1.0, 0.5]
Saved interpolant trajectories to results_multivariate_sweep/lr1e-4_p1.0_0.5_q1.0_0.5/multivariate_trajectories.png
Epoch 1/500 | v_loss=-12.5718 | grad_v=53.9227 | E[|v|^2]=25.5187 | time=4.0s
Epoch 2/500 | v_loss=-4.0281 | grad_v=344.2473 | E[|v|^2]=22.0217 | time=3.9s
Epoch 3/500 | v_loss=-12.4596 | grad_v=77.9013 | E[|v|^2]=25.8862 | time=3.9s
Epoch 4/500 | v_loss=-14.2445 | grad_v=52.7861 | E[|v|^2]=28.3678 | time=3.9s
Epoch 5/500 | v_loss=-11.1407 | grad_v=57.2832 | E[|v|^2]=21.9817 | time=3.9s
Epoch 6/500 | v_loss=-11.8608 | grad_v=26.0362 | E[|v|^2]=25.7859 | time=3.9s
Epoch 7/500 | v_loss=-14.2455 | grad_v=132.4345 | E[|v|^2]=29.1267 | time=3.9s
Epoch 8/500 | v_loss=-12.9839 | grad_v=33.4745 | E[|v|^2]=24.3311 | time=3.9s
Epoch 9/500 | v_loss=-12.4232 | grad_v=19.3858 | E[|v|^2]=25.5936 | time=3.9s
Epoch 10/500 | v_loss=-13.3928 | grad_v=47.3222 | E[|v|^2]=25.5273 | time=3.9s
Epoch 11/500 | v_loss=-13.3467 | grad_v=60.5357 | E[|v|^2]=29.1644 | time=3.9s
Epoch 12/500 | v_loss=-13.9311 | grad_v=46.4079 | E[|v|^2]=23.7316 | time=3.9s
Epoch 13/500 | v_loss=-12.1335 | grad_v=91.9508 | E[|v|^2]=26.7266 | time=3.9s
Epoch 14/500 | v_loss=-13.1392 | grad_v=40.8538 | E[|v|^2]=27.2781 | time=3.9s
Epoch 15/500 | v_loss=-12.0187 | grad_v=42.2237 | E[|v|^2]=23.6747 | time=3.9s
Epoch 16/500 | v_loss=-14.3856 | grad_v=60.0378 | E[|v|^2]=25.1949 | time=3.9s
Epoch 17/500 | v_loss=-12.2665 | grad_v=30.6263 | E[|v|^2]=25.5316 | time=3.9s
Epoch 18/500 | v_loss=-15.5246 | grad_v=168.0155 | E[|v|^2]=28.2281 | time=3.9s
Epoch 19/500 | v_loss=-11.7018 | grad_v=28.9553 | E[|v|^2]=26.0376 | time=3.9s
Epoch 20/500 | v_loss=-12.3221 | grad_v=32.2922 | E[|v|^2]=26.6736 | time=3.9s
Epoch 21/500 | v_loss=-12.1262 | grad_v=78.6408 | E[|v|^2]=25.5384 | time=3.9s
Epoch 22/500 | v_loss=-15.2375 | grad_v=107.1219 | E[|v|^2]=28.4111 | time=3.8s
Epoch 23/500 | v_loss=-13.9400 | grad_v=39.1159 | E[|v|^2]=25.3978 | time=3.7s
Epoch 24/500 | v_loss=-11.7428 | grad_v=101.2562 | E[|v|^2]=25.9071 | time=3.7s
Epoch 25/500 | v_loss=-11.9434 | grad_v=37.8021 | E[|v|^2]=24.8114 | time=3.7s
Epoch 26/500 | v_loss=-15.5159 | grad_v=127.0096 | E[|v|^2]=27.9386 | time=3.7s
Epoch 27/500 | v_loss=-16.2156 | grad_v=108.1810 | E[|v|^2]=28.6181 | time=3.7s
Epoch 28/500 | v_loss=-13.8000 | grad_v=72.5958 | E[|v|^2]=27.8319 | time=3.7s
Epoch 29/500 | v_loss=-14.2127 | grad_v=41.4600 | E[|v|^2]=26.3461 | time=3.7s
Epoch 30/500 | v_loss=-13.2807 | grad_v=46.0131 | E[|v|^2]=26.7068 | time=3.7s
Epoch 31/500 | v_loss=-13.9715 | grad_v=81.4981 | E[|v|^2]=29.2744 | time=3.7s
Epoch 32/500 | v_loss=-13.1622 | grad_v=62.2782 | E[|v|^2]=27.3932 | time=3.7s
Epoch 33/500 | v_loss=-15.1040 | grad_v=60.8116 | E[|v|^2]=26.4173 | time=3.7s
Epoch 34/500 | v_loss=-13.6128 | grad_v=39.8440 | E[|v|^2]=29.9334 | time=3.7s
Epoch 35/500 | v_loss=-14.3171 | grad_v=60.5318 | E[|v|^2]=28.0940 | time=3.7s
Epoch 36/500 | v_loss=-14.3815 | grad_v=80.6404 | E[|v|^2]=26.9609 | time=3.7s
Epoch 37/500 | v_loss=-11.9790 | grad_v=76.1057 | E[|v|^2]=27.6372 | time=3.7s
Epoch 38/500 | v_loss=-12.8939 | grad_v=49.5620 | E[|v|^2]=27.4760 | time=3.7s
Epoch 39/500 | v_loss=-13.2944 | grad_v=25.4899 | E[|v|^2]=25.1455 | time=3.7s
Epoch 40/500 | v_loss=-14.7090 | grad_v=69.2056 | E[|v|^2]=25.1570 | time=3.7s
Epoch 41/500 | v_loss=-15.1689 | grad_v=66.5073 | E[|v|^2]=26.0884 | time=3.7s
Epoch 42/500 | v_loss=-14.6004 | grad_v=81.6123 | E[|v|^2]=28.3976 | time=3.7s
Epoch 43/500 | v_loss=-12.1954 | grad_v=112.3039 | E[|v|^2]=25.4008 | time=3.7s
Epoch 44/500 | v_loss=-14.3652 | grad_v=38.8317 | E[|v|^2]=28.2322 | time=3.7s
Epoch 45/500 | v_loss=-11.1686 | grad_v=58.9926 | E[|v|^2]=24.8688 | time=3.7s
Epoch 46/500 | v_loss=-13.7083 | grad_v=122.2049 | E[|v|^2]=27.6703 | time=3.7s
Epoch 47/500 | v_loss=-13.0192 | grad_v=29.3097 | E[|v|^2]=24.6009 | time=3.7s
Epoch 48/500 | v_loss=-12.0833 | grad_v=30.7461 | E[|v|^2]=24.7975 | time=3.7s
Epoch 49/500 | v_loss=-13.6451 | grad_v=15.9440 | E[|v|^2]=26.2445 | time=3.7s
Epoch 50/500 | v_loss=-12.3239 | grad_v=69.0504 | E[|v|^2]=25.5127 | time=3.7s
Epoch 51/500 | v_loss=-13.4292 | grad_v=55.1550 | E[|v|^2]=28.5531 | time=3.7s
Epoch 52/500 | v_loss=-10.1251 | grad_v=174.6971 | E[|v|^2]=25.6643 | time=3.7s
Epoch 53/500 | v_loss=-14.7211 | grad_v=34.2252 | E[|v|^2]=24.6178 | time=3.7s
Epoch 54/500 | v_loss=-12.9642 | grad_v=39.6912 | E[|v|^2]=26.6023 | time=3.7s
Epoch 55/500 | v_loss=-13.2108 | grad_v=51.4627 | E[|v|^2]=25.9733 | time=3.7s
Epoch 56/500 | v_loss=-14.1352 | grad_v=76.6501 | E[|v|^2]=27.5805 | time=3.7s
Epoch 57/500 | v_loss=-13.5546 | grad_v=92.5057 | E[|v|^2]=27.4001 | time=3.7s
Epoch 58/500 | v_loss=-12.7135 | grad_v=132.3105 | E[|v|^2]=28.3390 | time=3.7s
Epoch 59/500 | v_loss=-14.3806 | grad_v=68.3078 | E[|v|^2]=27.5064 | time=3.7s
Epoch 60/500 | v_loss=-15.4659 | grad_v=102.7474 | E[|v|^2]=26.6007 | time=3.7s
Epoch 61/500 | v_loss=-12.8875 | grad_v=45.4485 | E[|v|^2]=26.2076 | time=3.7s
Epoch 62/500 | v_loss=-6.3084 | grad_v=148.0301 | E[|v|^2]=28.7974 | time=3.7s
Epoch 63/500 | v_loss=-13.7596 | grad_v=31.8830 | E[|v|^2]=27.5107 | time=3.7s
Epoch 64/500 | v_loss=-12.2520 | grad_v=207.2546 | E[|v|^2]=27.0555 | time=3.7s
Epoch 65/500 | v_loss=-12.5084 | grad_v=58.5487 | E[|v|^2]=26.2406 | time=3.7s
Epoch 66/500 | v_loss=-14.0578 | grad_v=48.8931 | E[|v|^2]=29.4879 | time=3.7s
Epoch 67/500 | v_loss=-12.6196 | grad_v=131.5768 | E[|v|^2]=25.2257 | time=3.7s
Epoch 68/500 | v_loss=-12.7376 | grad_v=159.0521 | E[|v|^2]=26.3029 | time=3.7s
Epoch 69/500 | v_loss=-15.8685 | grad_v=235.3472 | E[|v|^2]=27.8937 | time=3.7s
Epoch 70/500 | v_loss=-14.2706 | grad_v=120.1636 | E[|v|^2]=27.2239 | time=3.7s
Epoch 71/500 | v_loss=-12.3727 | grad_v=224.2477 | E[|v|^2]=29.3480 | time=3.7s
Epoch 72/500 | v_loss=-11.9126 | grad_v=57.4475 | E[|v|^2]=25.9019 | time=3.7s
Epoch 73/500 | v_loss=-15.3168 | grad_v=94.2302 | E[|v|^2]=26.9412 | time=3.7s
Epoch 74/500 | v_loss=-15.9497 | grad_v=116.2448 | E[|v|^2]=28.6992 | time=3.7s
Epoch 75/500 | v_loss=-12.7265 | grad_v=35.4169 | E[|v|^2]=25.1526 | time=3.7s
Epoch 76/500 | v_loss=-11.3890 | grad_v=36.4445 | E[|v|^2]=26.6906 | time=3.7s
Epoch 77/500 | v_loss=-11.8863 | grad_v=75.4136 | E[|v|^2]=25.7899 | time=3.7s
Epoch 78/500 | v_loss=-12.6472 | grad_v=75.8888 | E[|v|^2]=28.5995 | time=3.7s
Epoch 79/500 | v_loss=-14.1547 | grad_v=28.0660 | E[|v|^2]=24.4919 | time=3.7s
Epoch 80/500 | v_loss=-13.8810 | grad_v=29.0434 | E[|v|^2]=27.2531 | time=3.7s
Epoch 81/500 | v_loss=-14.2437 | grad_v=111.5947 | E[|v|^2]=27.6474 | time=3.7s
Epoch 82/500 | v_loss=-12.9645 | grad_v=54.8626 | E[|v|^2]=26.0497 | time=3.7s
Epoch 83/500 | v_loss=-13.0337 | grad_v=26.1492 | E[|v|^2]=28.2608 | time=3.7s
Epoch 84/500 | v_loss=-15.3773 | grad_v=135.3453 | E[|v|^2]=27.2811 | time=3.7s
Epoch 85/500 | v_loss=-11.9417 | grad_v=68.2594 | E[|v|^2]=26.9273 | time=3.7s
Epoch 86/500 | v_loss=-12.0166 | grad_v=23.1228 | E[|v|^2]=26.8401 | time=3.7s
Epoch 87/500 | v_loss=-11.8714 | grad_v=161.0697 | E[|v|^2]=25.7242 | time=3.7s
Epoch 88/500 | v_loss=-11.9923 | grad_v=44.2133 | E[|v|^2]=24.8245 | time=3.7s
Epoch 89/500 | v_loss=-12.7411 | grad_v=22.0030 | E[|v|^2]=24.8106 | time=3.7s
Epoch 90/500 | v_loss=-18.1075 | grad_v=491.1238 | E[|v|^2]=30.8863 | time=3.7s
Epoch 91/500 | v_loss=-14.6427 | grad_v=95.8928 | E[|v|^2]=28.8433 | time=3.7s
Epoch 92/500 | v_loss=-17.1860 | grad_v=251.9334 | E[|v|^2]=27.7845 | time=3.7s
Epoch 93/500 | v_loss=-12.6871 | grad_v=24.2550 | E[|v|^2]=26.2016 | time=3.7s
Epoch 94/500 | v_loss=-12.8777 | grad_v=203.7835 | E[|v|^2]=28.7086 | time=3.7s
Epoch 95/500 | v_loss=-12.7069 | grad_v=166.6701 | E[|v|^2]=29.4013 | time=3.7s
Epoch 96/500 | v_loss=-13.1590 | grad_v=124.2960 | E[|v|^2]=26.3983 | time=3.7s
Epoch 97/500 | v_loss=-13.7573 | grad_v=54.5440 | E[|v|^2]=26.5034 | time=3.7s
Epoch 98/500 | v_loss=-14.5411 | grad_v=80.2465 | E[|v|^2]=28.3631 | time=3.7s
Epoch 99/500 | v_loss=-14.6015 | grad_v=64.1914 | E[|v|^2]=26.7883 | time=3.7s
Epoch 100/500 | v_loss=-14.3314 | grad_v=135.8336 | E[|v|^2]=28.7002 | time=3.7s
Epoch 101/500 | v_loss=-13.4979 | grad_v=238.0814 | E[|v|^2]=26.6393 | time=3.7s
Epoch 102/500 | v_loss=-13.7297 | grad_v=28.9976 | E[|v|^2]=28.6971 | time=3.7s
Epoch 103/500 | v_loss=-12.8750 | grad_v=98.7150 | E[|v|^2]=26.2248 | time=3.7s
Epoch 104/500 | v_loss=-13.3890 | grad_v=80.6128 | E[|v|^2]=25.5222 | time=3.7s
Epoch 105/500 | v_loss=-13.9053 | grad_v=51.1248 | E[|v|^2]=25.7532 | time=3.7s
Epoch 106/500 | v_loss=-15.2701 | grad_v=148.3687 | E[|v|^2]=31.9889 | time=3.7s
Epoch 107/500 | v_loss=-11.5712 | grad_v=146.4835 | E[|v|^2]=25.7656 | time=3.7s
Epoch 108/500 | v_loss=-13.7080 | grad_v=223.7918 | E[|v|^2]=30.0007 | time=3.7s
Epoch 109/500 | v_loss=-12.6649 | grad_v=111.2144 | E[|v|^2]=27.2552 | time=3.7s
Epoch 110/500 | v_loss=-13.8199 | grad_v=27.4622 | E[|v|^2]=26.6512 | time=3.7s
Epoch 111/500 | v_loss=-16.8866 | grad_v=122.9201 | E[|v|^2]=28.2204 | time=3.7s
Epoch 112/500 | v_loss=-15.5422 | grad_v=320.8477 | E[|v|^2]=27.4086 | time=3.7s
Epoch 113/500 | v_loss=-15.9220 | grad_v=52.2553 | E[|v|^2]=26.9209 | time=3.7s
Epoch 114/500 | v_loss=-13.1584 | grad_v=37.5420 | E[|v|^2]=25.9760 | time=3.7s
Epoch 115/500 | v_loss=-13.3257 | grad_v=90.6998 | E[|v|^2]=26.3520 | time=3.7s
Epoch 116/500 | v_loss=-14.1277 | grad_v=86.4798 | E[|v|^2]=27.3233 | time=3.7s
Epoch 117/500 | v_loss=-12.0159 | grad_v=18.7606 | E[|v|^2]=28.7110 | time=3.7s
Epoch 118/500 | v_loss=-13.9019 | grad_v=128.1745 | E[|v|^2]=27.5372 | time=3.7s
Epoch 119/500 | v_loss=-11.9273 | grad_v=154.1446 | E[|v|^2]=28.1401 | time=3.7s
Epoch 120/500 | v_loss=-12.5021 | grad_v=155.1777 | E[|v|^2]=26.8120 | time=3.7s
Epoch 121/500 | v_loss=-15.0684 | grad_v=71.8419 | E[|v|^2]=28.3995 | time=3.7s
Epoch 122/500 | v_loss=-13.1379 | grad_v=86.9189 | E[|v|^2]=26.8102 | time=3.7s
Epoch 123/500 | v_loss=-13.7934 | grad_v=55.1995 | E[|v|^2]=25.0756 | time=3.7s
Epoch 124/500 | v_loss=-14.6069 | grad_v=63.4239 | E[|v|^2]=29.1893 | time=3.7s
Epoch 125/500 | v_loss=-14.2465 | grad_v=140.7271 | E[|v|^2]=26.2947 | time=3.7s
Epoch 126/500 | v_loss=-13.2445 | grad_v=155.1085 | E[|v|^2]=29.2260 | time=3.7s
Epoch 127/500 | v_loss=-13.9762 | grad_v=72.7796 | E[|v|^2]=26.8509 | time=3.7s
Epoch 128/500 | v_loss=-13.7697 | grad_v=151.1285 | E[|v|^2]=28.1380 | time=3.7s
Epoch 129/500 | v_loss=-14.3679 | grad_v=130.6093 | E[|v|^2]=25.6816 | time=3.7s
Epoch 130/500 | v_loss=-14.7123 | grad_v=80.2539 | E[|v|^2]=27.9198 | time=3.7s
Epoch 131/500 | v_loss=-14.0695 | grad_v=82.7452 | E[|v|^2]=28.1639 | time=3.7s
Epoch 132/500 | v_loss=-15.2200 | grad_v=82.2615 | E[|v|^2]=26.8981 | time=3.7s
Epoch 133/500 | v_loss=-12.8651 | grad_v=87.0431 | E[|v|^2]=27.1461 | time=3.7s
Epoch 134/500 | v_loss=-16.2703 | grad_v=352.3447 | E[|v|^2]=28.4458 | time=3.7s
Epoch 135/500 | v_loss=-12.6749 | grad_v=89.0616 | E[|v|^2]=33.3893 | time=3.7s
Epoch 136/500 | v_loss=-12.4327 | grad_v=138.1905 | E[|v|^2]=25.0035 | time=3.7s
Epoch 137/500 | v_loss=-11.6426 | grad_v=208.3640 | E[|v|^2]=26.8496 | time=3.7s
Epoch 138/500 | v_loss=-13.2495 | grad_v=248.9153 | E[|v|^2]=29.2155 | time=3.7s
Epoch 139/500 | v_loss=-12.1508 | grad_v=106.6691 | E[|v|^2]=28.0198 | time=3.7s
Epoch 140/500 | v_loss=-12.0156 | grad_v=124.3967 | E[|v|^2]=25.8918 | time=3.7s
Epoch 141/500 | v_loss=-12.1425 | grad_v=178.5577 | E[|v|^2]=26.5793 | time=3.7s
Epoch 142/500 | v_loss=-15.0052 | grad_v=102.4387 | E[|v|^2]=26.7069 | time=3.7s
Epoch 143/500 | v_loss=-11.8326 | grad_v=21.8543 | E[|v|^2]=25.8048 | time=3.7s
Epoch 144/500 | v_loss=-11.9739 | grad_v=81.0007 | E[|v|^2]=29.7384 | time=3.7s
Epoch 145/500 | v_loss=-11.4611 | grad_v=186.2335 | E[|v|^2]=29.2891 | time=3.7s
Epoch 146/500 | v_loss=-13.0246 | grad_v=102.8248 | E[|v|^2]=29.1994 | time=3.7s
Epoch 147/500 | v_loss=-13.4834 | grad_v=59.9946 | E[|v|^2]=28.2347 | time=3.7s
Epoch 148/500 | v_loss=-14.5172 | grad_v=170.6618 | E[|v|^2]=28.9221 | time=3.7s
Epoch 149/500 | v_loss=-16.9542 | grad_v=280.3220 | E[|v|^2]=26.7032 | time=3.7s
Epoch 150/500 | v_loss=-13.1369 | grad_v=65.9235 | E[|v|^2]=25.9379 | time=3.7s
Epoch 151/500 | v_loss=-12.7359 | grad_v=18.0919 | E[|v|^2]=26.4005 | time=3.7s
Epoch 152/500 | v_loss=-16.0553 | grad_v=283.7483 | E[|v|^2]=30.6991 | time=3.7s
Epoch 153/500 | v_loss=-11.0535 | grad_v=100.2865 | E[|v|^2]=29.8371 | time=3.7s
Epoch 154/500 | v_loss=-14.2330 | grad_v=78.8264 | E[|v|^2]=27.4230 | time=3.7s
Epoch 155/500 | v_loss=-16.5724 | grad_v=384.7658 | E[|v|^2]=26.5668 | time=3.7s
Epoch 156/500 | v_loss=-14.6485 | grad_v=97.1367 | E[|v|^2]=26.2731 | time=3.7s
Epoch 157/500 | v_loss=-14.1362 | grad_v=125.6488 | E[|v|^2]=26.6501 | time=3.7s
Epoch 158/500 | v_loss=-13.7500 | grad_v=31.8136 | E[|v|^2]=26.0504 | time=3.7s
Epoch 159/500 | v_loss=-12.5771 | grad_v=265.8431 | E[|v|^2]=31.8654 | time=3.7s
Epoch 160/500 | v_loss=-15.2279 | grad_v=204.2882 | E[|v|^2]=28.5160 | time=3.7s
Epoch 161/500 | v_loss=-12.4936 | grad_v=83.4815 | E[|v|^2]=26.8767 | time=3.7s
Epoch 162/500 | v_loss=-15.1493 | grad_v=194.6612 | E[|v|^2]=26.9798 | time=3.7s
Epoch 163/500 | v_loss=-14.1591 | grad_v=302.9788 | E[|v|^2]=28.0723 | time=3.7s
Epoch 164/500 | v_loss=-15.0057 | grad_v=226.5849 | E[|v|^2]=28.7390 | time=3.7s
Epoch 165/500 | v_loss=-11.4015 | grad_v=253.6943 | E[|v|^2]=29.3221 | time=3.7s
Epoch 166/500 | v_loss=-13.5904 | grad_v=151.0407 | E[|v|^2]=26.5590 | time=3.7s
Epoch 167/500 | v_loss=-15.8049 | grad_v=206.4747 | E[|v|^2]=27.0902 | time=3.7s
Epoch 168/500 | v_loss=-12.5312 | grad_v=21.7058 | E[|v|^2]=25.3975 | time=3.7s
Epoch 169/500 | v_loss=-12.2902 | grad_v=157.0498 | E[|v|^2]=27.6156 | time=3.7s
Epoch 170/500 | v_loss=-13.4399 | grad_v=99.5283 | E[|v|^2]=26.1805 | time=3.7s
Epoch 171/500 | v_loss=-13.9141 | grad_v=47.6278 | E[|v|^2]=27.1551 | time=3.7s
Epoch 172/500 | v_loss=-16.5097 | grad_v=228.4696 | E[|v|^2]=27.5377 | time=3.7s
Epoch 173/500 | v_loss=-12.1671 | grad_v=118.7262 | E[|v|^2]=30.4674 | time=3.7s
Epoch 174/500 | v_loss=-12.3451 | grad_v=62.1900 | E[|v|^2]=27.1135 | time=3.7s
Epoch 175/500 | v_loss=-13.8408 | grad_v=127.7343 | E[|v|^2]=27.4003 | time=3.7s
Epoch 176/500 | v_loss=-14.6223 | grad_v=114.7042 | E[|v|^2]=27.4646 | time=3.7s
Epoch 177/500 | v_loss=-13.9586 | grad_v=94.6336 | E[|v|^2]=26.7948 | time=3.7s
Epoch 178/500 | v_loss=-14.9219 | grad_v=50.9831 | E[|v|^2]=27.4905 | time=3.7s
Epoch 179/500 | v_loss=-12.9376 | grad_v=340.7577 | E[|v|^2]=27.5566 | time=3.7s
Epoch 180/500 | v_loss=-14.1780 | grad_v=212.4694 | E[|v|^2]=28.2029 | time=3.7s
Epoch 181/500 | v_loss=-12.6773 | grad_v=140.1192 | E[|v|^2]=28.4917 | time=3.7s
Epoch 182/500 | v_loss=-13.4156 | grad_v=32.1906 | E[|v|^2]=28.1540 | time=3.7s
Epoch 183/500 | v_loss=-14.9356 | grad_v=225.1075 | E[|v|^2]=27.7583 | time=3.7s
Epoch 184/500 | v_loss=-13.6314 | grad_v=141.8365 | E[|v|^2]=26.8727 | time=3.7s
Epoch 185/500 | v_loss=-13.1200 | grad_v=220.3974 | E[|v|^2]=28.7709 | time=3.7s
Epoch 186/500 | v_loss=-13.1265 | grad_v=128.5186 | E[|v|^2]=26.2047 | time=3.7s
Epoch 187/500 | v_loss=-19.2623 | grad_v=861.6123 | E[|v|^2]=29.0623 | time=3.7s
Epoch 188/500 | v_loss=-12.6400 | grad_v=66.3919 | E[|v|^2]=27.5086 | time=3.7s
Epoch 189/500 | v_loss=-13.1919 | grad_v=58.8047 | E[|v|^2]=26.8860 | time=3.7s
Epoch 190/500 | v_loss=-13.8772 | grad_v=168.0156 | E[|v|^2]=28.8875 | time=3.7s
Epoch 191/500 | v_loss=-14.3743 | grad_v=257.5102 | E[|v|^2]=28.2816 | time=3.7s
Epoch 192/500 | v_loss=-14.5249 | grad_v=304.0349 | E[|v|^2]=27.7902 | time=3.7s
Epoch 193/500 | v_loss=-12.6549 | grad_v=164.8878 | E[|v|^2]=30.4122 | time=3.7s
Epoch 194/500 | v_loss=-11.7121 | grad_v=76.1296 | E[|v|^2]=29.6659 | time=3.7s
Epoch 195/500 | v_loss=-12.6423 | grad_v=33.3905 | E[|v|^2]=25.9604 | time=3.7s
Epoch 196/500 | v_loss=-13.4463 | grad_v=99.7538 | E[|v|^2]=27.0081 | time=3.7s
Epoch 197/500 | v_loss=-12.8893 | grad_v=370.9522 | E[|v|^2]=29.2378 | time=3.7s
Epoch 198/500 | v_loss=-13.5438 | grad_v=27.9801 | E[|v|^2]=26.5568 | time=3.7s
Epoch 199/500 | v_loss=-15.8083 | grad_v=803.3493 | E[|v|^2]=32.1210 | time=3.7s
Epoch 200/500 | v_loss=-13.0625 | grad_v=529.3737 | E[|v|^2]=29.7664 | time=3.7s
Epoch 201/500 | v_loss=-13.3615 | grad_v=177.3731 | E[|v|^2]=27.7982 | time=3.7s
Epoch 202/500 | v_loss=-11.2161 | grad_v=1195.6415 | E[|v|^2]=29.1628 | time=3.7s
Epoch 203/500 | v_loss=-15.0611 | grad_v=144.4687 | E[|v|^2]=27.0159 | time=3.7s
Epoch 204/500 | v_loss=-11.8053 | grad_v=57.0168 | E[|v|^2]=27.1866 | time=3.7s
Epoch 205/500 | v_loss=-15.1160 | grad_v=97.4496 | E[|v|^2]=28.9105 | time=3.7s
Epoch 206/500 | v_loss=-13.2270 | grad_v=25.1354 | E[|v|^2]=26.0250 | time=3.7s
Epoch 207/500 | v_loss=-13.0793 | grad_v=51.0735 | E[|v|^2]=26.5693 | time=3.7s
Epoch 208/500 | v_loss=-11.6914 | grad_v=189.2414 | E[|v|^2]=26.9549 | time=3.7s
Epoch 209/500 | v_loss=-12.6455 | grad_v=154.6994 | E[|v|^2]=29.4851 | time=3.7s
Epoch 210/500 | v_loss=-12.4701 | grad_v=37.9398 | E[|v|^2]=26.4040 | time=3.7s
Epoch 211/500 | v_loss=-13.2114 | grad_v=78.2420 | E[|v|^2]=27.3295 | time=3.7s
Epoch 212/500 | v_loss=-13.1035 | grad_v=110.7448 | E[|v|^2]=26.3065 | time=3.7s
Epoch 213/500 | v_loss=-12.2698 | grad_v=26.0445 | E[|v|^2]=26.5443 | time=3.7s
Epoch 214/500 | v_loss=-12.9110 | grad_v=18.5162 | E[|v|^2]=28.2808 | time=3.7s
Epoch 215/500 | v_loss=-12.8618 | grad_v=318.6726 | E[|v|^2]=29.1500 | time=3.7s
Epoch 216/500 | v_loss=-13.8037 | grad_v=106.6724 | E[|v|^2]=26.9996 | time=3.7s
Epoch 217/500 | v_loss=-14.3827 | grad_v=56.7661 | E[|v|^2]=26.5545 | time=3.7s
Epoch 218/500 | v_loss=-13.5053 | grad_v=41.4633 | E[|v|^2]=26.9845 | time=3.7s
Epoch 219/500 | v_loss=-11.0657 | grad_v=151.9051 | E[|v|^2]=27.0997 | time=3.7s
Epoch 220/500 | v_loss=-14.9599 | grad_v=308.2109 | E[|v|^2]=29.6357 | time=3.7s
Epoch 221/500 | v_loss=-13.1266 | grad_v=178.3204 | E[|v|^2]=29.1321 | time=3.7s
Epoch 222/500 | v_loss=-12.8936 | grad_v=22.7579 | E[|v|^2]=27.4778 | time=3.7s
Epoch 223/500 | v_loss=-12.3479 | grad_v=127.9792 | E[|v|^2]=27.6089 | time=3.7s
Epoch 224/500 | v_loss=-13.9896 | grad_v=373.7175 | E[|v|^2]=28.5258 | time=3.7s
Epoch 225/500 | v_loss=-14.6181 | grad_v=108.8426 | E[|v|^2]=26.6391 | time=3.7s
Epoch 226/500 | v_loss=-13.3363 | grad_v=64.3314 | E[|v|^2]=26.8667 | time=3.7s
Epoch 227/500 | v_loss=-16.3160 | grad_v=227.9900 | E[|v|^2]=27.3531 | time=3.7s
Epoch 228/500 | v_loss=-15.3005 | grad_v=233.8046 | E[|v|^2]=26.9049 | time=3.7s
Epoch 229/500 | v_loss=-14.1327 | grad_v=233.3970 | E[|v|^2]=27.7849 | time=3.7s
Epoch 230/500 | v_loss=-11.5691 | grad_v=548.6461 | E[|v|^2]=27.1503 | time=3.7s
Epoch 231/500 | v_loss=-12.8050 | grad_v=166.4743 | E[|v|^2]=28.3438 | time=3.7s
Epoch 232/500 | v_loss=-16.1038 | grad_v=306.5531 | E[|v|^2]=27.8400 | time=3.7s
Epoch 233/500 | v_loss=-12.1988 | grad_v=39.3474 | E[|v|^2]=27.6030 | time=3.7s
Epoch 234/500 | v_loss=-10.9241 | grad_v=83.7373 | E[|v|^2]=29.3493 | time=3.7s
Epoch 235/500 | v_loss=-12.6250 | grad_v=107.4195 | E[|v|^2]=27.8789 | time=3.7s
Epoch 236/500 | v_loss=-12.4221 | grad_v=55.8337 | E[|v|^2]=27.6188 | time=3.7s
Epoch 237/500 | v_loss=-14.5040 | grad_v=440.7697 | E[|v|^2]=29.6863 | time=3.7s
Epoch 238/500 | v_loss=-16.9889 | grad_v=223.1019 | E[|v|^2]=34.8101 | time=3.7s
Epoch 239/500 | v_loss=-11.7598 | grad_v=70.3264 | E[|v|^2]=26.9371 | time=3.7s
Epoch 240/500 | v_loss=-12.5402 | grad_v=136.5595 | E[|v|^2]=27.7820 | time=3.7s
Epoch 241/500 | v_loss=-13.9441 | grad_v=27.7537 | E[|v|^2]=25.6760 | time=3.7s
Epoch 242/500 | v_loss=-19.0892 | grad_v=397.1542 | E[|v|^2]=27.6860 | time=3.7s
Epoch 243/500 | v_loss=-10.7745 | grad_v=526.7869 | E[|v|^2]=31.5615 | time=3.7s
Epoch 244/500 | v_loss=-13.8692 | grad_v=571.7151 | E[|v|^2]=30.3918 | time=3.7s
Epoch 245/500 | v_loss=-16.3612 | grad_v=454.6159 | E[|v|^2]=29.1589 | time=3.7s
Epoch 246/500 | v_loss=-14.3159 | grad_v=169.2547 | E[|v|^2]=26.9924 | time=3.7s
Epoch 247/500 | v_loss=-13.5329 | grad_v=152.7857 | E[|v|^2]=26.8100 | time=3.7s
Epoch 248/500 | v_loss=-14.9018 | grad_v=198.2036 | E[|v|^2]=28.1803 | time=3.7s
Epoch 249/500 | v_loss=-11.8361 | grad_v=139.8469 | E[|v|^2]=28.4419 | time=3.7s
Epoch 250/500 | v_loss=-13.9186 | grad_v=128.0423 | E[|v|^2]=27.2216 | time=3.7s
Epoch 251/500 | v_loss=-12.3421 | grad_v=156.8391 | E[|v|^2]=27.9679 | time=3.7s
Epoch 252/500 | v_loss=-14.0096 | grad_v=158.0562 | E[|v|^2]=26.7152 | time=3.7s
Epoch 253/500 | v_loss=-12.4007 | grad_v=296.3259 | E[|v|^2]=27.4020 | time=3.7s
Epoch 254/500 | v_loss=-13.1503 | grad_v=56.9564 | E[|v|^2]=28.0449 | time=3.7s
Epoch 255/500 | v_loss=-14.3714 | grad_v=132.0709 | E[|v|^2]=30.2239 | time=3.7s
Epoch 256/500 | v_loss=-14.9860 | grad_v=151.0333 | E[|v|^2]=28.6750 | time=3.7s
Epoch 257/500 | v_loss=-13.1719 | grad_v=107.3111 | E[|v|^2]=27.2105 | time=3.7s
Epoch 258/500 | v_loss=-13.5367 | grad_v=92.8320 | E[|v|^2]=27.1075 | time=3.7s
Epoch 259/500 | v_loss=-13.1972 | grad_v=205.9426 | E[|v|^2]=27.1130 | time=3.7s
Epoch 260/500 | v_loss=-14.3811 | grad_v=53.9519 | E[|v|^2]=28.9820 | time=3.7s
Epoch 261/500 | v_loss=-10.8906 | grad_v=22.9567 | E[|v|^2]=26.7537 | time=3.7s
Epoch 262/500 | v_loss=-18.2131 | grad_v=383.5461 | E[|v|^2]=28.6104 | time=3.7s
Epoch 263/500 | v_loss=-11.9786 | grad_v=43.0616 | E[|v|^2]=27.2350 | time=3.7s
Epoch 264/500 | v_loss=-14.6567 | grad_v=364.3775 | E[|v|^2]=27.1428 | time=3.7s
Epoch 265/500 | v_loss=-15.5847 | grad_v=189.0238 | E[|v|^2]=28.1462 | time=3.7s
Epoch 266/500 | v_loss=-21.6807 | grad_v=1445.1191 | E[|v|^2]=28.4084 | time=3.7s
Epoch 267/500 | v_loss=-12.6465 | grad_v=145.6651 | E[|v|^2]=26.6879 | time=3.7s
Epoch 268/500 | v_loss=-14.6191 | grad_v=158.0104 | E[|v|^2]=29.0049 | time=3.7s
Epoch 269/500 | v_loss=-15.7700 | grad_v=350.5457 | E[|v|^2]=29.2807 | time=3.7s
Epoch 270/500 | v_loss=-13.2258 | grad_v=143.1573 | E[|v|^2]=27.2847 | time=3.7s
Epoch 271/500 | v_loss=-17.3906 | grad_v=568.5431 | E[|v|^2]=26.5900 | time=3.7s
Epoch 272/500 | v_loss=-9.4813 | grad_v=1117.5565 | E[|v|^2]=28.0129 | time=3.7s
Epoch 273/500 | v_loss=-12.5616 | grad_v=144.4638 | E[|v|^2]=29.0587 | time=3.7s
Epoch 274/500 | v_loss=-12.9471 | grad_v=62.4763 | E[|v|^2]=26.5154 | time=3.7s
Epoch 275/500 | v_loss=-15.7293 | grad_v=663.9679 | E[|v|^2]=27.4562 | time=3.7s
Epoch 276/500 | v_loss=-12.7695 | grad_v=584.7861 | E[|v|^2]=27.7779 | time=3.7s
Epoch 277/500 | v_loss=-15.6209 | grad_v=195.0599 | E[|v|^2]=27.2154 | time=3.7s
Epoch 278/500 | v_loss=-11.2238 | grad_v=224.1739 | E[|v|^2]=27.0077 | time=3.7s
Epoch 279/500 | v_loss=-13.6184 | grad_v=91.1497 | E[|v|^2]=26.8355 | time=3.7s
Epoch 280/500 | v_loss=-14.0012 | grad_v=311.7528 | E[|v|^2]=26.1005 | time=3.7s
Epoch 281/500 | v_loss=-16.2135 | grad_v=414.4245 | E[|v|^2]=27.1172 | time=3.7s
Epoch 282/500 | v_loss=-14.2536 | grad_v=57.5741 | E[|v|^2]=27.4809 | time=3.7s
Epoch 283/500 | v_loss=-14.7529 | grad_v=121.5670 | E[|v|^2]=27.0381 | time=3.7s
Epoch 284/500 | v_loss=-11.3421 | grad_v=21.3466 | E[|v|^2]=26.6902 | time=3.7s
Epoch 285/500 | v_loss=-23.5535 | grad_v=1977.8431 | E[|v|^2]=28.7827 | time=3.7s
Epoch 286/500 | v_loss=-5.0244 | grad_v=2545.0742 | E[|v|^2]=27.7275 | time=3.7s
Epoch 287/500 | v_loss=-12.3246 | grad_v=396.5458 | E[|v|^2]=27.9056 | time=3.7s
Epoch 288/500 | v_loss=-10.5295 | grad_v=1005.0972 | E[|v|^2]=29.0544 | time=3.7s
Epoch 289/500 | v_loss=-14.4424 | grad_v=191.6187 | E[|v|^2]=27.8025 | time=3.7s
Epoch 290/500 | v_loss=-10.7478 | grad_v=717.4082 | E[|v|^2]=28.7987 | time=3.7s
Epoch 291/500 | v_loss=-14.9500 | grad_v=439.1866 | E[|v|^2]=30.4263 | time=3.7s
Epoch 292/500 | v_loss=-12.6009 | grad_v=168.4505 | E[|v|^2]=26.8386 | time=3.7s
Epoch 293/500 | v_loss=-11.7799 | grad_v=479.8042 | E[|v|^2]=27.9517 | time=3.7s
Epoch 294/500 | v_loss=-13.7168 | grad_v=85.9818 | E[|v|^2]=27.2674 | time=3.7s
Epoch 295/500 | v_loss=-14.3754 | grad_v=61.5379 | E[|v|^2]=26.9133 | time=3.7s
Epoch 296/500 | v_loss=-12.1041 | grad_v=47.6867 | E[|v|^2]=27.1637 | time=3.7s
Epoch 297/500 | v_loss=-15.4959 | grad_v=406.3703 | E[|v|^2]=27.0292 | time=3.7s
Epoch 298/500 | v_loss=-12.6034 | grad_v=335.0106 | E[|v|^2]=27.3603 | time=3.7s
Epoch 299/500 | v_loss=-13.2819 | grad_v=50.2684 | E[|v|^2]=26.6691 | time=3.7s
Epoch 300/500 | v_loss=-12.9933 | grad_v=566.7784 | E[|v|^2]=27.4628 | time=3.7s
Epoch 301/500 | v_loss=-14.0324 | grad_v=58.5151 | E[|v|^2]=27.3630 | time=3.7s
Epoch 302/500 | v_loss=-12.4108 | grad_v=46.9903 | E[|v|^2]=28.2255 | time=3.7s
Epoch 303/500 | v_loss=-13.7575 | grad_v=55.8537 | E[|v|^2]=27.3535 | time=3.7s
Epoch 304/500 | v_loss=-13.2421 | grad_v=29.9519 | E[|v|^2]=28.3409 | time=3.7s
Epoch 305/500 | v_loss=-12.1068 | grad_v=12.6254 | E[|v|^2]=26.7170 | time=3.7s
Epoch 306/500 | v_loss=-12.5599 | grad_v=183.1239 | E[|v|^2]=27.8916 | time=3.7s
Epoch 307/500 | v_loss=-13.9846 | grad_v=249.0074 | E[|v|^2]=28.1146 | time=3.7s
Epoch 308/500 | v_loss=-15.8360 | grad_v=239.2065 | E[|v|^2]=28.6964 | time=3.7s
Epoch 309/500 | v_loss=-7.1423 | grad_v=1873.2991 | E[|v|^2]=28.7248 | time=3.7s
Epoch 310/500 | v_loss=-13.9540 | grad_v=188.0891 | E[|v|^2]=29.4297 | time=3.7s
Epoch 311/500 | v_loss=-10.2586 | grad_v=123.7230 | E[|v|^2]=27.9718 | time=3.7s
Epoch 312/500 | v_loss=-15.7698 | grad_v=917.0178 | E[|v|^2]=29.5992 | time=3.7s
Epoch 313/500 | v_loss=-12.4668 | grad_v=108.0559 | E[|v|^2]=29.2249 | time=3.7s
Epoch 314/500 | v_loss=-12.8943 | grad_v=71.9341 | E[|v|^2]=26.3921 | time=3.7s
Epoch 315/500 | v_loss=-13.2269 | grad_v=645.9408 | E[|v|^2]=28.0465 | time=3.7s
Epoch 316/500 | v_loss=-13.6984 | grad_v=200.4473 | E[|v|^2]=26.9057 | time=3.7s
Epoch 317/500 | v_loss=-14.2841 | grad_v=40.4053 | E[|v|^2]=29.4043 | time=3.7s
Epoch 318/500 | v_loss=-15.2746 | grad_v=43.5693 | E[|v|^2]=27.4078 | time=3.7s
Epoch 319/500 | v_loss=-13.5049 | grad_v=82.2774 | E[|v|^2]=26.8114 | time=3.7s
Epoch 320/500 | v_loss=-15.2215 | grad_v=127.8772 | E[|v|^2]=27.4610 | time=3.7s
Epoch 321/500 | v_loss=-15.1131 | grad_v=265.1026 | E[|v|^2]=27.2506 | time=3.7s
Epoch 322/500 | v_loss=-17.3383 | grad_v=1181.0930 | E[|v|^2]=27.3824 | time=3.7s
Epoch 323/500 | v_loss=-14.0908 | grad_v=361.5812 | E[|v|^2]=28.0844 | time=3.7s
Epoch 324/500 | v_loss=-12.6123 | grad_v=43.6367 | E[|v|^2]=26.3664 | time=3.7s
Epoch 325/500 | v_loss=-12.7199 | grad_v=95.6676 | E[|v|^2]=27.8837 | time=3.7s
Epoch 326/500 | v_loss=-20.2731 | grad_v=1658.8374 | E[|v|^2]=28.1542 | time=3.7s
Epoch 327/500 | v_loss=-15.8149 | grad_v=1291.8500 | E[|v|^2]=29.6645 | time=3.7s
Epoch 328/500 | v_loss=-12.5326 | grad_v=442.1504 | E[|v|^2]=29.0818 | time=3.7s
Epoch 329/500 | v_loss=-16.2658 | grad_v=493.1488 | E[|v|^2]=28.0610 | time=3.7s
Epoch 330/500 | v_loss=-13.6038 | grad_v=610.7735 | E[|v|^2]=30.3316 | time=3.7s
Epoch 331/500 | v_loss=-12.5364 | grad_v=170.8630 | E[|v|^2]=27.6677 | time=3.7s
Epoch 332/500 | v_loss=-10.7230 | grad_v=20.0911 | E[|v|^2]=28.1161 | time=3.7s
Epoch 333/500 | v_loss=-12.3754 | grad_v=195.3025 | E[|v|^2]=26.7087 | time=3.7s
Epoch 334/500 | v_loss=-13.1632 | grad_v=401.3433 | E[|v|^2]=27.2988 | time=3.7s
Epoch 335/500 | v_loss=-14.8258 | grad_v=42.0799 | E[|v|^2]=27.3463 | time=3.7s
Epoch 336/500 | v_loss=-13.2876 | grad_v=281.9977 | E[|v|^2]=30.1699 | time=3.7s
Epoch 337/500 | v_loss=-13.0805 | grad_v=44.9136 | E[|v|^2]=27.6311 | time=3.7s
Epoch 338/500 | v_loss=-14.1770 | grad_v=320.9766 | E[|v|^2]=28.9965 | time=3.7s
Epoch 339/500 | v_loss=-18.5090 | grad_v=562.0071 | E[|v|^2]=27.5634 | time=3.7s
Epoch 340/500 | v_loss=-13.4300 | grad_v=120.3619 | E[|v|^2]=27.0536 | time=3.7s
Epoch 341/500 | v_loss=-12.5813 | grad_v=196.4231 | E[|v|^2]=29.3065 | time=3.7s
Epoch 342/500 | v_loss=-11.0199 | grad_v=1936.0127 | E[|v|^2]=27.5401 | time=3.7s
Epoch 343/500 | v_loss=-12.0256 | grad_v=295.7154 | E[|v|^2]=27.6654 | time=3.7s
Epoch 344/500 | v_loss=-15.1467 | grad_v=172.3851 | E[|v|^2]=28.4690 | time=3.7s
Epoch 345/500 | v_loss=-14.3119 | grad_v=250.6356 | E[|v|^2]=27.4422 | time=3.7s
Epoch 346/500 | v_loss=-13.1284 | grad_v=500.8036 | E[|v|^2]=28.0118 | time=3.7s
Epoch 347/500 | v_loss=-16.2136 | grad_v=187.4641 | E[|v|^2]=27.4933 | time=3.7s
Epoch 348/500 | v_loss=-13.2505 | grad_v=119.2584 | E[|v|^2]=28.0680 | time=3.7s
Epoch 349/500 | v_loss=-12.9733 | grad_v=75.8073 | E[|v|^2]=27.2700 | time=3.7s
Epoch 350/500 | v_loss=-10.6527 | grad_v=391.2225 | E[|v|^2]=27.4593 | time=3.7s
Epoch 351/500 | v_loss=-12.7991 | grad_v=220.4901 | E[|v|^2]=27.8850 | time=3.7s
Epoch 352/500 | v_loss=-12.7801 | grad_v=284.8331 | E[|v|^2]=28.1048 | time=3.7s
Epoch 353/500 | v_loss=-14.6873 | grad_v=29.0872 | E[|v|^2]=27.2975 | time=3.7s
Epoch 354/500 | v_loss=-14.8651 | grad_v=94.4075 | E[|v|^2]=27.4180 | time=3.7s
Epoch 355/500 | v_loss=-12.3394 | grad_v=444.5670 | E[|v|^2]=27.2995 | time=3.7s
Epoch 356/500 | v_loss=-15.0007 | grad_v=110.4284 | E[|v|^2]=27.4825 | time=3.7s
Epoch 357/500 | v_loss=-20.2570 | grad_v=2090.8034 | E[|v|^2]=29.3069 | time=3.7s
Epoch 358/500 | v_loss=-13.8088 | grad_v=123.7495 | E[|v|^2]=27.0777 | time=3.7s
Epoch 359/500 | v_loss=-15.9227 | grad_v=250.8010 | E[|v|^2]=29.5412 | time=3.7s
Epoch 360/500 | v_loss=-14.4009 | grad_v=41.5892 | E[|v|^2]=27.8887 | time=3.7s
Epoch 361/500 | v_loss=-14.4071 | grad_v=185.3554 | E[|v|^2]=27.8168 | time=3.7s
Epoch 362/500 | v_loss=-12.5392 | grad_v=1033.1414 | E[|v|^2]=28.7056 | time=3.7s
Epoch 363/500 | v_loss=-13.5671 | grad_v=143.7822 | E[|v|^2]=28.0815 | time=3.7s
Epoch 364/500 | v_loss=-13.2841 | grad_v=140.2499 | E[|v|^2]=28.2476 | time=3.7s
Epoch 365/500 | v_loss=-13.1940 | grad_v=532.4816 | E[|v|^2]=28.2587 | time=3.7s
Epoch 366/500 | v_loss=-12.8332 | grad_v=111.9365 | E[|v|^2]=27.4206 | time=3.7s
Epoch 367/500 | v_loss=-13.8098 | grad_v=315.7788 | E[|v|^2]=27.8592 | time=3.7s
Epoch 368/500 | v_loss=-13.3443 | grad_v=333.6075 | E[|v|^2]=27.8812 | time=3.7s
Epoch 369/500 | v_loss=-13.2599 | grad_v=49.9147 | E[|v|^2]=27.9591 | time=3.7s
Epoch 370/500 | v_loss=-11.8437 | grad_v=22.1551 | E[|v|^2]=27.4227 | time=3.7s
Epoch 371/500 | v_loss=-12.5417 | grad_v=25.0719 | E[|v|^2]=28.4091 | time=3.7s
Epoch 372/500 | v_loss=-13.1257 | grad_v=44.2819 | E[|v|^2]=26.8062 | time=3.7s
Epoch 373/500 | v_loss=-13.3440 | grad_v=26.1224 | E[|v|^2]=27.0602 | time=3.7s
Epoch 374/500 | v_loss=-14.0721 | grad_v=36.0538 | E[|v|^2]=26.8384 | time=3.7s
Epoch 375/500 | v_loss=-14.4109 | grad_v=806.6254 | E[|v|^2]=28.3977 | time=3.7s
Epoch 376/500 | v_loss=-12.3307 | grad_v=24.2626 | E[|v|^2]=27.8473 | time=3.7s
Epoch 377/500 | v_loss=-13.5101 | grad_v=344.2221 | E[|v|^2]=28.6267 | time=3.7s
Epoch 378/500 | v_loss=-12.7636 | grad_v=147.9804 | E[|v|^2]=26.8080 | time=3.7s
Epoch 379/500 | v_loss=-12.0785 | grad_v=471.7687 | E[|v|^2]=28.0853 | time=3.7s
Epoch 380/500 | v_loss=-14.3697 | grad_v=394.9942 | E[|v|^2]=28.7404 | time=3.7s
Epoch 381/500 | v_loss=-12.0237 | grad_v=79.0081 | E[|v|^2]=28.1015 | time=3.7s
Epoch 382/500 | v_loss=-12.5552 | grad_v=154.2765 | E[|v|^2]=27.7482 | time=3.7s
Epoch 383/500 | v_loss=-13.7932 | grad_v=73.0184 | E[|v|^2]=28.2635 | time=3.7s
Epoch 384/500 | v_loss=-13.9383 | grad_v=561.8226 | E[|v|^2]=28.3584 | time=3.7s
Epoch 385/500 | v_loss=-12.0568 | grad_v=60.5911 | E[|v|^2]=27.9103 | time=3.7s
Epoch 386/500 | v_loss=-11.9867 | grad_v=433.5338 | E[|v|^2]=27.9465 | time=3.7s
Epoch 387/500 | v_loss=-14.8548 | grad_v=439.9445 | E[|v|^2]=28.9419 | time=3.7s
Epoch 388/500 | v_loss=-13.7285 | grad_v=222.7154 | E[|v|^2]=27.9935 | time=3.7s
Epoch 389/500 | v_loss=-12.9342 | grad_v=50.4852 | E[|v|^2]=27.7699 | time=3.7s
Epoch 390/500 | v_loss=-11.9481 | grad_v=129.0407 | E[|v|^2]=27.3458 | time=3.7s
Epoch 391/500 | v_loss=-12.6642 | grad_v=57.9628 | E[|v|^2]=28.0236 | time=3.7s
Epoch 392/500 | v_loss=-15.0894 | grad_v=564.6492 | E[|v|^2]=27.9097 | time=3.7s
Epoch 393/500 | v_loss=-13.1472 | grad_v=209.7204 | E[|v|^2]=29.2007 | time=3.7s
Epoch 394/500 | v_loss=-13.6651 | grad_v=205.7771 | E[|v|^2]=28.3772 | time=3.7s
Epoch 395/500 | v_loss=-18.9013 | grad_v=449.6661 | E[|v|^2]=28.2928 | time=3.7s
Epoch 396/500 | v_loss=-12.2434 | grad_v=572.9029 | E[|v|^2]=27.9278 | time=3.7s
Epoch 397/500 | v_loss=-18.5173 | grad_v=709.9431 | E[|v|^2]=29.2631 | time=3.7s
Epoch 398/500 | v_loss=-10.9628 | grad_v=39.7626 | E[|v|^2]=28.5073 | time=3.7s
Epoch 399/500 | v_loss=-12.2202 | grad_v=47.6817 | E[|v|^2]=28.1870 | time=3.7s
Epoch 400/500 | v_loss=-13.3714 | grad_v=68.0822 | E[|v|^2]=28.7369 | time=3.7s
Epoch 401/500 | v_loss=-13.5184 | grad_v=120.1195 | E[|v|^2]=27.8672 | time=3.7s
Epoch 402/500 | v_loss=-13.0087 | grad_v=615.8843 | E[|v|^2]=27.2185 | time=3.7s
Epoch 403/500 | v_loss=-12.7043 | grad_v=1302.0358 | E[|v|^2]=27.3431 | time=3.7s
Epoch 404/500 | v_loss=-14.3064 | grad_v=164.5093 | E[|v|^2]=27.8438 | time=3.7s
Epoch 405/500 | v_loss=-11.4027 | grad_v=15.1636 | E[|v|^2]=27.3084 | time=3.7s
Epoch 406/500 | v_loss=-15.2931 | grad_v=223.0912 | E[|v|^2]=27.5357 | time=3.7s
Epoch 407/500 | v_loss=-11.8612 | grad_v=753.6086 | E[|v|^2]=28.1939 | time=3.7s
Epoch 408/500 | v_loss=-13.3450 | grad_v=895.7784 | E[|v|^2]=28.0482 | time=3.7s
Epoch 409/500 | v_loss=-16.1270 | grad_v=159.5113 | E[|v|^2]=26.9506 | time=3.7s
Epoch 410/500 | v_loss=-14.5137 | grad_v=288.4901 | E[|v|^2]=28.2000 | time=3.7s
Epoch 411/500 | v_loss=-14.5458 | grad_v=72.5627 | E[|v|^2]=28.2010 | time=3.7s
Epoch 412/500 | v_loss=-16.8223 | grad_v=749.6779 | E[|v|^2]=28.1849 | time=3.7s
Epoch 413/500 | v_loss=-12.0506 | grad_v=44.6143 | E[|v|^2]=27.8697 | time=3.7s
Epoch 414/500 | v_loss=-12.9900 | grad_v=200.2689 | E[|v|^2]=27.0718 | time=3.7s
Epoch 415/500 | v_loss=-16.2259 | grad_v=752.5873 | E[|v|^2]=27.8671 | time=3.7s
Epoch 416/500 | v_loss=-13.8890 | grad_v=108.1239 | E[|v|^2]=29.6018 | time=3.7s
Epoch 417/500 | v_loss=-20.8921 | grad_v=3592.7261 | E[|v|^2]=28.2020 | time=3.7s
Epoch 418/500 | v_loss=-9.4562 | grad_v=362.3933 | E[|v|^2]=27.0847 | time=3.7s
Epoch 419/500 | v_loss=-13.0412 | grad_v=732.4933 | E[|v|^2]=27.5322 | time=3.7s
Epoch 420/500 | v_loss=-17.1743 | grad_v=506.0754 | E[|v|^2]=28.9529 | time=3.7s
Epoch 421/500 | v_loss=-13.9319 | grad_v=644.8462 | E[|v|^2]=28.1077 | time=3.7s
Epoch 422/500 | v_loss=-15.4408 | grad_v=157.0285 | E[|v|^2]=28.1958 | time=3.7s
Epoch 423/500 | v_loss=-12.9605 | grad_v=379.4899 | E[|v|^2]=28.1633 | time=3.7s
Epoch 424/500 | v_loss=-15.0707 | grad_v=350.1633 | E[|v|^2]=27.6012 | time=3.7s
Epoch 425/500 | v_loss=-14.3461 | grad_v=90.0537 | E[|v|^2]=27.8923 | time=3.7s
Epoch 426/500 | v_loss=-13.4816 | grad_v=19.9658 | E[|v|^2]=27.7712 | time=3.7s
Epoch 427/500 | v_loss=-12.0177 | grad_v=183.0535 | E[|v|^2]=28.1457 | time=3.7s
Epoch 428/500 | v_loss=-18.7827 | grad_v=553.1580 | E[|v|^2]=28.1219 | time=3.7s
Epoch 429/500 | v_loss=-14.5912 | grad_v=286.2046 | E[|v|^2]=28.1446 | time=3.7s
Epoch 430/500 | v_loss=-14.2307 | grad_v=297.2373 | E[|v|^2]=28.3588 | time=3.7s
Epoch 431/500 | v_loss=-12.3281 | grad_v=331.4009 | E[|v|^2]=29.0081 | time=3.7s
Epoch 432/500 | v_loss=-16.2865 | grad_v=283.4088 | E[|v|^2]=28.2963 | time=3.7s
Epoch 433/500 | v_loss=-11.8767 | grad_v=1187.5936 | E[|v|^2]=27.9607 | time=3.7s
Epoch 434/500 | v_loss=-12.9641 | grad_v=30.6158 | E[|v|^2]=27.0487 | time=3.7s
Epoch 435/500 | v_loss=-12.7579 | grad_v=142.9350 | E[|v|^2]=28.2796 | time=3.7s
Epoch 436/500 | v_loss=-12.9183 | grad_v=58.2990 | E[|v|^2]=27.4097 | time=3.7s
Epoch 437/500 | v_loss=-14.0439 | grad_v=273.1348 | E[|v|^2]=27.6767 | time=3.7s
Epoch 438/500 | v_loss=-12.5155 | grad_v=74.4321 | E[|v|^2]=27.2245 | time=3.7s
Epoch 439/500 | v_loss=-17.0747 | grad_v=510.8386 | E[|v|^2]=28.9578 | time=3.7s
Epoch 440/500 | v_loss=-14.6805 | grad_v=601.8826 | E[|v|^2]=27.9477 | time=3.7s
Epoch 441/500 | v_loss=-13.0568 | grad_v=324.7466 | E[|v|^2]=27.5390 | time=3.7s
Epoch 442/500 | v_loss=-12.3714 | grad_v=347.0355 | E[|v|^2]=27.3869 | time=3.7s
Epoch 443/500 | v_loss=-12.2236 | grad_v=80.7361 | E[|v|^2]=28.2528 | time=3.7s
Epoch 444/500 | v_loss=-14.6928 | grad_v=265.9275 | E[|v|^2]=27.9152 | time=3.7s
Epoch 445/500 | v_loss=-13.0066 | grad_v=123.2315 | E[|v|^2]=29.3320 | time=3.7s
Epoch 446/500 | v_loss=-20.1122 | grad_v=807.4701 | E[|v|^2]=28.0565 | time=3.7s
Epoch 447/500 | v_loss=-11.8955 | grad_v=377.2611 | E[|v|^2]=27.3766 | time=3.7s
Epoch 448/500 | v_loss=-13.9887 | grad_v=64.2220 | E[|v|^2]=27.2255 | time=3.7s
Epoch 449/500 | v_loss=-14.0704 | grad_v=197.9288 | E[|v|^2]=28.7555 | time=3.7s
Epoch 450/500 | v_loss=-11.8170 | grad_v=42.4278 | E[|v|^2]=27.8573 | time=3.7s
Epoch 451/500 | v_loss=-12.7971 | grad_v=197.2057 | E[|v|^2]=27.8959 | time=3.7s
Epoch 452/500 | v_loss=-15.2137 | grad_v=167.5741 | E[|v|^2]=28.1374 | time=3.7s
Epoch 453/500 | v_loss=-13.8439 | grad_v=412.8618 | E[|v|^2]=28.9760 | time=3.7s
Epoch 454/500 | v_loss=-11.3422 | grad_v=106.0163 | E[|v|^2]=27.6581 | time=3.7s
Epoch 455/500 | v_loss=-16.3197 | grad_v=120.4975 | E[|v|^2]=28.8525 | time=3.7s
Epoch 456/500 | v_loss=-13.3660 | grad_v=70.9893 | E[|v|^2]=27.5093 | time=3.7s
Epoch 457/500 | v_loss=-14.3808 | grad_v=241.7892 | E[|v|^2]=28.5105 | time=3.7s
Epoch 458/500 | v_loss=-16.3069 | grad_v=1200.4169 | E[|v|^2]=28.1815 | time=3.7s
Epoch 459/500 | v_loss=-13.3342 | grad_v=152.1761 | E[|v|^2]=28.7217 | time=3.7s
Epoch 460/500 | v_loss=-11.4230 | grad_v=32.7534 | E[|v|^2]=27.0143 | time=3.7s
Epoch 461/500 | v_loss=-17.9508 | grad_v=1528.9984 | E[|v|^2]=27.3820 | time=3.7s
Epoch 462/500 | v_loss=-14.4027 | grad_v=247.5082 | E[|v|^2]=29.0508 | time=3.7s
Epoch 463/500 | v_loss=-16.6888 | grad_v=738.3723 | E[|v|^2]=28.7526 | time=3.7s
Epoch 464/500 | v_loss=-19.0116 | grad_v=969.0011 | E[|v|^2]=27.4128 | time=3.7s
Epoch 465/500 | v_loss=-13.3574 | grad_v=379.6237 | E[|v|^2]=28.2644 | time=3.7s
Epoch 466/500 | v_loss=-12.6093 | grad_v=455.6575 | E[|v|^2]=27.8686 | time=3.7s
Epoch 467/500 | v_loss=-13.4814 | grad_v=53.9788 | E[|v|^2]=27.1745 | time=3.7s
Epoch 468/500 | v_loss=-13.6878 | grad_v=270.3889 | E[|v|^2]=26.8505 | time=3.7s
Epoch 469/500 | v_loss=-12.5249 | grad_v=71.9231 | E[|v|^2]=28.0497 | time=3.7s
Epoch 470/500 | v_loss=-12.8491 | grad_v=161.8615 | E[|v|^2]=27.7263 | time=3.7s
Epoch 471/500 | v_loss=-13.8134 | grad_v=834.1984 | E[|v|^2]=27.7108 | time=3.7s
Epoch 472/500 | v_loss=-13.0013 | grad_v=567.4691 | E[|v|^2]=28.3796 | time=3.7s
Epoch 473/500 | v_loss=-15.6955 | grad_v=1177.9867 | E[|v|^2]=27.7386 | time=3.7s
Epoch 474/500 | v_loss=-12.8986 | grad_v=119.7749 | E[|v|^2]=28.2560 | time=3.7s
Epoch 475/500 | v_loss=-22.0084 | grad_v=2121.7411 | E[|v|^2]=27.7441 | time=3.7s
Epoch 476/500 | v_loss=-12.6227 | grad_v=351.3316 | E[|v|^2]=28.8053 | time=3.7s
Epoch 477/500 | v_loss=-16.1835 | grad_v=308.6569 | E[|v|^2]=28.1197 | time=3.7s
Epoch 478/500 | v_loss=-15.9776 | grad_v=1091.3179 | E[|v|^2]=28.4914 | time=3.7s
Epoch 479/500 | v_loss=-14.3930 | grad_v=217.3237 | E[|v|^2]=27.2411 | time=3.7s
Epoch 480/500 | v_loss=-11.8659 | grad_v=481.1141 | E[|v|^2]=27.8850 | time=3.7s
Epoch 481/500 | v_loss=-13.1786 | grad_v=67.0359 | E[|v|^2]=28.6447 | time=3.7s
Epoch 482/500 | v_loss=-15.6609 | grad_v=29.9867 | E[|v|^2]=27.3551 | time=3.7s
Epoch 483/500 | v_loss=-19.4265 | grad_v=179.7638 | E[|v|^2]=27.7485 | time=3.7s
Epoch 484/500 | v_loss=-15.5168 | grad_v=664.5134 | E[|v|^2]=27.8819 | time=3.7s
Epoch 485/500 | v_loss=-26.3878 | grad_v=8017.2236 | E[|v|^2]=27.9315 | time=3.7s
Epoch 486/500 | v_loss=-13.8567 | grad_v=179.5240 | E[|v|^2]=28.0036 | time=3.7s
Epoch 487/500 | v_loss=-13.1124 | grad_v=390.8021 | E[|v|^2]=29.7259 | time=3.7s
Epoch 488/500 | v_loss=-12.0479 | grad_v=339.3596 | E[|v|^2]=28.0613 | time=3.7s
Epoch 489/500 | v_loss=-12.7923 | grad_v=53.3276 | E[|v|^2]=28.3929 | time=3.7s
Epoch 490/500 | v_loss=-14.9612 | grad_v=176.4623 | E[|v|^2]=27.7627 | time=3.7s
Epoch 491/500 | v_loss=-12.4120 | grad_v=30.1515 | E[|v|^2]=28.0136 | time=3.7s
Epoch 492/500 | v_loss=-15.5450 | grad_v=340.4467 | E[|v|^2]=28.0499 | time=3.7s
Epoch 493/500 | v_loss=-19.4573 | grad_v=188.7861 | E[|v|^2]=28.5561 | time=3.7s
Epoch 494/500 | v_loss=-13.0691 | grad_v=194.3975 | E[|v|^2]=28.1686 | time=3.7s
Epoch 495/500 | v_loss=-16.5906 | grad_v=211.5328 | E[|v|^2]=28.1996 | time=3.7s
Epoch 496/500 | v_loss=-11.3523 | grad_v=169.0061 | E[|v|^2]=28.2067 | time=3.7s
Epoch 497/500 | v_loss=-13.2892 | grad_v=635.3266 | E[|v|^2]=28.0130 | time=3.7s
Epoch 498/500 | v_loss=-12.1381 | grad_v=52.7010 | E[|v|^2]=28.4777 | time=3.7s
Epoch 499/500 | v_loss=-13.1791 | grad_v=463.6989 | E[|v|^2]=28.6418 | time=3.7s
Epoch 500/500 | v_loss=-25.1243 | grad_v=4849.8440 | E[|v|^2]=28.5784 | time=3.7s
Saved metrics to results_multivariate_sweep/lr1e-4_p1.0_0.5_q1.0_0.5/metrics.json
