[multivariate-tuning] Using device: cuda
[multivariate-tuning] Learning rate: 0.0001
[multivariate-tuning] Exponents p: [1.0, 1.0], q: [1.0, 1.0]
Saved interpolant trajectories to results_multivariate_sweep/lr1e-4_p1.0_1.0_q1.0_1.0/multivariate_trajectories.png
Epoch 1/500 | v_loss=-12.2029 | grad_v=8.6396 | E[|v|^2]=24.1515 | time=4.0s
Epoch 2/500 | v_loss=-11.8612 | grad_v=8.3436 | E[|v|^2]=24.3592 | time=3.9s
Epoch 3/500 | v_loss=-11.7470 | grad_v=8.0731 | E[|v|^2]=23.7941 | time=3.9s
Epoch 4/500 | v_loss=-12.7472 | grad_v=5.2067 | E[|v|^2]=23.6544 | time=3.9s
Epoch 5/500 | v_loss=-11.6291 | grad_v=10.9821 | E[|v|^2]=23.5470 | time=3.9s
Epoch 6/500 | v_loss=-11.2035 | grad_v=7.8274 | E[|v|^2]=25.0152 | time=3.9s
Epoch 7/500 | v_loss=-12.6054 | grad_v=8.9333 | E[|v|^2]=23.4982 | time=3.9s
Epoch 8/500 | v_loss=-12.1973 | grad_v=11.4456 | E[|v|^2]=23.8062 | time=3.9s
Epoch 9/500 | v_loss=-11.6161 | grad_v=5.5673 | E[|v|^2]=24.0506 | time=3.9s
Epoch 10/500 | v_loss=-11.8529 | grad_v=6.3370 | E[|v|^2]=23.4983 | time=3.9s
Epoch 11/500 | v_loss=-12.2053 | grad_v=4.9726 | E[|v|^2]=24.4725 | time=3.9s
Epoch 12/500 | v_loss=-12.9047 | grad_v=5.0138 | E[|v|^2]=22.8813 | time=3.9s
Epoch 13/500 | v_loss=-11.2400 | grad_v=5.4263 | E[|v|^2]=23.8500 | time=3.9s
Epoch 14/500 | v_loss=-12.2070 | grad_v=9.3022 | E[|v|^2]=23.3881 | time=3.9s
Epoch 15/500 | v_loss=-11.0549 | grad_v=5.0940 | E[|v|^2]=23.7238 | time=3.9s
Epoch 16/500 | v_loss=-12.6233 | grad_v=8.1766 | E[|v|^2]=23.9592 | time=3.9s
Epoch 17/500 | v_loss=-11.8011 | grad_v=7.7925 | E[|v|^2]=24.5380 | time=3.9s
Epoch 18/500 | v_loss=-11.6551 | grad_v=6.8997 | E[|v|^2]=23.5337 | time=3.9s
Epoch 19/500 | v_loss=-11.3924 | grad_v=6.3605 | E[|v|^2]=24.0085 | time=3.9s
Epoch 20/500 | v_loss=-11.6469 | grad_v=4.2527 | E[|v|^2]=23.4031 | time=3.9s
Epoch 21/500 | v_loss=-11.6800 | grad_v=7.5913 | E[|v|^2]=24.7574 | time=3.9s
Epoch 22/500 | v_loss=-12.2891 | grad_v=5.7790 | E[|v|^2]=23.6166 | time=3.9s
Epoch 23/500 | v_loss=-11.9634 | grad_v=5.9307 | E[|v|^2]=24.0427 | time=3.9s
Epoch 24/500 | v_loss=-11.5955 | grad_v=3.8177 | E[|v|^2]=23.9192 | time=3.9s
Epoch 25/500 | v_loss=-11.8235 | grad_v=8.0288 | E[|v|^2]=23.0536 | time=3.9s
Epoch 26/500 | v_loss=-11.9401 | grad_v=5.0292 | E[|v|^2]=23.2548 | time=3.9s
Epoch 27/500 | v_loss=-13.7389 | grad_v=5.2134 | E[|v|^2]=24.0793 | time=3.9s
Epoch 28/500 | v_loss=-12.2785 | grad_v=8.7001 | E[|v|^2]=23.5440 | time=3.9s
Epoch 29/500 | v_loss=-12.0807 | grad_v=10.6171 | E[|v|^2]=23.5874 | time=3.9s
Epoch 30/500 | v_loss=-11.7858 | grad_v=7.8760 | E[|v|^2]=23.6982 | time=3.9s
Epoch 31/500 | v_loss=-11.9655 | grad_v=5.2963 | E[|v|^2]=24.8648 | time=3.9s
Epoch 32/500 | v_loss=-12.5086 | grad_v=6.7667 | E[|v|^2]=23.9026 | time=3.9s
Epoch 33/500 | v_loss=-12.7713 | grad_v=4.5225 | E[|v|^2]=24.2974 | time=3.9s
Epoch 34/500 | v_loss=-11.6193 | grad_v=5.0088 | E[|v|^2]=24.1689 | time=3.9s
Epoch 35/500 | v_loss=-12.1052 | grad_v=4.9628 | E[|v|^2]=24.3486 | time=3.9s
Epoch 36/500 | v_loss=-12.1554 | grad_v=4.9605 | E[|v|^2]=24.4146 | time=3.9s
Epoch 37/500 | v_loss=-11.7138 | grad_v=3.3759 | E[|v|^2]=24.1466 | time=3.9s
Epoch 38/500 | v_loss=-11.7645 | grad_v=5.5347 | E[|v|^2]=24.0842 | time=3.9s
Epoch 39/500 | v_loss=-13.2992 | grad_v=8.1293 | E[|v|^2]=24.0332 | time=3.9s
Epoch 40/500 | v_loss=-12.4830 | grad_v=6.3710 | E[|v|^2]=23.4766 | time=3.9s
Epoch 41/500 | v_loss=-12.8593 | grad_v=5.5435 | E[|v|^2]=23.8697 | time=3.9s
Epoch 42/500 | v_loss=-11.7515 | grad_v=6.6843 | E[|v|^2]=23.9303 | time=3.9s
Epoch 43/500 | v_loss=-11.9854 | grad_v=6.1170 | E[|v|^2]=24.1976 | time=3.9s
Epoch 44/500 | v_loss=-13.1424 | grad_v=7.1811 | E[|v|^2]=24.5793 | time=3.9s
Epoch 45/500 | v_loss=-11.6677 | grad_v=4.8382 | E[|v|^2]=24.1394 | time=3.9s
Epoch 46/500 | v_loss=-11.9362 | grad_v=6.2023 | E[|v|^2]=23.7608 | time=3.9s
Epoch 47/500 | v_loss=-11.8176 | grad_v=4.8107 | E[|v|^2]=23.5777 | time=3.9s
Epoch 48/500 | v_loss=-11.6571 | grad_v=5.3769 | E[|v|^2]=24.3498 | time=3.9s
Epoch 49/500 | v_loss=-11.1613 | grad_v=5.8238 | E[|v|^2]=23.8122 | time=3.9s
Epoch 50/500 | v_loss=-12.3225 | grad_v=5.0625 | E[|v|^2]=23.7011 | time=3.9s
Epoch 51/500 | v_loss=-13.1976 | grad_v=5.8464 | E[|v|^2]=24.7810 | time=3.9s
Epoch 52/500 | v_loss=-10.8893 | grad_v=4.4461 | E[|v|^2]=23.5847 | time=3.9s
Epoch 53/500 | v_loss=-13.4717 | grad_v=6.0490 | E[|v|^2]=22.9529 | time=3.9s
Epoch 54/500 | v_loss=-11.9829 | grad_v=9.4519 | E[|v|^2]=24.0805 | time=3.6s
Epoch 55/500 | v_loss=-11.8155 | grad_v=3.8885 | E[|v|^2]=23.8660 | time=3.6s
Epoch 56/500 | v_loss=-11.2371 | grad_v=6.1884 | E[|v|^2]=23.9871 | time=3.6s
Epoch 57/500 | v_loss=-12.0401 | grad_v=5.5582 | E[|v|^2]=23.6083 | time=3.6s
Epoch 58/500 | v_loss=-12.1606 | grad_v=8.2019 | E[|v|^2]=23.8052 | time=3.6s
Epoch 59/500 | v_loss=-13.2057 | grad_v=7.0656 | E[|v|^2]=24.5453 | time=3.6s
Epoch 60/500 | v_loss=-12.3020 | grad_v=6.3671 | E[|v|^2]=23.9863 | time=3.6s
Epoch 61/500 | v_loss=-11.6294 | grad_v=4.3999 | E[|v|^2]=24.5557 | time=3.6s
Epoch 62/500 | v_loss=-11.1173 | grad_v=5.6622 | E[|v|^2]=23.7956 | time=3.6s
Epoch 63/500 | v_loss=-11.6803 | grad_v=4.4454 | E[|v|^2]=23.6803 | time=3.6s
Epoch 64/500 | v_loss=-12.0541 | grad_v=4.0335 | E[|v|^2]=23.8766 | time=3.6s
Epoch 65/500 | v_loss=-11.4429 | grad_v=7.6974 | E[|v|^2]=24.0245 | time=3.6s
Epoch 66/500 | v_loss=-11.8538 | grad_v=3.9205 | E[|v|^2]=23.9088 | time=3.6s
Epoch 67/500 | v_loss=-12.4980 | grad_v=4.2004 | E[|v|^2]=23.9623 | time=3.6s
Epoch 68/500 | v_loss=-12.7949 | grad_v=7.4987 | E[|v|^2]=23.9809 | time=3.6s
Epoch 69/500 | v_loss=-12.3020 | grad_v=6.8102 | E[|v|^2]=24.0666 | time=3.6s
Epoch 70/500 | v_loss=-11.8481 | grad_v=5.8393 | E[|v|^2]=23.1590 | time=3.6s
Epoch 71/500 | v_loss=-11.8338 | grad_v=3.0874 | E[|v|^2]=23.8611 | time=3.6s
Epoch 72/500 | v_loss=-11.2727 | grad_v=6.2815 | E[|v|^2]=23.3354 | time=3.6s
Epoch 73/500 | v_loss=-12.2380 | grad_v=5.5969 | E[|v|^2]=23.8043 | time=3.6s
Epoch 74/500 | v_loss=-12.8599 | grad_v=5.2181 | E[|v|^2]=23.8461 | time=3.6s
Epoch 75/500 | v_loss=-11.5324 | grad_v=4.6172 | E[|v|^2]=24.0529 | time=3.6s
Epoch 76/500 | v_loss=-11.6103 | grad_v=6.3724 | E[|v|^2]=24.3506 | time=3.6s
Epoch 77/500 | v_loss=-11.0996 | grad_v=5.5084 | E[|v|^2]=23.9850 | time=3.6s
Epoch 78/500 | v_loss=-11.1406 | grad_v=7.7476 | E[|v|^2]=24.2403 | time=3.6s
Epoch 79/500 | v_loss=-12.6718 | grad_v=6.2638 | E[|v|^2]=23.7057 | time=3.6s
Epoch 80/500 | v_loss=-13.1280 | grad_v=7.0252 | E[|v|^2]=24.1791 | time=3.6s
Epoch 81/500 | v_loss=-12.3106 | grad_v=4.9175 | E[|v|^2]=23.8725 | time=3.6s
Epoch 82/500 | v_loss=-12.0599 | grad_v=6.2596 | E[|v|^2]=24.3618 | time=3.6s
Epoch 83/500 | v_loss=-12.0734 | grad_v=9.7166 | E[|v|^2]=24.1097 | time=3.6s
Epoch 84/500 | v_loss=-13.1398 | grad_v=6.6659 | E[|v|^2]=24.1334 | time=3.6s
Epoch 85/500 | v_loss=-11.5721 | grad_v=5.6856 | E[|v|^2]=24.0960 | time=3.6s
Epoch 86/500 | v_loss=-11.6092 | grad_v=6.0402 | E[|v|^2]=23.7555 | time=3.6s
Epoch 87/500 | v_loss=-12.2865 | grad_v=4.3123 | E[|v|^2]=23.7131 | time=3.6s
Epoch 88/500 | v_loss=-12.2093 | grad_v=4.4420 | E[|v|^2]=24.1028 | time=3.6s
Epoch 89/500 | v_loss=-11.7476 | grad_v=5.2754 | E[|v|^2]=23.8622 | time=3.6s
Epoch 90/500 | v_loss=-13.1132 | grad_v=5.0626 | E[|v|^2]=24.0820 | time=3.6s
Epoch 91/500 | v_loss=-12.2525 | grad_v=5.7477 | E[|v|^2]=23.6428 | time=3.6s
Epoch 92/500 | v_loss=-12.4281 | grad_v=5.1316 | E[|v|^2]=24.0311 | time=3.6s
Epoch 93/500 | v_loss=-12.7000 | grad_v=11.3174 | E[|v|^2]=24.2454 | time=3.6s
Epoch 94/500 | v_loss=-11.4304 | grad_v=6.1041 | E[|v|^2]=23.9994 | time=3.6s
Epoch 95/500 | v_loss=-10.6720 | grad_v=4.8028 | E[|v|^2]=24.2168 | time=3.6s
Epoch 96/500 | v_loss=-11.7465 | grad_v=6.2040 | E[|v|^2]=23.9623 | time=3.6s
Epoch 97/500 | v_loss=-12.8322 | grad_v=5.0697 | E[|v|^2]=24.2334 | time=3.6s
Epoch 98/500 | v_loss=-12.7219 | grad_v=4.8489 | E[|v|^2]=24.1555 | time=3.6s
Epoch 99/500 | v_loss=-12.9249 | grad_v=6.7695 | E[|v|^2]=24.0697 | time=3.6s
Epoch 100/500 | v_loss=-12.6137 | grad_v=7.6672 | E[|v|^2]=24.2520 | time=3.6s
Epoch 101/500 | v_loss=-12.6818 | grad_v=6.7645 | E[|v|^2]=24.0910 | time=3.6s
Epoch 102/500 | v_loss=-12.2623 | grad_v=9.5199 | E[|v|^2]=24.4394 | time=3.6s
Epoch 103/500 | v_loss=-11.5470 | grad_v=4.9822 | E[|v|^2]=23.8133 | time=3.6s
Epoch 104/500 | v_loss=-11.9865 | grad_v=4.9633 | E[|v|^2]=23.8920 | time=3.6s
Epoch 105/500 | v_loss=-11.3025 | grad_v=7.1570 | E[|v|^2]=23.8768 | time=3.6s
Epoch 106/500 | v_loss=-11.7311 | grad_v=5.0743 | E[|v|^2]=24.1578 | time=3.6s
Epoch 107/500 | v_loss=-12.0285 | grad_v=3.8637 | E[|v|^2]=24.0410 | time=3.6s
Epoch 108/500 | v_loss=-11.9804 | grad_v=8.8286 | E[|v|^2]=24.0416 | time=3.6s
Epoch 109/500 | v_loss=-10.9650 | grad_v=9.7781 | E[|v|^2]=23.7076 | time=3.6s
Epoch 110/500 | v_loss=-12.9842 | grad_v=6.7829 | E[|v|^2]=24.3702 | time=3.6s
Epoch 111/500 | v_loss=-12.5226 | grad_v=5.7639 | E[|v|^2]=24.0240 | time=3.6s
Epoch 112/500 | v_loss=-12.3069 | grad_v=5.8812 | E[|v|^2]=23.9468 | time=3.6s
Epoch 113/500 | v_loss=-11.5253 | grad_v=4.5740 | E[|v|^2]=24.1075 | time=3.6s
Epoch 114/500 | v_loss=-11.8675 | grad_v=6.7281 | E[|v|^2]=23.9091 | time=3.6s
Epoch 115/500 | v_loss=-11.4912 | grad_v=5.4907 | E[|v|^2]=23.8281 | time=3.6s
Epoch 116/500 | v_loss=-12.9991 | grad_v=5.8303 | E[|v|^2]=24.5000 | time=3.6s
Epoch 117/500 | v_loss=-11.7782 | grad_v=7.0929 | E[|v|^2]=24.6210 | time=3.6s
Epoch 118/500 | v_loss=-12.1045 | grad_v=3.9520 | E[|v|^2]=24.0177 | time=3.6s
Epoch 119/500 | v_loss=-12.2391 | grad_v=9.6058 | E[|v|^2]=24.2279 | time=3.6s
Epoch 120/500 | v_loss=-12.3237 | grad_v=6.6795 | E[|v|^2]=24.2287 | time=3.6s
Epoch 121/500 | v_loss=-12.9768 | grad_v=3.6043 | E[|v|^2]=24.3250 | time=3.6s
Epoch 122/500 | v_loss=-11.9828 | grad_v=8.6025 | E[|v|^2]=23.8207 | time=3.6s
Epoch 123/500 | v_loss=-12.1728 | grad_v=5.3502 | E[|v|^2]=24.2798 | time=3.6s
Epoch 124/500 | v_loss=-12.7267 | grad_v=6.3035 | E[|v|^2]=24.3242 | time=3.6s
Epoch 125/500 | v_loss=-11.7792 | grad_v=6.1982 | E[|v|^2]=23.9827 | time=3.6s
Epoch 126/500 | v_loss=-12.0554 | grad_v=8.5076 | E[|v|^2]=24.3607 | time=3.6s
Epoch 127/500 | v_loss=-11.9076 | grad_v=6.3521 | E[|v|^2]=23.9005 | time=3.6s
Epoch 128/500 | v_loss=-12.3463 | grad_v=5.3464 | E[|v|^2]=23.8940 | time=3.6s
Epoch 129/500 | v_loss=-13.5047 | grad_v=7.7278 | E[|v|^2]=23.8575 | time=3.6s
Epoch 130/500 | v_loss=-12.6213 | grad_v=7.0560 | E[|v|^2]=24.6363 | time=3.6s
Epoch 131/500 | v_loss=-12.3384 | grad_v=5.3909 | E[|v|^2]=24.0189 | time=3.6s
Epoch 132/500 | v_loss=-12.1737 | grad_v=5.3220 | E[|v|^2]=23.9513 | time=3.6s
Epoch 133/500 | v_loss=-12.1923 | grad_v=10.6697 | E[|v|^2]=24.1947 | time=3.6s
Epoch 134/500 | v_loss=-12.4093 | grad_v=6.3480 | E[|v|^2]=24.0537 | time=3.6s
Epoch 135/500 | v_loss=-12.5644 | grad_v=6.0449 | E[|v|^2]=24.2518 | time=3.6s
Epoch 136/500 | v_loss=-12.9660 | grad_v=9.7402 | E[|v|^2]=23.8920 | time=3.6s
Epoch 137/500 | v_loss=-10.9758 | grad_v=5.4049 | E[|v|^2]=23.9090 | time=3.6s
Epoch 138/500 | v_loss=-12.1804 | grad_v=8.0481 | E[|v|^2]=23.9774 | time=3.6s
Epoch 139/500 | v_loss=-11.2036 | grad_v=8.2978 | E[|v|^2]=24.0146 | time=3.6s
Epoch 140/500 | v_loss=-11.4493 | grad_v=3.0891 | E[|v|^2]=23.9944 | time=3.6s
Epoch 141/500 | v_loss=-12.0531 | grad_v=4.4545 | E[|v|^2]=24.1662 | time=3.6s
Epoch 142/500 | v_loss=-12.7920 | grad_v=7.8146 | E[|v|^2]=23.9863 | time=3.6s
Epoch 143/500 | v_loss=-11.5664 | grad_v=4.2942 | E[|v|^2]=23.7156 | time=3.6s
Epoch 144/500 | v_loss=-11.7810 | grad_v=3.4386 | E[|v|^2]=23.9851 | time=3.6s
Epoch 145/500 | v_loss=-12.1483 | grad_v=6.3658 | E[|v|^2]=23.8656 | time=3.6s
Epoch 146/500 | v_loss=-13.0138 | grad_v=3.5065 | E[|v|^2]=24.4429 | time=3.6s
Epoch 147/500 | v_loss=-12.1999 | grad_v=5.0421 | E[|v|^2]=23.8355 | time=3.6s
Epoch 148/500 | v_loss=-13.2834 | grad_v=6.6745 | E[|v|^2]=23.8564 | time=3.6s
Epoch 149/500 | v_loss=-12.5093 | grad_v=9.6522 | E[|v|^2]=23.9240 | time=3.6s
Epoch 150/500 | v_loss=-12.6666 | grad_v=4.9864 | E[|v|^2]=23.8905 | time=3.6s
Epoch 151/500 | v_loss=-12.0288 | grad_v=6.5095 | E[|v|^2]=24.1590 | time=3.6s
Epoch 152/500 | v_loss=-12.3428 | grad_v=6.0526 | E[|v|^2]=24.0287 | time=3.6s
Epoch 153/500 | v_loss=-11.2405 | grad_v=6.8246 | E[|v|^2]=23.7927 | time=3.6s
Epoch 154/500 | v_loss=-12.9364 | grad_v=5.8308 | E[|v|^2]=24.0627 | time=3.6s
Epoch 155/500 | v_loss=-12.5606 | grad_v=5.5455 | E[|v|^2]=24.1426 | time=3.6s
Epoch 156/500 | v_loss=-12.4931 | grad_v=8.1450 | E[|v|^2]=23.8496 | time=3.6s
Epoch 157/500 | v_loss=-10.4492 | grad_v=6.2595 | E[|v|^2]=23.8699 | time=3.6s
Epoch 158/500 | v_loss=-12.3221 | grad_v=6.9274 | E[|v|^2]=23.8856 | time=3.6s
Epoch 159/500 | v_loss=-12.3192 | grad_v=5.0047 | E[|v|^2]=24.1766 | time=3.6s
Epoch 160/500 | v_loss=-11.7351 | grad_v=6.7588 | E[|v|^2]=24.3023 | time=3.6s
Epoch 161/500 | v_loss=-11.3633 | grad_v=9.8031 | E[|v|^2]=23.8447 | time=3.6s
Epoch 162/500 | v_loss=-11.3142 | grad_v=8.1440 | E[|v|^2]=24.2139 | time=3.6s
Epoch 163/500 | v_loss=-13.1947 | grad_v=6.3700 | E[|v|^2]=24.0749 | time=3.6s
Epoch 164/500 | v_loss=-12.2691 | grad_v=5.6699 | E[|v|^2]=24.0009 | time=3.6s
Epoch 165/500 | v_loss=-11.5341 | grad_v=5.3013 | E[|v|^2]=23.8792 | time=3.6s
Epoch 166/500 | v_loss=-11.1573 | grad_v=5.1470 | E[|v|^2]=23.8656 | time=3.6s
Epoch 167/500 | v_loss=-12.1771 | grad_v=4.8669 | E[|v|^2]=24.0427 | time=3.6s
Epoch 168/500 | v_loss=-11.6881 | grad_v=5.3403 | E[|v|^2]=24.0706 | time=3.6s
Epoch 169/500 | v_loss=-11.6458 | grad_v=5.4480 | E[|v|^2]=23.9582 | time=3.6s
Epoch 170/500 | v_loss=-12.1942 | grad_v=4.9641 | E[|v|^2]=23.8482 | time=3.6s
Epoch 171/500 | v_loss=-11.7903 | grad_v=4.7171 | E[|v|^2]=23.8624 | time=3.6s
Epoch 172/500 | v_loss=-12.3697 | grad_v=5.2933 | E[|v|^2]=23.8359 | time=3.6s
Epoch 173/500 | v_loss=-12.6158 | grad_v=6.6403 | E[|v|^2]=24.1121 | time=3.6s
Epoch 174/500 | v_loss=-12.4019 | grad_v=15.3304 | E[|v|^2]=24.1810 | time=3.6s
Epoch 175/500 | v_loss=-13.1151 | grad_v=7.4949 | E[|v|^2]=24.1368 | time=3.6s
Epoch 176/500 | v_loss=-12.4434 | grad_v=4.6908 | E[|v|^2]=23.8069 | time=3.6s
Epoch 177/500 | v_loss=-12.4666 | grad_v=6.0460 | E[|v|^2]=23.7682 | time=3.6s
Epoch 178/500 | v_loss=-12.8691 | grad_v=6.3669 | E[|v|^2]=24.4266 | time=3.6s
Epoch 179/500 | v_loss=-11.2641 | grad_v=11.1359 | E[|v|^2]=24.1002 | time=3.6s
Epoch 180/500 | v_loss=-12.0458 | grad_v=6.9031 | E[|v|^2]=24.5726 | time=3.6s
Epoch 181/500 | v_loss=-13.0365 | grad_v=3.2171 | E[|v|^2]=24.0910 | time=3.6s
Epoch 182/500 | v_loss=-12.4623 | grad_v=6.6971 | E[|v|^2]=24.1999 | time=3.6s
Epoch 183/500 | v_loss=-12.7736 | grad_v=6.5228 | E[|v|^2]=23.9885 | time=3.6s
Epoch 184/500 | v_loss=-12.4468 | grad_v=7.7343 | E[|v|^2]=23.9855 | time=3.6s
Epoch 185/500 | v_loss=-12.2733 | grad_v=4.5644 | E[|v|^2]=23.9675 | time=3.6s
Epoch 186/500 | v_loss=-12.5141 | grad_v=6.2426 | E[|v|^2]=24.0040 | time=3.6s
Epoch 187/500 | v_loss=-12.1609 | grad_v=5.1488 | E[|v|^2]=23.9964 | time=3.6s
Epoch 188/500 | v_loss=-11.3142 | grad_v=7.5007 | E[|v|^2]=24.0131 | time=3.6s
Epoch 189/500 | v_loss=-12.4034 | grad_v=7.7487 | E[|v|^2]=24.1065 | time=3.6s
Epoch 190/500 | v_loss=-10.9078 | grad_v=7.4473 | E[|v|^2]=23.9098 | time=3.6s
Epoch 191/500 | v_loss=-12.7812 | grad_v=6.2589 | E[|v|^2]=24.1011 | time=3.6s
Epoch 192/500 | v_loss=-12.2138 | grad_v=7.8156 | E[|v|^2]=23.8797 | time=3.6s
Epoch 193/500 | v_loss=-11.4922 | grad_v=8.0792 | E[|v|^2]=24.1451 | time=3.6s
Epoch 194/500 | v_loss=-10.5693 | grad_v=5.7145 | E[|v|^2]=24.2509 | time=3.6s
Epoch 195/500 | v_loss=-12.3678 | grad_v=5.0358 | E[|v|^2]=23.8773 | time=3.6s
Epoch 196/500 | v_loss=-12.2893 | grad_v=6.7598 | E[|v|^2]=23.9507 | time=3.6s
Epoch 197/500 | v_loss=-12.5599 | grad_v=5.2541 | E[|v|^2]=24.0542 | time=3.6s
Epoch 198/500 | v_loss=-12.3227 | grad_v=5.2645 | E[|v|^2]=23.8817 | time=3.6s
Epoch 199/500 | v_loss=-11.9980 | grad_v=6.7885 | E[|v|^2]=24.0889 | time=3.6s
Epoch 200/500 | v_loss=-11.6220 | grad_v=5.2630 | E[|v|^2]=23.8547 | time=3.6s
Epoch 201/500 | v_loss=-11.2332 | grad_v=6.7790 | E[|v|^2]=24.1813 | time=3.6s
Epoch 202/500 | v_loss=-12.1345 | grad_v=5.0097 | E[|v|^2]=24.1303 | time=3.6s
Epoch 203/500 | v_loss=-11.7930 | grad_v=5.7312 | E[|v|^2]=24.2744 | time=3.6s
Epoch 204/500 | v_loss=-11.4696 | grad_v=9.4428 | E[|v|^2]=24.1298 | time=3.6s
Epoch 205/500 | v_loss=-11.9528 | grad_v=4.2214 | E[|v|^2]=24.3369 | time=3.6s
Epoch 206/500 | v_loss=-12.8532 | grad_v=6.2000 | E[|v|^2]=24.0908 | time=3.6s
Epoch 207/500 | v_loss=-11.4011 | grad_v=6.2253 | E[|v|^2]=23.7191 | time=3.6s
Epoch 208/500 | v_loss=-11.3054 | grad_v=6.5264 | E[|v|^2]=23.7537 | time=3.6s
Epoch 209/500 | v_loss=-11.5205 | grad_v=5.5083 | E[|v|^2]=23.8811 | time=3.6s
Epoch 210/500 | v_loss=-11.6497 | grad_v=4.4385 | E[|v|^2]=23.8292 | time=3.6s
Epoch 211/500 | v_loss=-11.7283 | grad_v=7.1820 | E[|v|^2]=24.2585 | time=3.6s
Epoch 212/500 | v_loss=-11.2132 | grad_v=6.9919 | E[|v|^2]=24.1656 | time=3.6s
Epoch 213/500 | v_loss=-11.6919 | grad_v=5.5042 | E[|v|^2]=24.0690 | time=3.6s
Epoch 214/500 | v_loss=-12.8279 | grad_v=6.6290 | E[|v|^2]=24.1051 | time=3.6s
Epoch 215/500 | v_loss=-12.0563 | grad_v=5.8358 | E[|v|^2]=23.9667 | time=3.6s
Epoch 216/500 | v_loss=-11.7980 | grad_v=7.9201 | E[|v|^2]=24.2816 | time=3.6s
Epoch 217/500 | v_loss=-11.8076 | grad_v=7.1145 | E[|v|^2]=24.0556 | time=3.6s
Epoch 218/500 | v_loss=-12.2766 | grad_v=7.2847 | E[|v|^2]=23.7872 | time=3.6s
Epoch 219/500 | v_loss=-10.9187 | grad_v=7.2056 | E[|v|^2]=23.9250 | time=3.6s
Epoch 220/500 | v_loss=-11.7487 | grad_v=8.3035 | E[|v|^2]=24.2002 | time=3.6s
Epoch 221/500 | v_loss=-11.3877 | grad_v=4.2665 | E[|v|^2]=24.1458 | time=3.6s
Epoch 222/500 | v_loss=-12.2690 | grad_v=6.2804 | E[|v|^2]=23.9687 | time=3.6s
Epoch 223/500 | v_loss=-11.8611 | grad_v=5.3399 | E[|v|^2]=23.9588 | time=3.6s
Epoch 224/500 | v_loss=-12.4284 | grad_v=10.9294 | E[|v|^2]=23.9076 | time=3.6s
Epoch 225/500 | v_loss=-12.7806 | grad_v=5.2409 | E[|v|^2]=24.1061 | time=3.6s
Epoch 226/500 | v_loss=-11.7578 | grad_v=7.8398 | E[|v|^2]=23.9565 | time=3.6s
Epoch 227/500 | v_loss=-13.1156 | grad_v=7.8875 | E[|v|^2]=23.8942 | time=3.6s
Epoch 228/500 | v_loss=-13.6856 | grad_v=6.6098 | E[|v|^2]=24.2929 | time=3.6s
Epoch 229/500 | v_loss=-11.7303 | grad_v=5.8383 | E[|v|^2]=23.9137 | time=3.6s
Epoch 230/500 | v_loss=-11.1871 | grad_v=5.5853 | E[|v|^2]=24.0587 | time=3.6s
Epoch 231/500 | v_loss=-11.4568 | grad_v=6.9553 | E[|v|^2]=24.0581 | time=3.6s
Epoch 232/500 | v_loss=-10.8129 | grad_v=8.7418 | E[|v|^2]=24.0078 | time=3.6s
Epoch 233/500 | v_loss=-11.2540 | grad_v=4.2229 | E[|v|^2]=24.1449 | time=3.6s
Epoch 234/500 | v_loss=-11.1434 | grad_v=8.3365 | E[|v|^2]=23.9780 | time=3.6s
Epoch 235/500 | v_loss=-12.4116 | grad_v=7.5313 | E[|v|^2]=24.1634 | time=3.6s
Epoch 236/500 | v_loss=-11.7438 | grad_v=4.7730 | E[|v|^2]=24.0058 | time=3.6s
Epoch 237/500 | v_loss=-12.6790 | grad_v=4.3805 | E[|v|^2]=24.1458 | time=3.6s
Epoch 238/500 | v_loss=-13.4027 | grad_v=8.8785 | E[|v|^2]=24.0216 | time=3.6s
Epoch 239/500 | v_loss=-11.2575 | grad_v=13.2676 | E[|v|^2]=23.8849 | time=3.6s
Epoch 240/500 | v_loss=-11.6240 | grad_v=4.3364 | E[|v|^2]=23.8560 | time=3.6s
Epoch 241/500 | v_loss=-12.4055 | grad_v=7.9213 | E[|v|^2]=24.1585 | time=3.6s
Epoch 242/500 | v_loss=-12.2385 | grad_v=3.9457 | E[|v|^2]=24.2762 | time=3.6s
Epoch 243/500 | v_loss=-10.8044 | grad_v=5.4624 | E[|v|^2]=24.2315 | time=3.6s
Epoch 244/500 | v_loss=-11.2759 | grad_v=6.0824 | E[|v|^2]=23.7680 | time=3.6s
Epoch 245/500 | v_loss=-12.4196 | grad_v=4.5042 | E[|v|^2]=24.0940 | time=3.6s
Epoch 246/500 | v_loss=-12.2748 | grad_v=4.7701 | E[|v|^2]=24.0223 | time=3.6s
Epoch 247/500 | v_loss=-12.6560 | grad_v=7.4549 | E[|v|^2]=24.0009 | time=3.6s
Epoch 248/500 | v_loss=-12.4816 | grad_v=9.5884 | E[|v|^2]=24.0701 | time=3.6s
Epoch 249/500 | v_loss=-11.4287 | grad_v=4.0634 | E[|v|^2]=23.8802 | time=3.6s
Epoch 250/500 | v_loss=-11.4147 | grad_v=7.0614 | E[|v|^2]=23.9644 | time=3.6s
Epoch 251/500 | v_loss=-11.6525 | grad_v=4.2500 | E[|v|^2]=24.0833 | time=3.6s
Epoch 252/500 | v_loss=-12.3871 | grad_v=9.6131 | E[|v|^2]=24.0995 | time=3.6s
Epoch 253/500 | v_loss=-12.1984 | grad_v=7.1771 | E[|v|^2]=23.8630 | time=3.6s
Epoch 254/500 | v_loss=-12.8813 | grad_v=6.1842 | E[|v|^2]=24.0595 | time=3.6s
Epoch 255/500 | v_loss=-11.6674 | grad_v=7.0474 | E[|v|^2]=24.2062 | time=3.6s
Epoch 256/500 | v_loss=-12.4985 | grad_v=5.0967 | E[|v|^2]=24.3293 | time=3.6s
Epoch 257/500 | v_loss=-12.7575 | grad_v=8.7308 | E[|v|^2]=24.0534 | time=3.6s
Epoch 258/500 | v_loss=-12.1418 | grad_v=6.2533 | E[|v|^2]=23.8478 | time=3.6s
Epoch 259/500 | v_loss=-11.8418 | grad_v=4.4133 | E[|v|^2]=24.0982 | time=3.6s
Epoch 260/500 | v_loss=-12.5427 | grad_v=7.5150 | E[|v|^2]=24.2098 | time=3.6s
Epoch 261/500 | v_loss=-10.4801 | grad_v=5.9694 | E[|v|^2]=23.9770 | time=3.6s
Epoch 262/500 | v_loss=-13.0777 | grad_v=8.3300 | E[|v|^2]=24.1874 | time=3.6s
Epoch 263/500 | v_loss=-11.0190 | grad_v=5.9224 | E[|v|^2]=24.2293 | time=3.6s
Epoch 264/500 | v_loss=-12.0301 | grad_v=6.2739 | E[|v|^2]=24.1380 | time=3.6s
Epoch 265/500 | v_loss=-12.2587 | grad_v=4.4459 | E[|v|^2]=24.2241 | time=3.6s
Epoch 266/500 | v_loss=-11.4476 | grad_v=5.7196 | E[|v|^2]=23.8795 | time=3.6s
Epoch 267/500 | v_loss=-11.9014 | grad_v=5.8842 | E[|v|^2]=24.1119 | time=3.6s
Epoch 268/500 | v_loss=-13.1694 | grad_v=7.3805 | E[|v|^2]=23.9982 | time=3.6s
Epoch 269/500 | v_loss=-11.9214 | grad_v=5.9639 | E[|v|^2]=23.9673 | time=3.6s
Epoch 270/500 | v_loss=-11.6055 | grad_v=5.9063 | E[|v|^2]=24.0883 | time=3.6s
Epoch 271/500 | v_loss=-12.0411 | grad_v=9.3249 | E[|v|^2]=24.0554 | time=3.6s
Epoch 272/500 | v_loss=-10.8479 | grad_v=5.5619 | E[|v|^2]=24.0365 | time=3.6s
Epoch 273/500 | v_loss=-11.5882 | grad_v=7.8526 | E[|v|^2]=24.0862 | time=3.6s
Epoch 274/500 | v_loss=-11.9289 | grad_v=8.4736 | E[|v|^2]=24.0727 | time=3.6s
Epoch 275/500 | v_loss=-11.6095 | grad_v=5.6178 | E[|v|^2]=24.2625 | time=3.6s
Epoch 276/500 | v_loss=-12.6588 | grad_v=7.3653 | E[|v|^2]=24.0932 | time=3.6s
Epoch 277/500 | v_loss=-12.0648 | grad_v=5.1132 | E[|v|^2]=23.9801 | time=3.6s
Epoch 278/500 | v_loss=-10.7873 | grad_v=13.3573 | E[|v|^2]=24.0501 | time=3.6s
Epoch 279/500 | v_loss=-12.4227 | grad_v=5.3116 | E[|v|^2]=24.1128 | time=3.6s
Epoch 280/500 | v_loss=-12.3316 | grad_v=6.2615 | E[|v|^2]=23.8899 | time=3.6s
Epoch 281/500 | v_loss=-11.9982 | grad_v=4.1177 | E[|v|^2]=24.1632 | time=3.6s
Epoch 282/500 | v_loss=-12.9904 | grad_v=8.8999 | E[|v|^2]=24.1853 | time=3.6s
Epoch 283/500 | v_loss=-12.5868 | grad_v=6.6375 | E[|v|^2]=24.0338 | time=3.6s
Epoch 284/500 | v_loss=-11.2577 | grad_v=6.2003 | E[|v|^2]=23.8689 | time=3.6s
Epoch 285/500 | v_loss=-13.0759 | grad_v=10.8681 | E[|v|^2]=24.0932 | time=3.6s
Epoch 286/500 | v_loss=-11.3746 | grad_v=8.0483 | E[|v|^2]=23.7237 | time=3.6s
Epoch 287/500 | v_loss=-12.2489 | grad_v=4.4832 | E[|v|^2]=24.0052 | time=3.6s
Epoch 288/500 | v_loss=-12.1408 | grad_v=8.4231 | E[|v|^2]=24.0728 | time=3.6s
Epoch 289/500 | v_loss=-12.4466 | grad_v=5.2947 | E[|v|^2]=23.7859 | time=3.6s
Epoch 290/500 | v_loss=-10.9966 | grad_v=8.3266 | E[|v|^2]=23.8718 | time=3.6s
Epoch 291/500 | v_loss=-11.4585 | grad_v=3.9646 | E[|v|^2]=23.9456 | time=3.6s
Epoch 292/500 | v_loss=-12.2196 | grad_v=5.8318 | E[|v|^2]=24.0105 | time=3.6s
Epoch 293/500 | v_loss=-11.5059 | grad_v=8.7829 | E[|v|^2]=24.1201 | time=3.6s
Epoch 294/500 | v_loss=-11.9713 | grad_v=4.8663 | E[|v|^2]=24.1294 | time=3.6s
Epoch 295/500 | v_loss=-12.9232 | grad_v=8.6315 | E[|v|^2]=24.0752 | time=3.6s
Epoch 296/500 | v_loss=-12.1035 | grad_v=12.3850 | E[|v|^2]=24.0334 | time=3.6s
Epoch 297/500 | v_loss=-12.6120 | grad_v=8.3198 | E[|v|^2]=24.1462 | time=3.6s
Epoch 298/500 | v_loss=-12.1981 | grad_v=3.9841 | E[|v|^2]=23.7956 | time=3.6s
Epoch 299/500 | v_loss=-10.7607 | grad_v=7.1680 | E[|v|^2]=23.9310 | time=3.6s
Epoch 300/500 | v_loss=-11.3244 | grad_v=6.1187 | E[|v|^2]=23.9248 | time=3.6s
Epoch 301/500 | v_loss=-12.3026 | grad_v=6.9715 | E[|v|^2]=23.9369 | time=3.6s
Epoch 302/500 | v_loss=-11.5615 | grad_v=6.1629 | E[|v|^2]=24.1808 | time=3.6s
Epoch 303/500 | v_loss=-11.8302 | grad_v=9.1297 | E[|v|^2]=24.2851 | time=3.6s
Epoch 304/500 | v_loss=-11.2343 | grad_v=7.1920 | E[|v|^2]=24.1531 | time=3.6s
Epoch 305/500 | v_loss=-11.7458 | grad_v=4.3112 | E[|v|^2]=23.9977 | time=3.6s
Epoch 306/500 | v_loss=-11.6653 | grad_v=4.4797 | E[|v|^2]=24.2144 | time=3.6s
Epoch 307/500 | v_loss=-13.0780 | grad_v=9.8038 | E[|v|^2]=24.0870 | time=3.6s
Epoch 308/500 | v_loss=-11.9061 | grad_v=7.9010 | E[|v|^2]=24.1674 | time=3.6s
Epoch 309/500 | v_loss=-11.7899 | grad_v=9.6065 | E[|v|^2]=24.1976 | time=3.6s
Epoch 310/500 | v_loss=-12.2321 | grad_v=5.3198 | E[|v|^2]=23.9986 | time=3.6s
Epoch 311/500 | v_loss=-10.4878 | grad_v=4.8973 | E[|v|^2]=23.8311 | time=3.6s
Epoch 312/500 | v_loss=-11.5778 | grad_v=9.5158 | E[|v|^2]=23.8201 | time=3.6s
Epoch 313/500 | v_loss=-10.6934 | grad_v=7.2523 | E[|v|^2]=24.0739 | time=3.6s
Epoch 314/500 | v_loss=-12.2343 | grad_v=4.2964 | E[|v|^2]=23.8899 | time=3.6s
Epoch 315/500 | v_loss=-11.9284 | grad_v=12.3316 | E[|v|^2]=23.9617 | time=3.6s
Epoch 316/500 | v_loss=-11.9839 | grad_v=5.5722 | E[|v|^2]=23.9267 | time=3.6s
Epoch 317/500 | v_loss=-11.2897 | grad_v=4.3537 | E[|v|^2]=23.9540 | time=3.6s
Epoch 318/500 | v_loss=-12.3848 | grad_v=5.0432 | E[|v|^2]=23.9136 | time=3.6s
Epoch 319/500 | v_loss=-11.9137 | grad_v=7.2184 | E[|v|^2]=24.0271 | time=3.6s
Epoch 320/500 | v_loss=-13.7029 | grad_v=7.5574 | E[|v|^2]=24.0304 | time=3.6s
Epoch 321/500 | v_loss=-12.6640 | grad_v=7.5638 | E[|v|^2]=23.9369 | time=3.6s
Epoch 322/500 | v_loss=-11.9592 | grad_v=7.8626 | E[|v|^2]=24.1937 | time=3.6s
Epoch 323/500 | v_loss=-11.2353 | grad_v=5.2448 | E[|v|^2]=24.0400 | time=3.6s
Epoch 324/500 | v_loss=-11.9935 | grad_v=5.3296 | E[|v|^2]=23.9651 | time=3.6s
Epoch 325/500 | v_loss=-11.4312 | grad_v=5.2517 | E[|v|^2]=23.8590 | time=3.6s
Epoch 326/500 | v_loss=-12.2725 | grad_v=5.3246 | E[|v|^2]=24.2765 | time=3.6s
Epoch 327/500 | v_loss=-12.2438 | grad_v=4.6988 | E[|v|^2]=24.0954 | time=3.6s
Epoch 328/500 | v_loss=-11.8261 | grad_v=6.5698 | E[|v|^2]=24.0405 | time=3.6s
Epoch 329/500 | v_loss=-11.8462 | grad_v=7.3566 | E[|v|^2]=23.9657 | time=3.6s
Epoch 330/500 | v_loss=-12.7215 | grad_v=4.6411 | E[|v|^2]=23.9894 | time=3.6s
Epoch 331/500 | v_loss=-11.7014 | grad_v=8.6949 | E[|v|^2]=24.0647 | time=3.6s
Epoch 332/500 | v_loss=-10.7442 | grad_v=6.9483 | E[|v|^2]=24.1557 | time=3.6s
Epoch 333/500 | v_loss=-11.1101 | grad_v=10.8139 | E[|v|^2]=23.9654 | time=3.6s
Epoch 334/500 | v_loss=-11.2110 | grad_v=4.6203 | E[|v|^2]=24.0883 | time=3.6s
Epoch 335/500 | v_loss=-12.5477 | grad_v=5.8658 | E[|v|^2]=23.8878 | time=3.6s
Epoch 336/500 | v_loss=-11.7200 | grad_v=7.0762 | E[|v|^2]=24.0755 | time=3.6s
Epoch 337/500 | v_loss=-11.6636 | grad_v=4.9467 | E[|v|^2]=24.0283 | time=3.6s
Epoch 338/500 | v_loss=-12.3960 | grad_v=8.5577 | E[|v|^2]=24.0157 | time=3.6s
Epoch 339/500 | v_loss=-13.2561 | grad_v=6.7955 | E[|v|^2]=24.1363 | time=3.6s
Epoch 340/500 | v_loss=-11.2736 | grad_v=7.7200 | E[|v|^2]=23.9199 | time=3.6s
Epoch 341/500 | v_loss=-12.2251 | grad_v=4.1062 | E[|v|^2]=24.0314 | time=3.6s
Epoch 342/500 | v_loss=-12.7565 | grad_v=6.1574 | E[|v|^2]=24.0429 | time=3.6s
Epoch 343/500 | v_loss=-11.2724 | grad_v=8.7352 | E[|v|^2]=23.8781 | time=3.6s
Epoch 344/500 | v_loss=-12.1627 | grad_v=4.8472 | E[|v|^2]=24.1266 | time=3.6s
Epoch 345/500 | v_loss=-12.2239 | grad_v=7.1156 | E[|v|^2]=23.8530 | time=3.6s
Epoch 346/500 | v_loss=-11.5395 | grad_v=6.2038 | E[|v|^2]=24.0952 | time=3.6s
Epoch 347/500 | v_loss=-12.1314 | grad_v=8.1722 | E[|v|^2]=24.1686 | time=3.6s
Epoch 348/500 | v_loss=-11.8715 | grad_v=8.0896 | E[|v|^2]=24.1058 | time=3.6s
Epoch 349/500 | v_loss=-12.7856 | grad_v=8.0126 | E[|v|^2]=24.0964 | time=3.6s
Epoch 350/500 | v_loss=-10.5320 | grad_v=7.7032 | E[|v|^2]=24.0922 | time=3.6s
Epoch 351/500 | v_loss=-11.5365 | grad_v=4.9898 | E[|v|^2]=23.9855 | time=3.6s
Epoch 352/500 | v_loss=-11.5160 | grad_v=5.6795 | E[|v|^2]=24.0882 | time=3.6s
Epoch 353/500 | v_loss=-12.0628 | grad_v=5.0280 | E[|v|^2]=23.9847 | time=3.6s
Epoch 354/500 | v_loss=-12.1912 | grad_v=8.3414 | E[|v|^2]=23.9295 | time=3.6s
Epoch 355/500 | v_loss=-11.6308 | grad_v=5.7666 | E[|v|^2]=24.0400 | time=3.6s
Epoch 356/500 | v_loss=-12.5875 | grad_v=5.9277 | E[|v|^2]=24.0224 | time=3.6s
Epoch 357/500 | v_loss=-11.0343 | grad_v=8.2723 | E[|v|^2]=24.0310 | time=3.6s
Epoch 358/500 | v_loss=-11.9940 | grad_v=7.3729 | E[|v|^2]=23.8176 | time=3.6s
Epoch 359/500 | v_loss=-10.6248 | grad_v=5.7720 | E[|v|^2]=24.0491 | time=3.6s
Epoch 360/500 | v_loss=-12.2723 | grad_v=9.0666 | E[|v|^2]=24.0618 | time=3.6s
Epoch 361/500 | v_loss=-12.4580 | grad_v=5.1227 | E[|v|^2]=24.0138 | time=3.6s
Epoch 362/500 | v_loss=-12.5095 | grad_v=9.1188 | E[|v|^2]=24.0608 | time=3.6s
Epoch 363/500 | v_loss=-12.6044 | grad_v=9.2430 | E[|v|^2]=23.9438 | time=3.6s
Epoch 364/500 | v_loss=-11.9542 | grad_v=5.2794 | E[|v|^2]=24.1734 | time=3.6s
Epoch 365/500 | v_loss=-12.5161 | grad_v=5.8984 | E[|v|^2]=24.1104 | time=3.6s
Epoch 366/500 | v_loss=-10.6020 | grad_v=9.9122 | E[|v|^2]=24.2775 | time=3.6s
Epoch 367/500 | v_loss=-11.8293 | grad_v=6.3035 | E[|v|^2]=24.1513 | time=3.6s
Epoch 368/500 | v_loss=-12.2489 | grad_v=5.9333 | E[|v|^2]=24.1502 | time=3.6s
Epoch 369/500 | v_loss=-12.5213 | grad_v=5.3710 | E[|v|^2]=23.9906 | time=3.6s
Epoch 370/500 | v_loss=-11.5534 | grad_v=4.2729 | E[|v|^2]=24.1349 | time=3.6s
Epoch 371/500 | v_loss=-12.3998 | grad_v=4.5375 | E[|v|^2]=24.0107 | time=3.6s
Epoch 372/500 | v_loss=-11.7261 | grad_v=4.5276 | E[|v|^2]=23.8881 | time=3.6s
Epoch 373/500 | v_loss=-12.6683 | grad_v=6.8721 | E[|v|^2]=24.1044 | time=3.6s
Epoch 374/500 | v_loss=-13.2526 | grad_v=3.9882 | E[|v|^2]=24.1318 | time=3.6s
Epoch 375/500 | v_loss=-12.2629 | grad_v=6.4351 | E[|v|^2]=24.0782 | time=3.6s
Epoch 376/500 | v_loss=-11.4631 | grad_v=4.4555 | E[|v|^2]=23.9773 | time=3.6s
Epoch 377/500 | v_loss=-12.0380 | grad_v=5.1704 | E[|v|^2]=23.9355 | time=3.6s
Epoch 378/500 | v_loss=-12.6521 | grad_v=7.2282 | E[|v|^2]=24.0003 | time=3.6s
Epoch 379/500 | v_loss=-11.7807 | grad_v=6.5877 | E[|v|^2]=24.0384 | time=3.6s
Epoch 380/500 | v_loss=-13.3041 | grad_v=6.3859 | E[|v|^2]=24.2197 | time=3.6s
Epoch 381/500 | v_loss=-10.9055 | grad_v=5.2892 | E[|v|^2]=23.9705 | time=3.6s
Epoch 382/500 | v_loss=-12.1701 | grad_v=8.1202 | E[|v|^2]=24.0516 | time=3.6s
Epoch 383/500 | v_loss=-12.4116 | grad_v=5.3278 | E[|v|^2]=24.0736 | time=3.6s
Epoch 384/500 | v_loss=-11.6803 | grad_v=7.1549 | E[|v|^2]=24.0798 | time=3.6s
Epoch 385/500 | v_loss=-11.6526 | grad_v=8.1462 | E[|v|^2]=24.0275 | time=3.6s
Epoch 386/500 | v_loss=-11.8453 | grad_v=6.3989 | E[|v|^2]=23.9311 | time=3.6s
Epoch 387/500 | v_loss=-11.4569 | grad_v=6.4797 | E[|v|^2]=24.0831 | time=3.6s
Epoch 388/500 | v_loss=-11.9425 | grad_v=10.1147 | E[|v|^2]=24.0540 | time=3.6s
Epoch 389/500 | v_loss=-11.9118 | grad_v=5.4553 | E[|v|^2]=24.2115 | time=3.6s
Epoch 390/500 | v_loss=-12.0091 | grad_v=10.6252 | E[|v|^2]=24.0148 | time=3.6s
Epoch 391/500 | v_loss=-10.7484 | grad_v=5.0289 | E[|v|^2]=23.8825 | time=3.6s
Epoch 392/500 | v_loss=-11.6504 | grad_v=4.7041 | E[|v|^2]=24.0772 | time=3.6s
Epoch 393/500 | v_loss=-12.0745 | grad_v=4.6883 | E[|v|^2]=23.9987 | time=3.6s
Epoch 394/500 | v_loss=-11.9045 | grad_v=5.6025 | E[|v|^2]=24.1913 | time=3.6s
Epoch 395/500 | v_loss=-11.8420 | grad_v=5.5081 | E[|v|^2]=24.1173 | time=3.6s
Epoch 396/500 | v_loss=-12.4426 | grad_v=9.8253 | E[|v|^2]=24.0275 | time=3.6s
Epoch 397/500 | v_loss=-12.9393 | grad_v=4.2519 | E[|v|^2]=24.0720 | time=3.6s
Epoch 398/500 | v_loss=-11.5071 | grad_v=4.1998 | E[|v|^2]=24.1107 | time=3.6s
Epoch 399/500 | v_loss=-10.9862 | grad_v=10.2083 | E[|v|^2]=24.0298 | time=3.6s
Epoch 400/500 | v_loss=-11.9578 | grad_v=7.0331 | E[|v|^2]=24.0094 | time=3.6s
Epoch 401/500 | v_loss=-12.5239 | grad_v=12.0448 | E[|v|^2]=23.8716 | time=3.6s
Epoch 402/500 | v_loss=-11.9624 | grad_v=4.8881 | E[|v|^2]=23.8331 | time=3.6s
Epoch 403/500 | v_loss=-12.1192 | grad_v=5.3513 | E[|v|^2]=23.9349 | time=3.6s
Epoch 404/500 | v_loss=-11.8143 | grad_v=4.7383 | E[|v|^2]=24.1805 | time=3.6s
Epoch 405/500 | v_loss=-11.5557 | grad_v=5.2158 | E[|v|^2]=23.9392 | time=3.6s
Epoch 406/500 | v_loss=-11.6099 | grad_v=6.6986 | E[|v|^2]=24.0393 | time=3.6s
Epoch 407/500 | v_loss=-10.4663 | grad_v=6.5121 | E[|v|^2]=24.0035 | time=3.6s
Epoch 408/500 | v_loss=-12.7677 | grad_v=9.4260 | E[|v|^2]=24.0311 | time=3.6s
Epoch 409/500 | v_loss=-13.4925 | grad_v=7.9057 | E[|v|^2]=23.9621 | time=3.6s
Epoch 410/500 | v_loss=-11.1192 | grad_v=6.3549 | E[|v|^2]=23.9127 | time=3.6s
Epoch 411/500 | v_loss=-12.8839 | grad_v=7.7468 | E[|v|^2]=24.1942 | time=3.6s
Epoch 412/500 | v_loss=-12.2300 | grad_v=6.6653 | E[|v|^2]=24.2073 | time=3.6s
Epoch 413/500 | v_loss=-11.2817 | grad_v=5.8790 | E[|v|^2]=24.2670 | time=3.6s
Epoch 414/500 | v_loss=-11.7114 | grad_v=9.4411 | E[|v|^2]=24.0343 | time=3.6s
Epoch 415/500 | v_loss=-13.1319 | grad_v=4.7018 | E[|v|^2]=24.1145 | time=3.6s
Epoch 416/500 | v_loss=-11.1041 | grad_v=9.4121 | E[|v|^2]=23.8396 | time=3.6s
Epoch 417/500 | v_loss=-11.5904 | grad_v=6.2736 | E[|v|^2]=24.1145 | time=3.6s
Epoch 418/500 | v_loss=-13.2394 | grad_v=5.2070 | E[|v|^2]=23.9930 | time=3.6s
Epoch 419/500 | v_loss=-11.5645 | grad_v=7.3405 | E[|v|^2]=24.0038 | time=3.6s
Epoch 420/500 | v_loss=-13.1806 | grad_v=8.6569 | E[|v|^2]=24.1094 | time=3.6s
Epoch 421/500 | v_loss=-12.3035 | grad_v=5.4189 | E[|v|^2]=24.0147 | time=3.6s
Epoch 422/500 | v_loss=-11.8325 | grad_v=5.4748 | E[|v|^2]=23.8535 | time=3.6s
Epoch 423/500 | v_loss=-11.8098 | grad_v=4.4867 | E[|v|^2]=23.9722 | time=3.6s
Epoch 424/500 | v_loss=-12.1150 | grad_v=5.5707 | E[|v|^2]=24.0347 | time=3.6s
Epoch 425/500 | v_loss=-12.3388 | grad_v=6.7758 | E[|v|^2]=24.1633 | time=3.6s
Epoch 426/500 | v_loss=-12.8263 | grad_v=7.8613 | E[|v|^2]=23.9902 | time=3.6s
Epoch 427/500 | v_loss=-12.2757 | grad_v=4.5532 | E[|v|^2]=24.0029 | time=3.6s
Epoch 428/500 | v_loss=-12.5740 | grad_v=6.6066 | E[|v|^2]=24.0414 | time=3.6s
Epoch 429/500 | v_loss=-11.4791 | grad_v=4.3533 | E[|v|^2]=24.1689 | time=3.6s
Epoch 430/500 | v_loss=-12.4091 | grad_v=7.3977 | E[|v|^2]=23.9268 | time=3.6s
Epoch 431/500 | v_loss=-11.7328 | grad_v=4.8075 | E[|v|^2]=24.2118 | time=3.6s
Epoch 432/500 | v_loss=-11.7035 | grad_v=12.3976 | E[|v|^2]=24.0066 | time=3.6s
Epoch 433/500 | v_loss=-10.5578 | grad_v=9.3684 | E[|v|^2]=24.1215 | time=3.6s
Epoch 434/500 | v_loss=-12.2928 | grad_v=8.8409 | E[|v|^2]=23.8974 | time=3.6s
Epoch 435/500 | v_loss=-11.8360 | grad_v=6.8417 | E[|v|^2]=23.9152 | time=3.6s
Epoch 436/500 | v_loss=-11.7636 | grad_v=8.1937 | E[|v|^2]=23.9859 | time=3.6s
Epoch 437/500 | v_loss=-12.3549 | grad_v=8.2333 | E[|v|^2]=24.0224 | time=3.6s
Epoch 438/500 | v_loss=-11.8323 | grad_v=8.9334 | E[|v|^2]=23.9955 | time=3.6s
Epoch 439/500 | v_loss=-11.7241 | grad_v=4.6323 | E[|v|^2]=24.1616 | time=3.6s
Epoch 440/500 | v_loss=-11.7109 | grad_v=4.9193 | E[|v|^2]=23.8958 | time=3.6s
Epoch 441/500 | v_loss=-12.8710 | grad_v=7.3663 | E[|v|^2]=23.8900 | time=3.6s
Epoch 442/500 | v_loss=-11.8090 | grad_v=10.0711 | E[|v|^2]=23.9482 | time=3.6s
Epoch 443/500 | v_loss=-10.8406 | grad_v=8.1552 | E[|v|^2]=24.0614 | time=3.6s
Epoch 444/500 | v_loss=-13.1762 | grad_v=6.7722 | E[|v|^2]=24.1362 | time=3.6s
Epoch 445/500 | v_loss=-12.4661 | grad_v=5.0867 | E[|v|^2]=24.1704 | time=3.6s
Epoch 446/500 | v_loss=-11.7779 | grad_v=4.7138 | E[|v|^2]=23.9943 | time=3.6s
Epoch 447/500 | v_loss=-11.6413 | grad_v=11.9791 | E[|v|^2]=24.0997 | time=3.6s
Epoch 448/500 | v_loss=-12.0221 | grad_v=6.0816 | E[|v|^2]=24.1327 | time=3.6s
Epoch 449/500 | v_loss=-12.6072 | grad_v=5.3486 | E[|v|^2]=24.1115 | time=3.6s
Epoch 450/500 | v_loss=-11.6039 | grad_v=5.0380 | E[|v|^2]=23.9340 | time=3.6s
Epoch 451/500 | v_loss=-12.1033 | grad_v=7.9332 | E[|v|^2]=24.0090 | time=3.6s
Epoch 452/500 | v_loss=-11.6774 | grad_v=5.2209 | E[|v|^2]=23.8887 | time=3.6s
Epoch 453/500 | v_loss=-11.8316 | grad_v=6.2026 | E[|v|^2]=23.9351 | time=3.6s
Epoch 454/500 | v_loss=-11.7328 | grad_v=10.6213 | E[|v|^2]=24.2358 | time=3.6s
Epoch 455/500 | v_loss=-12.8479 | grad_v=9.7328 | E[|v|^2]=24.1469 | time=3.6s
Epoch 456/500 | v_loss=-11.2999 | grad_v=6.9276 | E[|v|^2]=24.0190 | time=3.6s
Epoch 457/500 | v_loss=-12.1431 | grad_v=5.6171 | E[|v|^2]=23.9443 | time=3.6s
Epoch 458/500 | v_loss=-11.7241 | grad_v=9.1006 | E[|v|^2]=23.9942 | time=3.6s
Epoch 459/500 | v_loss=-11.6819 | grad_v=7.2610 | E[|v|^2]=23.9896 | time=3.6s
Epoch 460/500 | v_loss=-10.5652 | grad_v=9.2368 | E[|v|^2]=24.0048 | time=3.6s
Epoch 461/500 | v_loss=-13.0884 | grad_v=6.3882 | E[|v|^2]=24.0749 | time=3.6s
Epoch 462/500 | v_loss=-13.1346 | grad_v=6.5802 | E[|v|^2]=24.1566 | time=3.6s
Epoch 463/500 | v_loss=-11.2964 | grad_v=4.7886 | E[|v|^2]=23.9654 | time=3.6s
Epoch 464/500 | v_loss=-11.4828 | grad_v=7.2150 | E[|v|^2]=24.0764 | time=3.6s
Epoch 465/500 | v_loss=-12.6032 | grad_v=5.1940 | E[|v|^2]=23.9980 | time=3.6s
Epoch 466/500 | v_loss=-11.8736 | grad_v=4.6808 | E[|v|^2]=24.2117 | time=3.6s
Epoch 467/500 | v_loss=-12.2569 | grad_v=9.2084 | E[|v|^2]=24.1385 | time=3.6s
Epoch 468/500 | v_loss=-11.9305 | grad_v=11.1014 | E[|v|^2]=23.9976 | time=3.6s
Epoch 469/500 | v_loss=-11.5343 | grad_v=5.8668 | E[|v|^2]=24.2295 | time=3.6s
Epoch 470/500 | v_loss=-11.5408 | grad_v=7.9446 | E[|v|^2]=24.1422 | time=3.6s
Epoch 471/500 | v_loss=-11.3724 | grad_v=14.9224 | E[|v|^2]=24.0895 | time=3.6s
Epoch 472/500 | v_loss=-12.8992 | grad_v=6.6058 | E[|v|^2]=24.2657 | time=3.6s
Epoch 473/500 | v_loss=-11.3143 | grad_v=6.7672 | E[|v|^2]=24.1742 | time=3.6s
Epoch 474/500 | v_loss=-11.4717 | grad_v=5.5325 | E[|v|^2]=24.1191 | time=3.6s
Epoch 475/500 | v_loss=-10.6132 | grad_v=5.3783 | E[|v|^2]=23.9696 | time=3.6s
Epoch 476/500 | v_loss=-13.3640 | grad_v=5.5491 | E[|v|^2]=23.9669 | time=3.6s
Epoch 477/500 | v_loss=-12.2739 | grad_v=4.8719 | E[|v|^2]=23.9827 | time=3.6s
Epoch 478/500 | v_loss=-11.9812 | grad_v=7.6848 | E[|v|^2]=24.2065 | time=3.6s
Epoch 479/500 | v_loss=-12.7482 | grad_v=6.0160 | E[|v|^2]=24.0889 | time=3.6s
Epoch 480/500 | v_loss=-11.1083 | grad_v=6.5697 | E[|v|^2]=23.9341 | time=3.6s
Epoch 481/500 | v_loss=-11.6254 | grad_v=5.6620 | E[|v|^2]=24.1067 | time=3.6s
Epoch 482/500 | v_loss=-12.0064 | grad_v=7.3530 | E[|v|^2]=23.8928 | time=3.6s
Epoch 483/500 | v_loss=-12.0289 | grad_v=11.2398 | E[|v|^2]=23.9859 | time=3.6s
Epoch 484/500 | v_loss=-11.6588 | grad_v=6.6020 | E[|v|^2]=23.9926 | time=3.6s
Epoch 485/500 | v_loss=-12.0528 | grad_v=8.6285 | E[|v|^2]=24.0914 | time=3.6s
Epoch 486/500 | v_loss=-11.8847 | grad_v=6.6215 | E[|v|^2]=24.1163 | time=3.6s
Epoch 487/500 | v_loss=-10.9062 | grad_v=5.1475 | E[|v|^2]=24.1140 | time=3.6s
Epoch 488/500 | v_loss=-11.4217 | grad_v=8.0682 | E[|v|^2]=23.8788 | time=3.6s
Epoch 489/500 | v_loss=-11.7596 | grad_v=6.4746 | E[|v|^2]=24.1673 | time=3.6s
Epoch 490/500 | v_loss=-12.5729 | grad_v=11.0084 | E[|v|^2]=23.9844 | time=3.6s
Epoch 491/500 | v_loss=-11.6474 | grad_v=7.0888 | E[|v|^2]=24.0666 | time=3.6s
Epoch 492/500 | v_loss=-12.7110 | grad_v=7.9233 | E[|v|^2]=23.8301 | time=3.6s
Epoch 493/500 | v_loss=-12.3197 | grad_v=6.3797 | E[|v|^2]=24.0883 | time=3.6s
Epoch 494/500 | v_loss=-11.9892 | grad_v=6.0408 | E[|v|^2]=23.9925 | time=3.6s
Epoch 495/500 | v_loss=-13.2294 | grad_v=5.8547 | E[|v|^2]=24.0661 | time=3.6s
Epoch 496/500 | v_loss=-10.7350 | grad_v=8.6017 | E[|v|^2]=24.0607 | time=3.6s
Epoch 497/500 | v_loss=-11.6144 | grad_v=6.3754 | E[|v|^2]=23.8926 | time=3.6s
Epoch 498/500 | v_loss=-11.9385 | grad_v=5.5185 | E[|v|^2]=24.0698 | time=3.6s
Epoch 499/500 | v_loss=-12.1269 | grad_v=7.2703 | E[|v|^2]=23.9732 | time=3.6s
Epoch 500/500 | v_loss=-11.7759 | grad_v=5.1363 | E[|v|^2]=24.1195 | time=3.6s
Saved metrics to results_multivariate_sweep/lr1e-4_p1.0_1.0_q1.0_1.0/metrics.json
