[multivariate-tuning] Using device: cuda
[multivariate-tuning] Learning rate: 0.0001
[multivariate-tuning] Exponents p: [1.0, 0.2], q: [1.0, 0.2]
Saved interpolant trajectories to results_multivariate_sweep/lr1e-4_p1.0_0.2_q1.0_0.2/multivariate_trajectories.png
Epoch 1/500 | v_loss=-10.6064 | grad_v=295.3122 | E[|v|^2]=27.6425 | time=4.0s
Epoch 2/500 | v_loss=-114.2363 | grad_v=5785.2444 | E[|v|^2]=52.9528 | time=3.8s
Epoch 3/500 | v_loss=-22.9976 | grad_v=333.5199 | E[|v|^2]=39.7961 | time=3.8s
Epoch 4/500 | v_loss=-23.6382 | grad_v=211.3775 | E[|v|^2]=30.8666 | time=3.9s
Epoch 5/500 | v_loss=-21.1999 | grad_v=385.4924 | E[|v|^2]=31.4085 | time=3.8s
Epoch 6/500 | v_loss=-14.0366 | grad_v=158.7323 | E[|v|^2]=27.8236 | time=3.8s
Epoch 7/500 | v_loss=-33.7873 | grad_v=992.4925 | E[|v|^2]=37.9416 | time=3.8s
Epoch 8/500 | v_loss=-37.2589 | grad_v=290.7831 | E[|v|^2]=34.3109 | time=3.8s
Epoch 9/500 | v_loss=-7.7079 | grad_v=471.5894 | E[|v|^2]=58.2878 | time=3.8s
Epoch 10/500 | v_loss=-17.5972 | grad_v=349.1524 | E[|v|^2]=33.3829 | time=3.8s
Epoch 11/500 | v_loss=-16.5505 | grad_v=551.6513 | E[|v|^2]=43.5353 | time=3.8s
Epoch 12/500 | v_loss=-16.2222 | grad_v=347.5768 | E[|v|^2]=25.1496 | time=3.8s
Epoch 13/500 | v_loss=-16.6532 | grad_v=347.1259 | E[|v|^2]=37.1087 | time=3.8s
Epoch 14/500 | v_loss=-17.9192 | grad_v=242.0784 | E[|v|^2]=26.5707 | time=3.8s
Epoch 15/500 | v_loss=-11.4351 | grad_v=633.6461 | E[|v|^2]=31.6537 | time=3.8s
Epoch 16/500 | v_loss=-34.1879 | grad_v=508.7288 | E[|v|^2]=41.1612 | time=3.8s
Epoch 17/500 | v_loss=-7.4743 | grad_v=887.8060 | E[|v|^2]=66.3499 | time=3.8s
Epoch 18/500 | v_loss=-43.4448 | grad_v=1635.0749 | E[|v|^2]=55.6582 | time=3.8s
Epoch 19/500 | v_loss=-13.0594 | grad_v=141.3189 | E[|v|^2]=37.5428 | time=3.8s
Epoch 20/500 | v_loss=-11.7087 | grad_v=179.2784 | E[|v|^2]=30.9653 | time=3.8s
Epoch 21/500 | v_loss=-6.7278 | grad_v=846.7568 | E[|v|^2]=66.2577 | time=3.8s
Epoch 22/500 | v_loss=-43.2818 | grad_v=1516.9486 | E[|v|^2]=56.0635 | time=3.9s
Epoch 23/500 | v_loss=-20.3942 | grad_v=1185.0071 | E[|v|^2]=36.0968 | time=3.8s
Epoch 24/500 | v_loss=-0.5558 | grad_v=1589.7649 | E[|v|^2]=35.4701 | time=3.8s
Epoch 25/500 | v_loss=3.4509 | grad_v=809.8892 | E[|v|^2]=67.7129 | time=3.7s
Epoch 26/500 | v_loss=-27.0441 | grad_v=879.2315 | E[|v|^2]=38.4584 | time=3.6s
Epoch 27/500 | v_loss=-18.2225 | grad_v=551.3697 | E[|v|^2]=47.9080 | time=3.6s
Epoch 28/500 | v_loss=-16.8883 | grad_v=716.7293 | E[|v|^2]=32.9087 | time=3.6s
Epoch 29/500 | v_loss=-17.8054 | grad_v=294.9837 | E[|v|^2]=29.8694 | time=3.6s
Epoch 30/500 | v_loss=-13.7237 | grad_v=695.7406 | E[|v|^2]=42.1601 | time=3.6s
Epoch 31/500 | v_loss=-18.5734 | grad_v=1503.7019 | E[|v|^2]=58.5274 | time=3.6s
Epoch 32/500 | v_loss=-14.9623 | grad_v=321.4291 | E[|v|^2]=31.2806 | time=3.6s
Epoch 33/500 | v_loss=-5.1079 | grad_v=2011.0575 | E[|v|^2]=75.4753 | time=3.6s
Epoch 34/500 | v_loss=-19.8450 | grad_v=824.9846 | E[|v|^2]=41.1335 | time=3.6s
Epoch 35/500 | v_loss=-25.1089 | grad_v=1348.7907 | E[|v|^2]=63.1501 | time=3.6s
Epoch 36/500 | v_loss=-26.8225 | grad_v=437.4054 | E[|v|^2]=49.4696 | time=3.6s
Epoch 37/500 | v_loss=-30.9237 | grad_v=1446.1795 | E[|v|^2]=61.6472 | time=3.6s
Epoch 38/500 | v_loss=-32.1799 | grad_v=1017.9507 | E[|v|^2]=88.8658 | time=3.6s
Epoch 39/500 | v_loss=-12.5392 | grad_v=475.5637 | E[|v|^2]=33.6409 | time=3.6s
Epoch 40/500 | v_loss=-20.7746 | grad_v=390.2794 | E[|v|^2]=26.4962 | time=3.6s
Epoch 41/500 | v_loss=-18.6792 | grad_v=797.6735 | E[|v|^2]=39.9953 | time=3.6s
Epoch 42/500 | v_loss=-10.8974 | grad_v=2685.2755 | E[|v|^2]=51.0652 | time=3.6s
Epoch 43/500 | v_loss=-37.6004 | grad_v=796.8181 | E[|v|^2]=46.9424 | time=3.6s
Epoch 44/500 | v_loss=-20.6436 | grad_v=308.9031 | E[|v|^2]=38.3401 | time=3.6s
Epoch 45/500 | v_loss=-14.2645 | grad_v=971.7716 | E[|v|^2]=57.4255 | time=3.6s
Epoch 46/500 | v_loss=-52.9329 | grad_v=871.9098 | E[|v|^2]=53.4612 | time=3.6s
Epoch 47/500 | v_loss=-18.4436 | grad_v=425.3078 | E[|v|^2]=24.6695 | time=3.6s
Epoch 48/500 | v_loss=-16.0846 | grad_v=1255.9524 | E[|v|^2]=63.5180 | time=3.6s
Epoch 49/500 | v_loss=-20.3250 | grad_v=460.1497 | E[|v|^2]=48.3161 | time=3.6s
Epoch 50/500 | v_loss=-13.8560 | grad_v=808.3423 | E[|v|^2]=47.6366 | time=3.6s
Epoch 51/500 | v_loss=-12.1304 | grad_v=524.9369 | E[|v|^2]=48.3384 | time=3.6s
Epoch 52/500 | v_loss=-13.6432 | grad_v=442.7034 | E[|v|^2]=34.2974 | time=3.6s
Epoch 53/500 | v_loss=-27.5907 | grad_v=316.8814 | E[|v|^2]=37.1995 | time=3.6s
Epoch 54/500 | v_loss=-12.5257 | grad_v=1179.4307 | E[|v|^2]=44.1665 | time=3.6s
Epoch 55/500 | v_loss=-40.9203 | grad_v=1598.3674 | E[|v|^2]=44.3641 | time=3.6s
Epoch 56/500 | v_loss=-35.7350 | grad_v=1986.8379 | E[|v|^2]=43.5024 | time=3.6s
Epoch 57/500 | v_loss=-31.8058 | grad_v=2272.7907 | E[|v|^2]=44.3174 | time=3.6s
Epoch 58/500 | v_loss=-10.3249 | grad_v=1246.7465 | E[|v|^2]=81.1851 | time=3.6s
Epoch 59/500 | v_loss=-25.0634 | grad_v=1169.3700 | E[|v|^2]=34.7927 | time=3.6s
Epoch 60/500 | v_loss=-27.5857 | grad_v=1218.6579 | E[|v|^2]=100.6868 | time=3.6s
Epoch 61/500 | v_loss=-25.4029 | grad_v=1043.8655 | E[|v|^2]=91.9017 | time=3.6s
Epoch 62/500 | v_loss=-86.7591 | grad_v=3533.5728 | E[|v|^2]=69.3573 | time=3.6s
Epoch 63/500 | v_loss=-16.9318 | grad_v=375.3863 | E[|v|^2]=27.2561 | time=3.6s
Epoch 64/500 | v_loss=-56.7814 | grad_v=923.3954 | E[|v|^2]=45.5066 | time=3.6s
Epoch 65/500 | v_loss=-13.5454 | grad_v=1211.5551 | E[|v|^2]=34.8392 | time=3.6s
Epoch 66/500 | v_loss=-28.5897 | grad_v=438.6984 | E[|v|^2]=41.7721 | time=3.6s
Epoch 67/500 | v_loss=-12.0351 | grad_v=4240.2032 | E[|v|^2]=123.5598 | time=3.6s
Epoch 68/500 | v_loss=-47.1678 | grad_v=2581.6658 | E[|v|^2]=57.4168 | time=3.6s
Epoch 69/500 | v_loss=-77.5609 | grad_v=9413.7777 | E[|v|^2]=48.9289 | time=3.6s
Epoch 70/500 | v_loss=-19.8909 | grad_v=359.3586 | E[|v|^2]=49.1289 | time=3.6s
Epoch 71/500 | v_loss=-43.3822 | grad_v=3281.1373 | E[|v|^2]=41.9176 | time=3.6s
Epoch 72/500 | v_loss=-16.2833 | grad_v=431.3773 | E[|v|^2]=42.0033 | time=3.6s
Epoch 73/500 | v_loss=-41.4746 | grad_v=2160.1304 | E[|v|^2]=39.1860 | time=3.6s
Epoch 74/500 | v_loss=-36.5442 | grad_v=1422.3208 | E[|v|^2]=66.0945 | time=3.6s
Epoch 75/500 | v_loss=-7.3086 | grad_v=1918.3686 | E[|v|^2]=67.4669 | time=3.6s
Epoch 76/500 | v_loss=-26.8783 | grad_v=1714.2036 | E[|v|^2]=41.6028 | time=3.6s
Epoch 77/500 | v_loss=-31.1666 | grad_v=2718.0270 | E[|v|^2]=65.2553 | time=3.6s
Epoch 78/500 | v_loss=-24.1593 | grad_v=545.6837 | E[|v|^2]=46.0994 | time=3.6s
Epoch 79/500 | v_loss=-14.3069 | grad_v=1484.7800 | E[|v|^2]=41.0773 | time=3.6s
Epoch 80/500 | v_loss=-23.4982 | grad_v=915.2079 | E[|v|^2]=39.1560 | time=3.6s
Epoch 81/500 | v_loss=-34.0997 | grad_v=1343.9731 | E[|v|^2]=71.1844 | time=3.6s
Epoch 82/500 | v_loss=-59.1116 | grad_v=1464.1746 | E[|v|^2]=97.6988 | time=3.6s
Epoch 83/500 | v_loss=-13.0252 | grad_v=347.8863 | E[|v|^2]=45.5311 | time=3.6s
Epoch 84/500 | v_loss=-7.2659 | grad_v=1240.0524 | E[|v|^2]=70.2244 | time=3.6s
Epoch 85/500 | v_loss=0.9639 | grad_v=2275.0823 | E[|v|^2]=76.3664 | time=3.6s
Epoch 86/500 | v_loss=-8.6916 | grad_v=912.7578 | E[|v|^2]=58.0892 | time=3.6s
Epoch 87/500 | v_loss=-16.8238 | grad_v=2032.7521 | E[|v|^2]=58.7322 | time=3.6s
Epoch 88/500 | v_loss=-66.6082 | grad_v=4535.7044 | E[|v|^2]=56.2118 | time=3.6s
Epoch 89/500 | v_loss=-8.8569 | grad_v=1957.0962 | E[|v|^2]=33.2079 | time=3.6s
Epoch 90/500 | v_loss=-59.1160 | grad_v=2165.5496 | E[|v|^2]=68.2020 | time=3.6s
Epoch 91/500 | v_loss=-6.8753 | grad_v=4130.6997 | E[|v|^2]=59.9665 | time=3.6s
Epoch 92/500 | v_loss=-57.1290 | grad_v=6473.2529 | E[|v|^2]=61.0506 | time=3.6s
Epoch 93/500 | v_loss=-11.3093 | grad_v=454.3763 | E[|v|^2]=49.1760 | time=3.6s
Epoch 94/500 | v_loss=-13.9219 | grad_v=1489.6734 | E[|v|^2]=50.3595 | time=3.6s
Epoch 95/500 | v_loss=-35.0469 | grad_v=2750.3875 | E[|v|^2]=36.5109 | time=3.6s
Epoch 96/500 | v_loss=-42.7121 | grad_v=6363.1508 | E[|v|^2]=55.2079 | time=3.6s
Epoch 97/500 | v_loss=-3.8363 | grad_v=2787.2012 | E[|v|^2]=67.0981 | time=3.6s
Epoch 98/500 | v_loss=-21.7443 | grad_v=1064.5103 | E[|v|^2]=49.2603 | time=3.6s
Epoch 99/500 | v_loss=-17.5989 | grad_v=870.1423 | E[|v|^2]=41.1417 | time=3.6s
Epoch 100/500 | v_loss=-26.0931 | grad_v=2654.0204 | E[|v|^2]=84.1187 | time=3.6s
Epoch 101/500 | v_loss=-8.9091 | grad_v=5114.7744 | E[|v|^2]=41.6456 | time=3.6s
Epoch 102/500 | v_loss=-27.6306 | grad_v=5053.9542 | E[|v|^2]=55.5399 | time=3.6s
Epoch 103/500 | v_loss=-13.4911 | grad_v=2063.5954 | E[|v|^2]=55.3078 | time=3.6s
Epoch 104/500 | v_loss=-8.2817 | grad_v=4454.8123 | E[|v|^2]=70.6414 | time=3.6s
Epoch 105/500 | v_loss=-10.1526 | grad_v=4725.8471 | E[|v|^2]=65.2407 | time=3.6s
Epoch 106/500 | v_loss=-163.5932 | grad_v=18389.7471 | E[|v|^2]=81.5767 | time=3.6s
Epoch 107/500 | v_loss=26.4361 | grad_v=6185.1953 | E[|v|^2]=83.7330 | time=3.6s
Epoch 108/500 | v_loss=-12.1195 | grad_v=3679.6783 | E[|v|^2]=51.5557 | time=3.6s
Epoch 109/500 | v_loss=-32.5161 | grad_v=1183.9463 | E[|v|^2]=62.8811 | time=3.6s
Epoch 110/500 | v_loss=-67.2114 | grad_v=13838.9637 | E[|v|^2]=57.8825 | time=3.6s
Epoch 111/500 | v_loss=-21.3460 | grad_v=1747.0421 | E[|v|^2]=54.5203 | time=3.6s
Epoch 112/500 | v_loss=-313.6684 | grad_v=78674.7503 | E[|v|^2]=71.4400 | time=3.6s
Epoch 113/500 | v_loss=-56.7269 | grad_v=7100.5460 | E[|v|^2]=37.6098 | time=3.6s
Epoch 114/500 | v_loss=-107.3302 | grad_v=10890.9932 | E[|v|^2]=89.9978 | time=3.6s
Epoch 115/500 | v_loss=-90.8221 | grad_v=18048.9699 | E[|v|^2]=86.0829 | time=3.6s
Epoch 116/500 | v_loss=5.7774 | grad_v=2460.1723 | E[|v|^2]=101.7827 | time=3.6s
Epoch 117/500 | v_loss=1.7213 | grad_v=1822.1066 | E[|v|^2]=77.8337 | time=3.6s
Epoch 118/500 | v_loss=-17.3798 | grad_v=784.9552 | E[|v|^2]=41.5048 | time=3.6s
Epoch 119/500 | v_loss=-25.2181 | grad_v=1523.9142 | E[|v|^2]=40.2748 | time=3.6s
Epoch 120/500 | v_loss=-15.7074 | grad_v=2994.8663 | E[|v|^2]=89.5913 | time=3.6s
Epoch 121/500 | v_loss=-29.2419 | grad_v=1669.8834 | E[|v|^2]=57.4721 | time=3.6s
Epoch 122/500 | v_loss=-19.4243 | grad_v=1817.0204 | E[|v|^2]=69.3971 | time=3.6s
Epoch 123/500 | v_loss=-29.2994 | grad_v=4268.6974 | E[|v|^2]=119.9123 | time=3.6s
Epoch 124/500 | v_loss=-20.9302 | grad_v=3494.3582 | E[|v|^2]=84.7413 | time=3.6s
Epoch 125/500 | v_loss=-36.4781 | grad_v=1962.4826 | E[|v|^2]=45.0740 | time=3.6s
Epoch 126/500 | v_loss=-15.2023 | grad_v=689.2914 | E[|v|^2]=49.0811 | time=3.6s
Epoch 127/500 | v_loss=-30.2182 | grad_v=1489.1480 | E[|v|^2]=71.6995 | time=3.6s
Epoch 128/500 | v_loss=-23.5891 | grad_v=1376.7279 | E[|v|^2]=33.7718 | time=3.6s
Epoch 129/500 | v_loss=-17.1176 | grad_v=3617.6397 | E[|v|^2]=65.9598 | time=3.6s
Epoch 130/500 | v_loss=-19.7035 | grad_v=847.7165 | E[|v|^2]=29.7690 | time=3.6s
Epoch 131/500 | v_loss=-14.0883 | grad_v=2235.7688 | E[|v|^2]=68.2534 | time=3.6s
Epoch 132/500 | v_loss=-45.3708 | grad_v=4111.0641 | E[|v|^2]=61.4902 | time=3.6s
Epoch 133/500 | v_loss=-2.3177 | grad_v=4073.2267 | E[|v|^2]=86.3905 | time=3.6s
Epoch 134/500 | v_loss=-51.1407 | grad_v=5903.6324 | E[|v|^2]=80.3521 | time=3.6s
Epoch 135/500 | v_loss=1.6783 | grad_v=8332.4221 | E[|v|^2]=57.2672 | time=3.6s
Epoch 136/500 | v_loss=-56.9448 | grad_v=4046.1681 | E[|v|^2]=58.0625 | time=3.6s
Epoch 137/500 | v_loss=-4.6190 | grad_v=3842.6257 | E[|v|^2]=50.3449 | time=3.6s
Epoch 138/500 | v_loss=4.5589 | grad_v=6197.8940 | E[|v|^2]=88.3398 | time=3.6s
Epoch 139/500 | v_loss=-17.1479 | grad_v=2482.9553 | E[|v|^2]=52.1248 | time=3.6s
Epoch 140/500 | v_loss=-19.0002 | grad_v=3080.2616 | E[|v|^2]=48.7873 | time=3.6s
Epoch 141/500 | v_loss=-22.5792 | grad_v=3242.6060 | E[|v|^2]=83.3854 | time=3.6s
Epoch 142/500 | v_loss=-20.3262 | grad_v=1520.3578 | E[|v|^2]=38.0114 | time=3.6s
Epoch 143/500 | v_loss=-16.2122 | grad_v=2443.6711 | E[|v|^2]=58.1303 | time=3.6s
Epoch 144/500 | v_loss=-5.8862 | grad_v=6057.8957 | E[|v|^2]=105.4921 | time=3.6s
Epoch 145/500 | v_loss=-13.3447 | grad_v=3079.3118 | E[|v|^2]=82.1349 | time=3.6s
Epoch 146/500 | v_loss=-11.2720 | grad_v=3136.6514 | E[|v|^2]=63.9061 | time=3.6s
Epoch 147/500 | v_loss=-6.0476 | grad_v=5904.0020 | E[|v|^2]=95.4599 | time=3.6s
Epoch 148/500 | v_loss=-40.7793 | grad_v=3375.5615 | E[|v|^2]=96.7429 | time=3.6s
Epoch 149/500 | v_loss=-14.9483 | grad_v=6438.2816 | E[|v|^2]=118.5062 | time=3.6s
Epoch 150/500 | v_loss=-20.2857 | grad_v=1256.8162 | E[|v|^2]=40.2547 | time=3.6s
Epoch 151/500 | v_loss=-13.9409 | grad_v=344.9839 | E[|v|^2]=49.0111 | time=3.6s
Epoch 152/500 | v_loss=-16.1628 | grad_v=4647.6368 | E[|v|^2]=118.5180 | time=3.6s
Epoch 153/500 | v_loss=-10.9231 | grad_v=1212.5718 | E[|v|^2]=42.7844 | time=3.6s
Epoch 154/500 | v_loss=-19.8354 | grad_v=8362.8330 | E[|v|^2]=74.3071 | time=3.6s
Epoch 155/500 | v_loss=-113.0037 | grad_v=14145.7415 | E[|v|^2]=58.9269 | time=3.6s
Epoch 156/500 | v_loss=-51.1117 | grad_v=4147.6646 | E[|v|^2]=53.3288 | time=3.6s
Epoch 157/500 | v_loss=-29.6227 | grad_v=4946.6401 | E[|v|^2]=45.9087 | time=3.6s
Epoch 158/500 | v_loss=-15.4467 | grad_v=1246.2505 | E[|v|^2]=38.2616 | time=3.6s
Epoch 159/500 | v_loss=-9.4152 | grad_v=5981.3673 | E[|v|^2]=120.4507 | time=3.6s
Epoch 160/500 | v_loss=-74.0682 | grad_v=4544.4867 | E[|v|^2]=64.4609 | time=3.6s
Epoch 161/500 | v_loss=-34.3174 | grad_v=1205.6758 | E[|v|^2]=44.6243 | time=3.6s
Epoch 162/500 | v_loss=-297.9148 | grad_v=28651.3993 | E[|v|^2]=88.6109 | time=3.7s
Epoch 163/500 | v_loss=-68.2849 | grad_v=5914.8780 | E[|v|^2]=137.2006 | time=3.8s
Epoch 164/500 | v_loss=-37.9369 | grad_v=3659.1249 | E[|v|^2]=60.9728 | time=3.8s
Epoch 165/500 | v_loss=-10.1718 | grad_v=1066.4180 | E[|v|^2]=84.3271 | time=3.8s
Epoch 166/500 | v_loss=-9.5140 | grad_v=7775.4281 | E[|v|^2]=117.0324 | time=3.8s
Epoch 167/500 | v_loss=-30.1258 | grad_v=1929.9348 | E[|v|^2]=38.3409 | time=3.8s
Epoch 168/500 | v_loss=-24.7506 | grad_v=696.2078 | E[|v|^2]=45.8113 | time=3.8s
Epoch 169/500 | v_loss=-18.6347 | grad_v=1038.2068 | E[|v|^2]=46.0827 | time=3.8s
Epoch 170/500 | v_loss=-45.5740 | grad_v=7023.7783 | E[|v|^2]=43.0430 | time=3.8s
Epoch 171/500 | v_loss=-23.8825 | grad_v=2699.5991 | E[|v|^2]=52.3308 | time=3.6s
Epoch 172/500 | v_loss=-34.8947 | grad_v=4200.1326 | E[|v|^2]=34.3151 | time=3.6s
Epoch 173/500 | v_loss=2.5601 | grad_v=6781.2196 | E[|v|^2]=123.0118 | time=3.6s
Epoch 174/500 | v_loss=-14.2946 | grad_v=1306.3312 | E[|v|^2]=59.7562 | time=3.6s
Epoch 175/500 | v_loss=-50.7340 | grad_v=3554.5892 | E[|v|^2]=63.5578 | time=3.6s
Epoch 176/500 | v_loss=-25.3386 | grad_v=2128.0453 | E[|v|^2]=58.9163 | time=3.6s
Epoch 177/500 | v_loss=-60.3450 | grad_v=1201.5499 | E[|v|^2]=54.6602 | time=3.6s
Epoch 178/500 | v_loss=-10.6202 | grad_v=3585.0926 | E[|v|^2]=65.2791 | time=3.6s
Epoch 179/500 | v_loss=-16.1179 | grad_v=3136.1734 | E[|v|^2]=92.5288 | time=3.6s
Epoch 180/500 | v_loss=-19.3647 | grad_v=5070.5732 | E[|v|^2]=110.1417 | time=3.6s
Epoch 181/500 | v_loss=-106.7123 | grad_v=10672.0612 | E[|v|^2]=82.6337 | time=3.6s
Epoch 182/500 | v_loss=-27.9177 | grad_v=7674.9252 | E[|v|^2]=140.3614 | time=3.6s
Epoch 183/500 | v_loss=-30.0202 | grad_v=6036.9870 | E[|v|^2]=74.2971 | time=3.6s
Epoch 184/500 | v_loss=-21.9236 | grad_v=642.4343 | E[|v|^2]=49.4711 | time=3.6s
Epoch 185/500 | v_loss=-28.5161 | grad_v=1532.1150 | E[|v|^2]=112.2882 | time=3.6s
Epoch 186/500 | v_loss=-22.6286 | grad_v=5201.3097 | E[|v|^2]=76.7941 | time=3.6s
Epoch 187/500 | v_loss=-239.3786 | grad_v=24636.7085 | E[|v|^2]=84.9533 | time=3.6s
Epoch 188/500 | v_loss=-1.9564 | grad_v=5415.3394 | E[|v|^2]=117.1365 | time=3.6s
Epoch 189/500 | v_loss=-18.2109 | grad_v=1552.2380 | E[|v|^2]=38.1030 | time=3.6s
Epoch 190/500 | v_loss=-32.8473 | grad_v=2493.8216 | E[|v|^2]=51.1186 | time=3.6s
Epoch 191/500 | v_loss=-69.6279 | grad_v=4581.1711 | E[|v|^2]=51.7169 | time=3.6s
Epoch 192/500 | v_loss=-48.0863 | grad_v=8690.1451 | E[|v|^2]=49.4473 | time=3.6s
Epoch 193/500 | v_loss=-16.2006 | grad_v=3219.4703 | E[|v|^2]=72.4949 | time=3.6s
Epoch 194/500 | v_loss=-27.3060 | grad_v=3214.1316 | E[|v|^2]=81.6470 | time=3.6s
Epoch 195/500 | v_loss=-46.4118 | grad_v=9963.6833 | E[|v|^2]=55.9829 | time=3.6s
Epoch 196/500 | v_loss=-39.4624 | grad_v=5286.0328 | E[|v|^2]=52.4422 | time=3.6s
Epoch 197/500 | v_loss=-4.5536 | grad_v=7099.2770 | E[|v|^2]=79.8133 | time=3.6s
Epoch 198/500 | v_loss=-32.1118 | grad_v=1661.5236 | E[|v|^2]=58.2393 | time=3.6s
Epoch 199/500 | v_loss=-395.2094 | grad_v=11153.5183 | E[|v|^2]=107.9743 | time=3.6s
Epoch 200/500 | v_loss=-20.4255 | grad_v=2069.7473 | E[|v|^2]=61.3858 | time=3.6s
Epoch 201/500 | v_loss=-20.0430 | grad_v=6195.4961 | E[|v|^2]=64.3811 | time=3.6s
Epoch 202/500 | v_loss=-48.1614 | grad_v=7080.2463 | E[|v|^2]=78.9208 | time=3.6s
Epoch 203/500 | v_loss=-30.6917 | grad_v=1807.3426 | E[|v|^2]=45.6187 | time=3.6s
Epoch 204/500 | v_loss=-10.4958 | grad_v=1396.4746 | E[|v|^2]=53.7830 | time=3.6s
Epoch 205/500 | v_loss=-24.5184 | grad_v=9159.1766 | E[|v|^2]=68.2336 | time=3.6s
Epoch 206/500 | v_loss=-5.8923 | grad_v=6278.6374 | E[|v|^2]=67.9444 | time=3.6s
Epoch 207/500 | v_loss=-42.6251 | grad_v=9681.2263 | E[|v|^2]=47.2500 | time=3.6s
Epoch 208/500 | v_loss=-40.8094 | grad_v=3143.5842 | E[|v|^2]=56.2871 | time=3.6s
Epoch 209/500 | v_loss=-20.4594 | grad_v=1138.0068 | E[|v|^2]=44.5635 | time=3.6s
Epoch 210/500 | v_loss=-17.3042 | grad_v=3905.6576 | E[|v|^2]=94.2067 | time=3.6s
Epoch 211/500 | v_loss=-7.2938 | grad_v=8419.6903 | E[|v|^2]=65.3897 | time=3.6s
Epoch 212/500 | v_loss=-13.6905 | grad_v=4517.1131 | E[|v|^2]=76.5849 | time=3.6s
Epoch 213/500 | v_loss=-42.7292 | grad_v=4203.1458 | E[|v|^2]=76.0374 | time=3.6s
Epoch 214/500 | v_loss=-53.5346 | grad_v=2575.4219 | E[|v|^2]=65.0128 | time=3.6s
Epoch 215/500 | v_loss=19.6748 | grad_v=20414.4577 | E[|v|^2]=126.6703 | time=3.6s
Epoch 216/500 | v_loss=-7.8382 | grad_v=10223.6733 | E[|v|^2]=81.2218 | time=3.6s
Epoch 217/500 | v_loss=-17.1218 | grad_v=6349.5743 | E[|v|^2]=47.8826 | time=3.6s
Epoch 218/500 | v_loss=-18.1536 | grad_v=1790.4789 | E[|v|^2]=59.4018 | time=3.6s
Epoch 219/500 | v_loss=19.5991 | grad_v=18907.9569 | E[|v|^2]=68.8606 | time=3.6s
Epoch 220/500 | v_loss=-24.8404 | grad_v=1863.0076 | E[|v|^2]=76.9511 | time=3.6s
Epoch 221/500 | v_loss=1.4224 | grad_v=14722.4277 | E[|v|^2]=91.6057 | time=3.6s
Epoch 222/500 | v_loss=-0.1086 | grad_v=16079.8244 | E[|v|^2]=105.5754 | time=3.6s
Epoch 223/500 | v_loss=2.2540 | grad_v=8107.6985 | E[|v|^2]=121.6352 | time=3.6s
Epoch 224/500 | v_loss=-10.5634 | grad_v=3813.9241 | E[|v|^2]=67.2199 | time=3.6s
Epoch 225/500 | v_loss=-11.6556 | grad_v=11596.3633 | E[|v|^2]=59.9456 | time=3.6s
Epoch 226/500 | v_loss=-62.2069 | grad_v=12067.3041 | E[|v|^2]=59.9731 | time=3.6s
Epoch 227/500 | v_loss=-37.7468 | grad_v=5150.7820 | E[|v|^2]=76.5385 | time=3.6s
Epoch 228/500 | v_loss=-27.5800 | grad_v=2225.1966 | E[|v|^2]=54.6983 | time=3.6s
Epoch 229/500 | v_loss=-105.7278 | grad_v=21129.3261 | E[|v|^2]=105.4504 | time=3.6s
Epoch 230/500 | v_loss=-1.3308 | grad_v=11873.9075 | E[|v|^2]=54.4939 | time=3.6s
Epoch 231/500 | v_loss=-13.8239 | grad_v=7328.3481 | E[|v|^2]=52.5745 | time=3.6s
Epoch 232/500 | v_loss=-37.5732 | grad_v=26634.0157 | E[|v|^2]=100.0545 | time=3.6s
Epoch 233/500 | v_loss=-9.1202 | grad_v=1804.6284 | E[|v|^2]=67.7139 | time=3.6s
Epoch 234/500 | v_loss=-32.6497 | grad_v=4262.3071 | E[|v|^2]=63.4537 | time=3.6s
Epoch 235/500 | v_loss=-16.0748 | grad_v=1077.4685 | E[|v|^2]=43.5896 | time=3.6s
Epoch 236/500 | v_loss=-19.0082 | grad_v=2771.3168 | E[|v|^2]=59.5500 | time=3.6s
Epoch 237/500 | v_loss=-22.2092 | grad_v=9748.7536 | E[|v|^2]=77.1563 | time=3.6s
Epoch 238/500 | v_loss=-58.5648 | grad_v=17717.6332 | E[|v|^2]=177.1375 | time=3.6s
Epoch 239/500 | v_loss=-4.2762 | grad_v=16468.3595 | E[|v|^2]=100.7862 | time=3.6s
Epoch 240/500 | v_loss=-26.7827 | grad_v=3437.1396 | E[|v|^2]=62.9797 | time=3.6s
Epoch 241/500 | v_loss=-157.9002 | grad_v=43527.9592 | E[|v|^2]=72.4501 | time=3.6s
Epoch 242/500 | v_loss=-229.1721 | grad_v=61585.6684 | E[|v|^2]=67.0755 | time=3.6s
Epoch 243/500 | v_loss=-7.5692 | grad_v=7783.9703 | E[|v|^2]=102.8580 | time=3.6s
Epoch 244/500 | v_loss=-68.8083 | grad_v=28574.9058 | E[|v|^2]=156.0110 | time=3.6s
Epoch 245/500 | v_loss=-136.3743 | grad_v=51416.7054 | E[|v|^2]=64.1912 | time=3.6s
Epoch 246/500 | v_loss=-76.7976 | grad_v=7571.2905 | E[|v|^2]=54.9372 | time=3.6s
Epoch 247/500 | v_loss=-18.0080 | grad_v=3878.7824 | E[|v|^2]=51.6195 | time=3.6s
Epoch 248/500 | v_loss=-125.4855 | grad_v=11645.6422 | E[|v|^2]=89.7035 | time=3.6s
Epoch 249/500 | v_loss=-23.1625 | grad_v=10066.1946 | E[|v|^2]=78.4009 | time=3.6s
Epoch 250/500 | v_loss=-38.7533 | grad_v=5900.8125 | E[|v|^2]=43.4516 | time=3.6s
Epoch 251/500 | v_loss=-20.5450 | grad_v=5898.4473 | E[|v|^2]=56.8780 | time=3.6s
Epoch 252/500 | v_loss=-45.6432 | grad_v=7430.5669 | E[|v|^2]=56.4935 | time=3.6s
Epoch 253/500 | v_loss=-28.9047 | grad_v=6058.2288 | E[|v|^2]=68.8438 | time=3.6s
Epoch 254/500 | v_loss=-26.7647 | grad_v=1803.0049 | E[|v|^2]=47.0070 | time=3.6s
Epoch 255/500 | v_loss=-42.2826 | grad_v=18131.7976 | E[|v|^2]=58.9125 | time=3.6s
Epoch 256/500 | v_loss=-17.5014 | grad_v=5134.6452 | E[|v|^2]=70.1738 | time=3.6s
Epoch 257/500 | v_loss=-27.8556 | grad_v=2761.3553 | E[|v|^2]=58.4291 | time=3.6s
Epoch 258/500 | v_loss=-38.1419 | grad_v=7562.1505 | E[|v|^2]=62.5570 | time=3.6s
Epoch 259/500 | v_loss=-25.6453 | grad_v=6080.2733 | E[|v|^2]=58.8824 | time=3.6s
Epoch 260/500 | v_loss=-223.7277 | grad_v=29569.0379 | E[|v|^2]=83.2039 | time=3.6s
Epoch 261/500 | v_loss=-15.9196 | grad_v=7795.9415 | E[|v|^2]=56.9918 | time=3.6s
Epoch 262/500 | v_loss=-13.1851 | grad_v=21437.3151 | E[|v|^2]=68.8526 | time=3.6s
Epoch 263/500 | v_loss=-12.9288 | grad_v=7788.6800 | E[|v|^2]=76.5373 | time=3.6s
Epoch 264/500 | v_loss=-25.8757 | grad_v=3469.5111 | E[|v|^2]=66.6343 | time=3.6s
Epoch 265/500 | v_loss=-18.6180 | grad_v=21640.2159 | E[|v|^2]=69.3314 | time=3.6s
Epoch 266/500 | v_loss=-1359.4414 | grad_v=228904.4909 | E[|v|^2]=101.8058 | time=3.6s
Epoch 267/500 | v_loss=-44.7452 | grad_v=7211.4977 | E[|v|^2]=66.5283 | time=3.6s
Epoch 268/500 | v_loss=-35.5313 | grad_v=11313.1738 | E[|v|^2]=94.8693 | time=3.6s
Epoch 269/500 | v_loss=-211.5883 | grad_v=16607.6040 | E[|v|^2]=89.2793 | time=3.6s
Epoch 270/500 | v_loss=-54.8516 | grad_v=24104.4113 | E[|v|^2]=69.8694 | time=3.6s
Epoch 271/500 | v_loss=-193.3653 | grad_v=41920.9967 | E[|v|^2]=63.5603 | time=3.6s
Epoch 272/500 | v_loss=-989.9751 | grad_v=94619.1867 | E[|v|^2]=48.6218 | time=3.6s
Epoch 273/500 | v_loss=-6.2434 | grad_v=16728.1721 | E[|v|^2]=86.0874 | time=3.6s
Epoch 274/500 | v_loss=-58.9263 | grad_v=11021.0094 | E[|v|^2]=51.0340 | time=3.6s
Epoch 275/500 | v_loss=-42.6157 | grad_v=14253.6828 | E[|v|^2]=77.6084 | time=3.6s
Epoch 276/500 | v_loss=-34.1311 | grad_v=4935.6463 | E[|v|^2]=70.6817 | time=3.6s
Epoch 277/500 | v_loss=-39.5267 | grad_v=1067.9796 | E[|v|^2]=58.8797 | time=3.6s
Epoch 278/500 | v_loss=-145.2850 | grad_v=18820.6486 | E[|v|^2]=65.9535 | time=3.6s
Epoch 279/500 | v_loss=-11.5541 | grad_v=8747.0589 | E[|v|^2]=56.4381 | time=3.6s
Epoch 280/500 | v_loss=-28.0771 | grad_v=9133.8678 | E[|v|^2]=78.6722 | time=3.6s
Epoch 281/500 | v_loss=-91.5849 | grad_v=6823.5708 | E[|v|^2]=77.9133 | time=3.6s
Epoch 282/500 | v_loss=-60.8561 | grad_v=9330.3639 | E[|v|^2]=71.5233 | time=3.6s
Epoch 283/500 | v_loss=-25.7912 | grad_v=11846.7261 | E[|v|^2]=57.0892 | time=3.6s
Epoch 284/500 | v_loss=-11.7865 | grad_v=1038.3968 | E[|v|^2]=61.8734 | time=3.6s
Epoch 285/500 | v_loss=-473.5371 | grad_v=98256.0842 | E[|v|^2]=85.8867 | time=3.6s
Epoch 286/500 | v_loss=-34.3958 | grad_v=15736.9299 | E[|v|^2]=88.4885 | time=3.6s
Epoch 287/500 | v_loss=-19.7504 | grad_v=7987.4701 | E[|v|^2]=75.7190 | time=3.6s
Epoch 288/500 | v_loss=-212.1522 | grad_v=111745.5582 | E[|v|^2]=92.5578 | time=3.6s
Epoch 289/500 | v_loss=-107.7996 | grad_v=31867.7420 | E[|v|^2]=76.7846 | time=3.6s
Epoch 290/500 | v_loss=-12.4968 | grad_v=3213.7653 | E[|v|^2]=63.7290 | time=3.6s
Epoch 291/500 | v_loss=-48.5048 | grad_v=16830.9215 | E[|v|^2]=78.1150 | time=3.6s
Epoch 292/500 | v_loss=-12.3453 | grad_v=11963.5471 | E[|v|^2]=64.6028 | time=3.6s
Epoch 293/500 | v_loss=-30.6760 | grad_v=5607.1829 | E[|v|^2]=67.8883 | time=3.6s
Epoch 294/500 | v_loss=-16.5144 | grad_v=712.1023 | E[|v|^2]=56.0950 | time=3.6s
Epoch 295/500 | v_loss=-48.4666 | grad_v=4980.8754 | E[|v|^2]=47.7433 | time=3.6s
Epoch 296/500 | v_loss=-151.0079 | grad_v=41086.9449 | E[|v|^2]=71.5358 | time=3.6s
Epoch 297/500 | v_loss=-26.0922 | grad_v=15114.3949 | E[|v|^2]=67.9396 | time=3.6s
Epoch 298/500 | v_loss=-33.5147 | grad_v=23051.0875 | E[|v|^2]=72.1704 | time=3.6s
Epoch 299/500 | v_loss=-58.1822 | grad_v=13565.9249 | E[|v|^2]=63.1720 | time=3.6s
Epoch 300/500 | v_loss=-17.5402 | grad_v=6252.5325 | E[|v|^2]=60.9466 | time=3.6s
Epoch 301/500 | v_loss=-22.4283 | grad_v=2792.1127 | E[|v|^2]=67.3598 | time=3.6s
Epoch 302/500 | v_loss=-65.8950 | grad_v=39641.8750 | E[|v|^2]=91.2771 | time=3.6s
Epoch 303/500 | v_loss=-51.1062 | grad_v=4096.4202 | E[|v|^2]=69.4758 | time=3.6s
Epoch 304/500 | v_loss=-14.0662 | grad_v=8569.7604 | E[|v|^2]=58.2644 | time=3.6s
Epoch 305/500 | v_loss=-12.7964 | grad_v=1544.4169 | E[|v|^2]=58.0983 | time=3.6s
Epoch 306/500 | v_loss=-44.0963 | grad_v=8762.0575 | E[|v|^2]=54.2478 | time=3.6s
Epoch 307/500 | v_loss=-55.2816 | grad_v=1167.6328 | E[|v|^2]=69.1842 | time=3.6s
Epoch 308/500 | v_loss=-17.2096 | grad_v=6365.2745 | E[|v|^2]=66.1234 | time=3.6s
Epoch 309/500 | v_loss=-500.6550 | grad_v=82346.3557 | E[|v|^2]=112.1579 | time=3.6s
Epoch 310/500 | v_loss=7.4390 | grad_v=31978.0436 | E[|v|^2]=105.9328 | time=3.6s
Epoch 311/500 | v_loss=-42.2530 | grad_v=4791.1302 | E[|v|^2]=74.3081 | time=3.6s
Epoch 312/500 | v_loss=-30.3904 | grad_v=12389.8497 | E[|v|^2]=73.0823 | time=3.6s
Epoch 313/500 | v_loss=-5.0354 | grad_v=19161.9409 | E[|v|^2]=74.5384 | time=3.6s
Epoch 314/500 | v_loss=-22.4127 | grad_v=4333.3805 | E[|v|^2]=56.9205 | time=3.6s
Epoch 315/500 | v_loss=-10.3281 | grad_v=10137.7710 | E[|v|^2]=65.2579 | time=3.6s
Epoch 316/500 | v_loss=-40.0844 | grad_v=6628.6549 | E[|v|^2]=69.8370 | time=3.6s
Epoch 317/500 | v_loss=-67.6453 | grad_v=10963.1491 | E[|v|^2]=82.0166 | time=3.6s
Epoch 318/500 | v_loss=-16.2973 | grad_v=8115.7162 | E[|v|^2]=63.3277 | time=3.6s
Epoch 319/500 | v_loss=-17.5232 | grad_v=3324.0868 | E[|v|^2]=55.6575 | time=3.6s
Epoch 320/500 | v_loss=-13.9824 | grad_v=9491.0295 | E[|v|^2]=63.0400 | time=3.6s
Epoch 321/500 | v_loss=-27.4522 | grad_v=7043.5021 | E[|v|^2]=71.1706 | time=3.6s
Epoch 322/500 | v_loss=-119.2654 | grad_v=43224.7636 | E[|v|^2]=68.3633 | time=3.6s
Epoch 323/500 | v_loss=-16.5058 | grad_v=7987.5530 | E[|v|^2]=76.4075 | time=3.6s
Epoch 324/500 | v_loss=-53.3924 | grad_v=7378.2096 | E[|v|^2]=79.2419 | time=3.6s
Epoch 325/500 | v_loss=-17.5679 | grad_v=7261.0385 | E[|v|^2]=76.0103 | time=3.6s
Epoch 326/500 | v_loss=-184.4706 | grad_v=41818.0989 | E[|v|^2]=66.6494 | time=3.6s
Epoch 327/500 | v_loss=-93.3748 | grad_v=29485.4012 | E[|v|^2]=72.9072 | time=3.6s
Epoch 328/500 | v_loss=-6.2188 | grad_v=29920.8120 | E[|v|^2]=103.5581 | time=3.6s
Epoch 329/500 | v_loss=-494.1314 | grad_v=205064.6146 | E[|v|^2]=58.9636 | time=3.6s
Epoch 330/500 | v_loss=4.6812 | grad_v=27251.8923 | E[|v|^2]=98.1301 | time=3.6s
Epoch 331/500 | v_loss=-8.8000 | grad_v=10792.2405 | E[|v|^2]=60.1645 | time=3.6s
Epoch 332/500 | v_loss=-4.1320 | grad_v=8364.3065 | E[|v|^2]=93.2128 | time=3.6s
Epoch 333/500 | v_loss=-23.0165 | grad_v=2249.8143 | E[|v|^2]=54.2130 | time=3.6s
Epoch 334/500 | v_loss=-287.4366 | grad_v=63492.1047 | E[|v|^2]=62.8326 | time=3.6s
Epoch 335/500 | v_loss=-24.0235 | grad_v=4872.5345 | E[|v|^2]=53.0929 | time=3.6s
Epoch 336/500 | v_loss=-37.5906 | grad_v=8553.4442 | E[|v|^2]=81.2112 | time=3.6s
Epoch 337/500 | v_loss=4.3717 | grad_v=31173.2325 | E[|v|^2]=74.6041 | time=3.6s
Epoch 338/500 | v_loss=-16.2594 | grad_v=3907.7987 | E[|v|^2]=72.3485 | time=3.6s
Epoch 339/500 | v_loss=-82.6678 | grad_v=9325.5970 | E[|v|^2]=56.7648 | time=3.6s
Epoch 340/500 | v_loss=-65.0272 | grad_v=10831.2180 | E[|v|^2]=57.9592 | time=3.6s
Epoch 341/500 | v_loss=-28.1271 | grad_v=2259.3045 | E[|v|^2]=63.9341 | time=3.6s
Epoch 342/500 | v_loss=-51.9461 | grad_v=11662.7777 | E[|v|^2]=67.6811 | time=3.6s
Epoch 343/500 | v_loss=-8.6783 | grad_v=6160.8753 | E[|v|^2]=68.8094 | time=3.6s
Epoch 344/500 | v_loss=-14.0249 | grad_v=35368.0650 | E[|v|^2]=82.7411 | time=3.6s
Epoch 345/500 | v_loss=-80.6945 | grad_v=5134.2377 | E[|v|^2]=66.1609 | time=3.6s
Epoch 346/500 | v_loss=-22.6410 | grad_v=2398.8646 | E[|v|^2]=70.7523 | time=3.6s
Epoch 347/500 | v_loss=-119.5494 | grad_v=23322.0221 | E[|v|^2]=75.2087 | time=3.6s
Epoch 348/500 | v_loss=-148.4833 | grad_v=26638.6021 | E[|v|^2]=78.7618 | time=3.6s
Epoch 349/500 | v_loss=-52.4348 | grad_v=10084.4856 | E[|v|^2]=66.6286 | time=3.6s
Epoch 350/500 | v_loss=4.1480 | grad_v=8301.5438 | E[|v|^2]=82.2218 | time=3.6s
Epoch 351/500 | v_loss=-10.3574 | grad_v=12859.5775 | E[|v|^2]=76.6214 | time=3.6s
Epoch 352/500 | v_loss=-26.4736 | grad_v=2855.5112 | E[|v|^2]=63.1413 | time=3.6s
Epoch 353/500 | v_loss=-19.0567 | grad_v=13092.0222 | E[|v|^2]=70.3987 | time=3.6s
Epoch 354/500 | v_loss=-22.2059 | grad_v=4325.4400 | E[|v|^2]=64.8989 | time=3.6s
Epoch 355/500 | v_loss=-15.7247 | grad_v=6588.7618 | E[|v|^2]=65.2988 | time=3.6s
Epoch 356/500 | v_loss=-95.3260 | grad_v=18973.7606 | E[|v|^2]=61.3706 | time=3.6s
Epoch 357/500 | v_loss=-154.9423 | grad_v=12575.7246 | E[|v|^2]=83.8084 | time=3.6s
Epoch 358/500 | v_loss=-18.0212 | grad_v=13207.3058 | E[|v|^2]=78.0627 | time=3.6s
Epoch 359/500 | v_loss=-76.7390 | grad_v=17809.8795 | E[|v|^2]=74.2794 | time=3.6s
Epoch 360/500 | v_loss=-22.4462 | grad_v=15377.9155 | E[|v|^2]=66.3995 | time=3.6s
Epoch 361/500 | v_loss=-31.6430 | grad_v=7386.7350 | E[|v|^2]=71.1951 | time=3.6s
Epoch 362/500 | v_loss=-12.2543 | grad_v=15731.7009 | E[|v|^2]=89.3492 | time=3.6s
Epoch 363/500 | v_loss=-27.0539 | grad_v=7165.1017 | E[|v|^2]=79.5760 | time=3.6s
Epoch 364/500 | v_loss=-58.6985 | grad_v=12589.4409 | E[|v|^2]=66.3591 | time=3.6s
Epoch 365/500 | v_loss=-12.9557 | grad_v=2866.9058 | E[|v|^2]=65.2858 | time=3.6s
Epoch 366/500 | v_loss=-20.9614 | grad_v=7189.7188 | E[|v|^2]=72.0500 | time=3.6s
Epoch 367/500 | v_loss=-22.3292 | grad_v=2422.3589 | E[|v|^2]=60.6257 | time=3.6s
Epoch 368/500 | v_loss=-33.5642 | grad_v=6908.1134 | E[|v|^2]=60.7162 | time=3.6s
Epoch 369/500 | v_loss=-33.9990 | grad_v=4488.4603 | E[|v|^2]=54.8238 | time=3.6s
Epoch 370/500 | v_loss=-16.8628 | grad_v=800.5042 | E[|v|^2]=55.1519 | time=3.6s
Epoch 371/500 | v_loss=-31.4955 | grad_v=8473.8954 | E[|v|^2]=82.6890 | time=3.6s
Epoch 372/500 | v_loss=-147.4061 | grad_v=26989.6927 | E[|v|^2]=74.9121 | time=3.6s
Epoch 373/500 | v_loss=-14.6921 | grad_v=3376.2780 | E[|v|^2]=76.0278 | time=3.6s
Epoch 374/500 | v_loss=-23.7017 | grad_v=2485.4132 | E[|v|^2]=51.7639 | time=3.6s
Epoch 375/500 | v_loss=-40.0326 | grad_v=12516.8082 | E[|v|^2]=76.6627 | time=3.6s
Epoch 376/500 | v_loss=-16.8738 | grad_v=1120.3942 | E[|v|^2]=79.1643 | time=3.6s
Epoch 377/500 | v_loss=-27.0183 | grad_v=13089.3441 | E[|v|^2]=77.0686 | time=3.6s
Epoch 378/500 | v_loss=10.6924 | grad_v=41580.5671 | E[|v|^2]=82.4078 | time=3.6s
Epoch 379/500 | v_loss=-63.5863 | grad_v=16371.4993 | E[|v|^2]=70.8436 | time=3.6s
Epoch 380/500 | v_loss=-26.7818 | grad_v=14629.0644 | E[|v|^2]=70.0613 | time=3.6s
Epoch 381/500 | v_loss=-8.3044 | grad_v=2705.9576 | E[|v|^2]=85.0164 | time=3.6s
Epoch 382/500 | v_loss=-37.8427 | grad_v=13822.0623 | E[|v|^2]=72.8953 | time=3.6s
Epoch 383/500 | v_loss=-25.6530 | grad_v=1097.3672 | E[|v|^2]=70.1432 | time=3.6s
Epoch 384/500 | v_loss=-52.1220 | grad_v=26209.0980 | E[|v|^2]=67.0891 | time=3.6s
Epoch 385/500 | v_loss=-12.8240 | grad_v=4615.8408 | E[|v|^2]=68.1171 | time=3.6s
Epoch 386/500 | v_loss=-14.3100 | grad_v=5371.9491 | E[|v|^2]=68.7058 | time=3.6s
Epoch 387/500 | v_loss=-86.6743 | grad_v=5879.6608 | E[|v|^2]=77.0944 | time=3.6s
Epoch 388/500 | v_loss=-28.6728 | grad_v=12340.6372 | E[|v|^2]=68.1875 | time=3.6s
Epoch 389/500 | v_loss=-17.6867 | grad_v=3751.4801 | E[|v|^2]=71.7601 | time=3.6s
Epoch 390/500 | v_loss=-17.0494 | grad_v=3473.0260 | E[|v|^2]=60.1121 | time=3.6s
Epoch 391/500 | v_loss=-54.1503 | grad_v=12682.7571 | E[|v|^2]=66.3888 | time=3.6s
Epoch 392/500 | v_loss=-35.0055 | grad_v=12218.3886 | E[|v|^2]=66.9210 | time=3.6s
Epoch 393/500 | v_loss=-33.8539 | grad_v=6720.3506 | E[|v|^2]=65.4903 | time=3.6s
Epoch 394/500 | v_loss=-29.2949 | grad_v=8416.4783 | E[|v|^2]=69.3271 | time=3.6s
Epoch 395/500 | v_loss=-3552.0222 | grad_v=1695863.8807 | E[|v|^2]=75.5008 | time=3.6s
Epoch 396/500 | v_loss=-44.4948 | grad_v=14067.2398 | E[|v|^2]=72.6813 | time=3.6s
Epoch 397/500 | v_loss=-150.7782 | grad_v=24314.5519 | E[|v|^2]=81.1934 | time=3.6s
Epoch 398/500 | v_loss=-44.4102 | grad_v=7694.9776 | E[|v|^2]=63.8767 | time=3.6s
Epoch 399/500 | v_loss=1.4740 | grad_v=19109.2102 | E[|v|^2]=85.8868 | time=3.6s
Epoch 400/500 | v_loss=-22.4740 | grad_v=3822.9979 | E[|v|^2]=70.1771 | time=3.6s
Epoch 401/500 | v_loss=-28.4464 | grad_v=5436.4448 | E[|v|^2]=67.4986 | time=3.6s
Epoch 402/500 | v_loss=9.3822 | grad_v=16620.8803 | E[|v|^2]=83.5390 | time=3.6s
Epoch 403/500 | v_loss=-12.1188 | grad_v=24654.3435 | E[|v|^2]=56.9747 | time=3.6s
Epoch 404/500 | v_loss=-26.7328 | grad_v=10044.4771 | E[|v|^2]=81.0736 | time=3.6s
Epoch 405/500 | v_loss=-12.7436 | grad_v=4387.3991 | E[|v|^2]=65.4464 | time=3.6s
Epoch 406/500 | v_loss=-33.9631 | grad_v=6488.9614 | E[|v|^2]=68.3820 | time=3.6s
Epoch 407/500 | v_loss=-41.6285 | grad_v=2842.6675 | E[|v|^2]=63.8172 | time=3.6s
Epoch 408/500 | v_loss=-58.5163 | grad_v=17771.2692 | E[|v|^2]=67.6099 | time=3.6s
Epoch 409/500 | v_loss=-20.2686 | grad_v=13632.4811 | E[|v|^2]=54.4309 | time=3.6s
Epoch 410/500 | v_loss=-40.9534 | grad_v=6870.6819 | E[|v|^2]=72.6094 | time=3.6s
Epoch 411/500 | v_loss=-48.5553 | grad_v=3889.9204 | E[|v|^2]=71.3277 | time=3.6s
Epoch 412/500 | v_loss=-34.3564 | grad_v=12945.5428 | E[|v|^2]=75.0032 | time=3.6s
Epoch 413/500 | v_loss=-11.5579 | grad_v=3614.6961 | E[|v|^2]=69.3946 | time=3.6s
Epoch 414/500 | v_loss=-30.0031 | grad_v=24130.1484 | E[|v|^2]=64.7827 | time=3.6s
Epoch 415/500 | v_loss=-77.7606 | grad_v=6253.1702 | E[|v|^2]=71.3438 | time=3.6s
Epoch 416/500 | v_loss=-36.9724 | grad_v=24197.3001 | E[|v|^2]=78.4717 | time=3.6s
Epoch 417/500 | v_loss=-252.6362 | grad_v=126867.3357 | E[|v|^2]=67.5523 | time=3.6s
Epoch 418/500 | v_loss=-717.5388 | grad_v=103514.7909 | E[|v|^2]=63.3041 | time=3.6s
Epoch 419/500 | v_loss=-89.0349 | grad_v=16352.1145 | E[|v|^2]=69.2711 | time=3.6s
Epoch 420/500 | v_loss=-798.5574 | grad_v=394225.7042 | E[|v|^2]=73.4276 | time=3.6s
Epoch 421/500 | v_loss=-38.8904 | grad_v=9830.2809 | E[|v|^2]=69.4831 | time=3.6s
Epoch 422/500 | v_loss=-136.9291 | grad_v=14526.0392 | E[|v|^2]=75.9740 | time=3.6s
Epoch 423/500 | v_loss=-24.3563 | grad_v=11552.0945 | E[|v|^2]=66.6587 | time=3.6s
Epoch 424/500 | v_loss=-227.0017 | grad_v=28447.1500 | E[|v|^2]=56.6866 | time=3.6s
Epoch 425/500 | v_loss=-27.0697 | grad_v=8703.2384 | E[|v|^2]=71.3362 | time=3.6s
Epoch 426/500 | v_loss=-13.2476 | grad_v=3816.2999 | E[|v|^2]=64.3899 | time=3.6s
Epoch 427/500 | v_loss=-15.1073 | grad_v=1469.3506 | E[|v|^2]=70.4112 | time=3.6s
Epoch 428/500 | v_loss=-171.7750 | grad_v=21266.3171 | E[|v|^2]=66.1212 | time=3.6s
Epoch 429/500 | v_loss=-159.4729 | grad_v=33186.8508 | E[|v|^2]=66.9611 | time=3.6s
Epoch 430/500 | v_loss=-72.2307 | grad_v=16833.5226 | E[|v|^2]=69.1287 | time=3.6s
Epoch 431/500 | v_loss=-14.2106 | grad_v=10310.1499 | E[|v|^2]=68.7127 | time=3.6s
Epoch 432/500 | v_loss=-61.8470 | grad_v=5574.8655 | E[|v|^2]=68.4615 | time=3.6s
Epoch 433/500 | v_loss=-52.3226 | grad_v=23871.5355 | E[|v|^2]=67.2222 | time=3.6s
Epoch 434/500 | v_loss=-6.8717 | grad_v=13936.6609 | E[|v|^2]=65.3329 | time=3.6s
Epoch 435/500 | v_loss=-12.8073 | grad_v=6513.7044 | E[|v|^2]=67.8633 | time=3.6s
Epoch 436/500 | v_loss=-12.7473 | grad_v=6367.9330 | E[|v|^2]=70.8503 | time=3.6s
Epoch 437/500 | v_loss=-24.6945 | grad_v=6963.6435 | E[|v|^2]=72.4341 | time=3.6s
Epoch 438/500 | v_loss=-31.6278 | grad_v=4080.1442 | E[|v|^2]=63.8661 | time=3.6s
Epoch 439/500 | v_loss=-58.7968 | grad_v=14843.3308 | E[|v|^2]=72.7072 | time=3.6s
Epoch 440/500 | v_loss=-69.6121 | grad_v=12389.4040 | E[|v|^2]=70.4524 | time=3.6s
Epoch 441/500 | v_loss=-27.0126 | grad_v=5932.7000 | E[|v|^2]=72.7055 | time=3.6s
Epoch 442/500 | v_loss=-6.6266 | grad_v=9499.0886 | E[|v|^2]=66.6432 | time=3.6s
Epoch 443/500 | v_loss=-24.1863 | grad_v=2988.3533 | E[|v|^2]=70.9051 | time=3.6s
Epoch 444/500 | v_loss=-2.9244 | grad_v=20526.7419 | E[|v|^2]=69.6340 | time=3.6s
Epoch 445/500 | v_loss=-34.7315 | grad_v=8172.0494 | E[|v|^2]=71.2037 | time=3.6s
Epoch 446/500 | v_loss=-106.9175 | grad_v=11279.1416 | E[|v|^2]=73.9659 | time=3.6s
Epoch 447/500 | v_loss=-8.5794 | grad_v=9395.6131 | E[|v|^2]=73.8263 | time=3.6s
Epoch 448/500 | v_loss=-15.2287 | grad_v=3836.8261 | E[|v|^2]=62.5468 | time=3.6s
Epoch 449/500 | v_loss=-44.3275 | grad_v=6886.3665 | E[|v|^2]=70.6699 | time=3.6s
Epoch 450/500 | v_loss=-29.8307 | grad_v=4154.8714 | E[|v|^2]=64.2885 | time=3.6s
Epoch 451/500 | v_loss=-59.3437 | grad_v=14338.4431 | E[|v|^2]=67.0529 | time=3.6s
Epoch 452/500 | v_loss=-26.8731 | grad_v=3665.6509 | E[|v|^2]=61.1951 | time=3.6s
Epoch 453/500 | v_loss=-16.2716 | grad_v=12914.8709 | E[|v|^2]=70.8202 | time=3.6s
Epoch 454/500 | v_loss=-59.3286 | grad_v=9133.6680 | E[|v|^2]=69.7948 | time=3.6s
Epoch 455/500 | v_loss=-44.5087 | grad_v=25231.6336 | E[|v|^2]=73.3310 | time=3.6s
Epoch 456/500 | v_loss=-49.1884 | grad_v=5743.5935 | E[|v|^2]=57.5762 | time=3.6s
Epoch 457/500 | v_loss=-15.6235 | grad_v=18938.3008 | E[|v|^2]=67.0243 | time=3.6s
Epoch 458/500 | v_loss=-224.2843 | grad_v=32538.8394 | E[|v|^2]=67.4466 | time=3.6s
Epoch 459/500 | v_loss=-9.3157 | grad_v=9162.4663 | E[|v|^2]=85.3172 | time=3.6s
Epoch 460/500 | v_loss=-16.3276 | grad_v=2688.5160 | E[|v|^2]=65.5492 | time=3.6s
Epoch 461/500 | v_loss=-84.8755 | grad_v=28591.5580 | E[|v|^2]=67.1937 | time=3.6s
Epoch 462/500 | v_loss=-26.2067 | grad_v=3059.2960 | E[|v|^2]=69.6991 | time=3.6s
Epoch 463/500 | v_loss=-116.0634 | grad_v=10974.7891 | E[|v|^2]=73.2329 | time=3.6s
Epoch 464/500 | v_loss=-95.9556 | grad_v=26039.4720 | E[|v|^2]=59.4592 | time=3.6s
Epoch 465/500 | v_loss=-569.5967 | grad_v=92310.6793 | E[|v|^2]=68.5557 | time=3.6s
Epoch 466/500 | v_loss=-8.4890 | grad_v=16953.1188 | E[|v|^2]=64.1824 | time=3.6s
Epoch 467/500 | v_loss=-44.9031 | grad_v=15299.7708 | E[|v|^2]=64.6455 | time=3.6s
Epoch 468/500 | v_loss=-25.8918 | grad_v=9116.3774 | E[|v|^2]=64.7960 | time=3.6s
Epoch 469/500 | v_loss=-32.0713 | grad_v=6729.2856 | E[|v|^2]=63.1669 | time=3.6s
Epoch 470/500 | v_loss=-35.6246 | grad_v=4227.5309 | E[|v|^2]=62.7347 | time=3.6s
Epoch 471/500 | v_loss=-123.9113 | grad_v=29128.0266 | E[|v|^2]=70.1767 | time=3.6s
Epoch 472/500 | v_loss=-157.8519 | grad_v=41676.2674 | E[|v|^2]=69.2100 | time=3.6s
Epoch 473/500 | v_loss=-179.9184 | grad_v=53236.0625 | E[|v|^2]=66.9265 | time=3.6s
Epoch 474/500 | v_loss=-32.6730 | grad_v=3372.3538 | E[|v|^2]=60.0361 | time=3.6s
Epoch 475/500 | v_loss=-310.3849 | grad_v=60223.3048 | E[|v|^2]=79.9803 | time=3.6s
Epoch 476/500 | v_loss=-35.4541 | grad_v=8856.9117 | E[|v|^2]=74.7473 | time=3.6s
Epoch 477/500 | v_loss=-51.0068 | grad_v=5270.8181 | E[|v|^2]=69.8965 | time=3.6s
Epoch 478/500 | v_loss=-100.9564 | grad_v=41269.4656 | E[|v|^2]=72.8196 | time=3.6s
Epoch 479/500 | v_loss=-64.4641 | grad_v=18460.5582 | E[|v|^2]=69.1618 | time=3.6s
Epoch 480/500 | v_loss=-16.4987 | grad_v=3244.6324 | E[|v|^2]=71.9085 | time=3.6s
Epoch 481/500 | v_loss=-19.6666 | grad_v=4627.9744 | E[|v|^2]=67.6714 | time=3.6s
Epoch 482/500 | v_loss=-29.5777 | grad_v=3176.5327 | E[|v|^2]=63.4719 | time=3.6s
Epoch 483/500 | v_loss=-42.1954 | grad_v=4571.8351 | E[|v|^2]=63.6637 | time=3.6s
Epoch 484/500 | v_loss=-125.2038 | grad_v=11743.9793 | E[|v|^2]=66.4636 | time=3.6s
Epoch 485/500 | v_loss=-1020.7834 | grad_v=511512.4558 | E[|v|^2]=65.0841 | time=3.6s
Epoch 486/500 | v_loss=-18.7974 | grad_v=6883.8431 | E[|v|^2]=63.6036 | time=3.6s
Epoch 487/500 | v_loss=-32.0300 | grad_v=5748.0802 | E[|v|^2]=79.0696 | time=3.6s
Epoch 488/500 | v_loss=-161.9748 | grad_v=32993.0265 | E[|v|^2]=70.1923 | time=3.6s
Epoch 489/500 | v_loss=-15.7551 | grad_v=801.5412 | E[|v|^2]=63.0469 | time=3.6s
Epoch 490/500 | v_loss=-39.0734 | grad_v=3850.0233 | E[|v|^2]=63.2824 | time=3.6s
Epoch 491/500 | v_loss=-19.7696 | grad_v=2602.9481 | E[|v|^2]=69.8537 | time=3.6s
Epoch 492/500 | v_loss=-105.5515 | grad_v=34862.9739 | E[|v|^2]=71.2229 | time=3.6s
Epoch 493/500 | v_loss=-64.1470 | grad_v=7766.4750 | E[|v|^2]=71.0350 | time=3.6s
Epoch 494/500 | v_loss=-55.3313 | grad_v=1979.7711 | E[|v|^2]=74.8362 | time=3.6s
Epoch 495/500 | v_loss=-64.0841 | grad_v=11280.6955 | E[|v|^2]=64.5110 | time=3.6s
Epoch 496/500 | v_loss=-11.3791 | grad_v=4697.5313 | E[|v|^2]=72.7061 | time=3.6s
Epoch 497/500 | v_loss=-31.7062 | grad_v=15840.9548 | E[|v|^2]=67.9760 | time=3.6s
Epoch 498/500 | v_loss=-18.9498 | grad_v=2064.8722 | E[|v|^2]=71.7319 | time=3.6s
Epoch 499/500 | v_loss=-12.4510 | grad_v=11897.9954 | E[|v|^2]=71.7232 | time=3.6s
Epoch 500/500 | v_loss=-325.9903 | grad_v=99553.7709 | E[|v|^2]=75.0046 | time=3.6s
Saved metrics to results_multivariate_sweep/lr1e-4_p1.0_0.2_q1.0_0.2/metrics.json
