[multivariate-tuning] Using device: cuda
[multivariate-tuning] Learning rate: 0.0001
[multivariate-tuning] Coefficient type: fourier
[multivariate-tuning] Scheduler: cosine-warm-restarts
[multivariate-tuning] Fourier M: 7, alpha: 1.0, beta: 1.0
Saved interpolant trajectories to results_coefficient_tuning/fourier_M7/multivariate_trajectories.png
Epoch 1/250 | v_loss=-276.6781 | grad_v=751.8240 | E[|v|^2]=470.3511 | time=7.8s
Epoch 2/250 | v_loss=-293.1598 | grad_v=1496.6634 | E[|v|^2]=582.8186 | time=7.6s
Epoch 3/250 | v_loss=-362.3015 | grad_v=2528.3830 | E[|v|^2]=595.8233 | time=7.5s
Epoch 4/250 | v_loss=-284.4295 | grad_v=1360.8144 | E[|v|^2]=602.9132 | time=7.5s
Epoch 5/250 | v_loss=-299.2327 | grad_v=1218.2320 | E[|v|^2]=552.2579 | time=7.5s
Epoch 6/250 | v_loss=-287.8382 | grad_v=543.4757 | E[|v|^2]=607.8297 | time=7.5s
Epoch 7/250 | v_loss=-271.1331 | grad_v=805.7870 | E[|v|^2]=607.0692 | time=7.5s
Epoch 8/250 | v_loss=-252.1826 | grad_v=2476.1487 | E[|v|^2]=536.4527 | time=7.5s
Epoch 9/250 | v_loss=-317.2815 | grad_v=1332.5945 | E[|v|^2]=597.5041 | time=7.5s
Epoch 10/250 | v_loss=-297.4431 | grad_v=2252.4722 | E[|v|^2]=605.4935 | time=7.5s
Epoch 11/250 | v_loss=-268.3121 | grad_v=1677.9231 | E[|v|^2]=599.7983 | time=7.6s
Epoch 12/250 | v_loss=-227.2162 | grad_v=1223.8727 | E[|v|^2]=613.0851 | time=7.6s
Epoch 13/250 | v_loss=-262.2994 | grad_v=434.9098 | E[|v|^2]=605.6955 | time=7.6s
Epoch 14/250 | v_loss=-330.2021 | grad_v=2217.7873 | E[|v|^2]=618.1301 | time=7.6s
Epoch 15/250 | v_loss=-301.6709 | grad_v=680.9868 | E[|v|^2]=592.2256 | time=7.6s
Epoch 16/250 | v_loss=-274.6128 | grad_v=535.8986 | E[|v|^2]=592.0127 | time=7.6s
Epoch 17/250 | v_loss=-255.5806 | grad_v=472.9823 | E[|v|^2]=579.6172 | time=7.6s
Epoch 18/250 | v_loss=-316.4390 | grad_v=1357.5262 | E[|v|^2]=628.7534 | time=7.5s
Epoch 19/250 | v_loss=-278.9635 | grad_v=753.4183 | E[|v|^2]=591.2613 | time=7.6s
Epoch 20/250 | v_loss=-302.8173 | grad_v=452.9177 | E[|v|^2]=580.2338 | time=7.6s
Epoch 21/250 | v_loss=-302.1310 | grad_v=571.4822 | E[|v|^2]=617.3155 | time=7.5s
Epoch 22/250 | v_loss=-322.2658 | grad_v=850.7183 | E[|v|^2]=648.3780 | time=7.5s
Epoch 23/250 | v_loss=-344.6786 | grad_v=309.3327 | E[|v|^2]=618.2393 | time=7.5s
Epoch 24/250 | v_loss=-327.9918 | grad_v=1399.2959 | E[|v|^2]=595.9420 | time=7.5s
Epoch 25/250 | v_loss=-234.1649 | grad_v=700.7503 | E[|v|^2]=593.3808 | time=7.5s
Epoch 26/250 | v_loss=-276.8691 | grad_v=783.9758 | E[|v|^2]=613.0205 | time=7.5s
Epoch 27/250 | v_loss=-294.7112 | grad_v=1039.1186 | E[|v|^2]=629.9188 | time=7.5s
Epoch 28/250 | v_loss=-326.3018 | grad_v=894.5816 | E[|v|^2]=626.3119 | time=7.5s
Epoch 29/250 | v_loss=-309.0853 | grad_v=1128.3324 | E[|v|^2]=574.6379 | time=7.5s
Epoch 30/250 | v_loss=-228.1687 | grad_v=834.7079 | E[|v|^2]=596.7211 | time=7.5s
Epoch 31/250 | v_loss=-289.4281 | grad_v=291.6444 | E[|v|^2]=588.9318 | time=7.5s
Epoch 32/250 | v_loss=-271.8829 | grad_v=483.4662 | E[|v|^2]=601.0893 | time=7.5s
Epoch 33/250 | v_loss=-305.0439 | grad_v=426.2536 | E[|v|^2]=597.2607 | time=7.5s
Epoch 34/250 | v_loss=-307.8478 | grad_v=261.6863 | E[|v|^2]=593.7868 | time=7.5s
Epoch 35/250 | v_loss=-389.1563 | grad_v=301.8608 | E[|v|^2]=613.9514 | time=7.5s
Epoch 36/250 | v_loss=-270.6505 | grad_v=336.7538 | E[|v|^2]=607.4595 | time=7.5s
Epoch 37/250 | v_loss=-291.4752 | grad_v=459.2548 | E[|v|^2]=592.2792 | time=7.5s
Epoch 38/250 | v_loss=-306.6061 | grad_v=1141.3441 | E[|v|^2]=586.4266 | time=7.5s
Epoch 39/250 | v_loss=-285.4400 | grad_v=330.7498 | E[|v|^2]=608.4899 | time=7.5s
Epoch 40/250 | v_loss=-327.4994 | grad_v=308.5834 | E[|v|^2]=605.5841 | time=7.5s
Epoch 41/250 | v_loss=-340.1881 | grad_v=223.4844 | E[|v|^2]=621.8433 | time=7.6s
Epoch 42/250 | v_loss=-235.6109 | grad_v=602.8096 | E[|v|^2]=610.3118 | time=7.6s
Epoch 43/250 | v_loss=-346.9744 | grad_v=261.7493 | E[|v|^2]=600.2479 | time=7.6s
Epoch 44/250 | v_loss=-381.1051 | grad_v=215.8666 | E[|v|^2]=618.8479 | time=7.6s
Epoch 45/250 | v_loss=-287.4806 | grad_v=682.2825 | E[|v|^2]=604.5046 | time=7.6s
Epoch 46/250 | v_loss=-352.1871 | grad_v=833.3536 | E[|v|^2]=607.3476 | time=7.6s
Epoch 47/250 | v_loss=-268.3861 | grad_v=387.3092 | E[|v|^2]=599.5784 | time=7.5s
Epoch 48/250 | v_loss=-261.4114 | grad_v=196.3452 | E[|v|^2]=610.0727 | time=7.5s
Epoch 49/250 | v_loss=-301.8741 | grad_v=302.8946 | E[|v|^2]=615.0698 | time=7.6s
Epoch 50/250 | v_loss=-297.7691 | grad_v=379.7517 | E[|v|^2]=606.6016 | time=7.6s
Epoch 51/250 | v_loss=-368.7468 | grad_v=390.1942 | E[|v|^2]=634.0519 | time=7.5s
Epoch 52/250 | v_loss=-313.0241 | grad_v=397.5937 | E[|v|^2]=596.3915 | time=7.5s
Epoch 53/250 | v_loss=-341.1417 | grad_v=997.1758 | E[|v|^2]=570.1661 | time=7.5s
Epoch 54/250 | v_loss=-282.2148 | grad_v=1232.2952 | E[|v|^2]=615.9007 | time=7.6s
Epoch 55/250 | v_loss=-321.7132 | grad_v=1362.0534 | E[|v|^2]=635.7227 | time=7.5s
Epoch 56/250 | v_loss=-329.6458 | grad_v=1093.6305 | E[|v|^2]=564.2030 | time=7.5s
Epoch 57/250 | v_loss=-312.4049 | grad_v=628.7041 | E[|v|^2]=577.5177 | time=7.4s
Epoch 58/250 | v_loss=-298.4908 | grad_v=956.1968 | E[|v|^2]=620.8585 | time=7.0s
Epoch 59/250 | v_loss=-322.4190 | grad_v=968.0025 | E[|v|^2]=603.0056 | time=7.0s
Epoch 60/250 | v_loss=-274.8672 | grad_v=1159.9974 | E[|v|^2]=607.7657 | time=7.1s
Epoch 61/250 | v_loss=-250.4591 | grad_v=324.5006 | E[|v|^2]=596.6227 | time=7.1s
Epoch 62/250 | v_loss=-349.1684 | grad_v=1253.3064 | E[|v|^2]=628.9940 | time=7.1s
Epoch 63/250 | v_loss=-260.4436 | grad_v=639.1214 | E[|v|^2]=559.4346 | time=7.1s
Epoch 64/250 | v_loss=-273.3709 | grad_v=239.3946 | E[|v|^2]=589.2400 | time=7.1s
Epoch 65/250 | v_loss=-353.6844 | grad_v=750.2086 | E[|v|^2]=596.5409 | time=7.1s
Epoch 66/250 | v_loss=-318.7569 | grad_v=1314.2760 | E[|v|^2]=603.7086 | time=7.1s
Epoch 67/250 | v_loss=-321.9280 | grad_v=239.1426 | E[|v|^2]=643.8860 | time=7.1s
Epoch 68/250 | v_loss=-297.8990 | grad_v=767.5229 | E[|v|^2]=592.0162 | time=7.1s
Epoch 69/250 | v_loss=-291.2709 | grad_v=467.5876 | E[|v|^2]=609.3196 | time=7.1s
Epoch 70/250 | v_loss=-314.4851 | grad_v=283.1192 | E[|v|^2]=586.2527 | time=7.1s
Epoch 71/250 | v_loss=-299.3925 | grad_v=1530.7741 | E[|v|^2]=613.3005 | time=7.1s
Epoch 72/250 | v_loss=-330.7508 | grad_v=468.3366 | E[|v|^2]=613.4745 | time=7.1s
Epoch 73/250 | v_loss=-296.8936 | grad_v=339.8724 | E[|v|^2]=596.3344 | time=7.1s
Epoch 74/250 | v_loss=-303.9085 | grad_v=361.4576 | E[|v|^2]=612.7957 | time=7.1s
Epoch 75/250 | v_loss=-237.2935 | grad_v=600.9238 | E[|v|^2]=588.9937 | time=7.1s
Epoch 76/250 | v_loss=-299.8364 | grad_v=331.4027 | E[|v|^2]=648.8372 | time=7.1s
Epoch 77/250 | v_loss=-294.6419 | grad_v=216.3922 | E[|v|^2]=587.0242 | time=7.1s
Epoch 78/250 | v_loss=-338.0909 | grad_v=719.3873 | E[|v|^2]=591.8181 | time=7.1s
Epoch 79/250 | v_loss=-353.9706 | grad_v=126.6432 | E[|v|^2]=637.3265 | time=7.1s
Epoch 80/250 | v_loss=-283.8513 | grad_v=382.9585 | E[|v|^2]=614.9245 | time=7.1s
Epoch 81/250 | v_loss=-303.7294 | grad_v=1978.4162 | E[|v|^2]=600.9454 | time=7.1s
Epoch 82/250 | v_loss=-273.7576 | grad_v=454.0187 | E[|v|^2]=608.8551 | time=7.1s
Epoch 83/250 | v_loss=-267.0511 | grad_v=547.1612 | E[|v|^2]=596.4191 | time=7.1s
Epoch 84/250 | v_loss=-226.4179 | grad_v=1713.1322 | E[|v|^2]=632.5203 | time=7.1s
Epoch 85/250 | v_loss=-301.1921 | grad_v=521.1570 | E[|v|^2]=611.7480 | time=7.1s
Epoch 86/250 | v_loss=-294.3705 | grad_v=260.9767 | E[|v|^2]=617.6579 | time=7.1s
Epoch 87/250 | v_loss=-311.9966 | grad_v=279.4567 | E[|v|^2]=628.8695 | time=7.1s
Epoch 88/250 | v_loss=-262.6873 | grad_v=593.0780 | E[|v|^2]=559.5676 | time=7.1s
Epoch 89/250 | v_loss=-254.2868 | grad_v=851.4457 | E[|v|^2]=599.2220 | time=7.1s
Epoch 90/250 | v_loss=-334.9393 | grad_v=139.9566 | E[|v|^2]=588.5078 | time=7.1s
Epoch 91/250 | v_loss=-347.3412 | grad_v=670.0428 | E[|v|^2]=619.0081 | time=7.1s
Epoch 92/250 | v_loss=-286.6321 | grad_v=177.1260 | E[|v|^2]=608.8868 | time=7.1s
Epoch 93/250 | v_loss=-303.4015 | grad_v=1257.9528 | E[|v|^2]=601.5595 | time=7.1s
Epoch 94/250 | v_loss=-290.2598 | grad_v=192.8897 | E[|v|^2]=595.4999 | time=7.1s
Epoch 95/250 | v_loss=-326.4348 | grad_v=150.8739 | E[|v|^2]=615.9986 | time=7.1s
Epoch 96/250 | v_loss=-274.4576 | grad_v=126.7138 | E[|v|^2]=617.9303 | time=7.1s
Epoch 97/250 | v_loss=-299.5578 | grad_v=746.7709 | E[|v|^2]=615.4563 | time=7.1s
Epoch 98/250 | v_loss=-386.4342 | grad_v=300.0165 | E[|v|^2]=616.7855 | time=7.1s
Epoch 99/250 | v_loss=-298.8771 | grad_v=553.1454 | E[|v|^2]=602.3594 | time=7.1s
Epoch 100/250 | v_loss=-263.5176 | grad_v=125.8278 | E[|v|^2]=580.2666 | time=7.1s
Epoch 101/250 | v_loss=-285.6401 | grad_v=910.3528 | E[|v|^2]=607.3572 | time=7.1s
Epoch 102/250 | v_loss=-320.7663 | grad_v=953.9173 | E[|v|^2]=608.6037 | time=7.1s
Epoch 103/250 | v_loss=-298.5155 | grad_v=365.8046 | E[|v|^2]=615.7783 | time=7.1s
Epoch 104/250 | v_loss=-267.9193 | grad_v=100.7461 | E[|v|^2]=616.4040 | time=7.1s
Epoch 105/250 | v_loss=-309.6400 | grad_v=141.9437 | E[|v|^2]=606.6976 | time=7.1s
Epoch 106/250 | v_loss=-301.6761 | grad_v=883.0033 | E[|v|^2]=601.3649 | time=7.1s
Epoch 107/250 | v_loss=-291.2283 | grad_v=395.3102 | E[|v|^2]=620.8239 | time=7.1s
Epoch 108/250 | v_loss=-269.1129 | grad_v=593.2087 | E[|v|^2]=588.7308 | time=7.1s
Epoch 109/250 | v_loss=-303.1542 | grad_v=1263.1680 | E[|v|^2]=598.1238 | time=7.1s
Epoch 110/250 | v_loss=-342.5667 | grad_v=109.9664 | E[|v|^2]=591.2095 | time=7.1s
Epoch 111/250 | v_loss=-294.9391 | grad_v=711.4693 | E[|v|^2]=597.6470 | time=7.1s
Epoch 112/250 | v_loss=-318.1043 | grad_v=371.8707 | E[|v|^2]=614.8221 | time=7.1s
Epoch 113/250 | v_loss=-287.7566 | grad_v=131.9909 | E[|v|^2]=613.8643 | time=7.1s
Epoch 114/250 | v_loss=-250.7437 | grad_v=423.5434 | E[|v|^2]=601.3921 | time=7.1s
Epoch 115/250 | v_loss=-373.2830 | grad_v=113.4075 | E[|v|^2]=603.4926 | time=7.1s
Epoch 116/250 | v_loss=-357.8503 | grad_v=490.3557 | E[|v|^2]=609.3296 | time=7.1s
Epoch 117/250 | v_loss=-273.2417 | grad_v=177.4629 | E[|v|^2]=603.9558 | time=7.1s
Epoch 118/250 | v_loss=-287.2381 | grad_v=106.2685 | E[|v|^2]=606.3669 | time=7.1s
Epoch 119/250 | v_loss=-326.4582 | grad_v=217.9266 | E[|v|^2]=609.2818 | time=7.1s
Epoch 120/250 | v_loss=-277.3629 | grad_v=187.7393 | E[|v|^2]=596.4449 | time=7.1s
Epoch 121/250 | v_loss=-256.5279 | grad_v=238.8156 | E[|v|^2]=597.4802 | time=7.1s
Epoch 122/250 | v_loss=-361.7473 | grad_v=1173.4946 | E[|v|^2]=608.7915 | time=7.1s
Epoch 123/250 | v_loss=-317.2544 | grad_v=155.2345 | E[|v|^2]=605.8760 | time=7.1s
Epoch 124/250 | v_loss=-277.6330 | grad_v=334.7807 | E[|v|^2]=602.7906 | time=7.1s
Epoch 125/250 | v_loss=-287.5867 | grad_v=480.6172 | E[|v|^2]=603.4330 | time=7.1s
Epoch 126/250 | v_loss=-309.8855 | grad_v=151.5130 | E[|v|^2]=598.9995 | time=7.1s
Epoch 127/250 | v_loss=-319.3482 | grad_v=451.2495 | E[|v|^2]=614.2298 | time=7.1s
Epoch 128/250 | v_loss=-223.8876 | grad_v=606.1623 | E[|v|^2]=610.9541 | time=7.1s
Epoch 129/250 | v_loss=-287.6815 | grad_v=346.7400 | E[|v|^2]=608.8770 | time=7.1s
Epoch 130/250 | v_loss=-319.5931 | grad_v=775.8848 | E[|v|^2]=603.5773 | time=7.1s
Epoch 131/250 | v_loss=-335.5790 | grad_v=898.9919 | E[|v|^2]=589.4991 | time=7.1s
Epoch 132/250 | v_loss=-302.2903 | grad_v=156.6777 | E[|v|^2]=603.6093 | time=7.1s
Epoch 133/250 | v_loss=-351.3383 | grad_v=189.7218 | E[|v|^2]=598.1147 | time=7.1s
Epoch 134/250 | v_loss=-293.6170 | grad_v=104.5730 | E[|v|^2]=597.4030 | time=7.1s
Epoch 135/250 | v_loss=-266.9947 | grad_v=440.3878 | E[|v|^2]=602.2792 | time=7.1s
Epoch 136/250 | v_loss=-380.5757 | grad_v=146.8913 | E[|v|^2]=611.9169 | time=7.1s
Epoch 137/250 | v_loss=-347.7910 | grad_v=340.7284 | E[|v|^2]=608.9778 | time=7.1s
Epoch 138/250 | v_loss=-355.2744 | grad_v=137.2351 | E[|v|^2]=599.7604 | time=7.1s
Epoch 139/250 | v_loss=-369.6573 | grad_v=176.5074 | E[|v|^2]=615.9655 | time=7.1s
Epoch 140/250 | v_loss=-286.9634 | grad_v=960.3505 | E[|v|^2]=607.6684 | time=7.1s
Epoch 141/250 | v_loss=-256.6247 | grad_v=336.6912 | E[|v|^2]=608.4242 | time=7.1s
Epoch 142/250 | v_loss=-279.7800 | grad_v=621.8213 | E[|v|^2]=616.2964 | time=7.1s
Epoch 143/250 | v_loss=-298.3118 | grad_v=204.2029 | E[|v|^2]=614.9466 | time=7.1s
Epoch 144/250 | v_loss=-401.8250 | grad_v=365.2708 | E[|v|^2]=605.1997 | time=7.1s
Epoch 145/250 | v_loss=-269.9290 | grad_v=232.5768 | E[|v|^2]=595.9680 | time=7.1s
Epoch 146/250 | v_loss=-263.9278 | grad_v=115.0905 | E[|v|^2]=611.6304 | time=7.1s
Epoch 147/250 | v_loss=-318.3007 | grad_v=285.3511 | E[|v|^2]=610.7809 | time=7.1s
Epoch 148/250 | v_loss=-222.3184 | grad_v=343.6343 | E[|v|^2]=605.3403 | time=7.0s
Epoch 149/250 | v_loss=-352.6628 | grad_v=134.1514 | E[|v|^2]=601.9411 | time=7.1s
Epoch 150/250 | v_loss=-290.5885 | grad_v=87.8581 | E[|v|^2]=604.9558 | time=7.1s
Epoch 151/250 | v_loss=-293.0823 | grad_v=151.1044 | E[|v|^2]=591.5820 | time=7.1s
Epoch 152/250 | v_loss=-252.7637 | grad_v=148.3293 | E[|v|^2]=605.9059 | time=7.1s
Epoch 153/250 | v_loss=-295.6175 | grad_v=805.0790 | E[|v|^2]=635.6545 | time=7.1s
Epoch 154/250 | v_loss=-298.1335 | grad_v=413.0647 | E[|v|^2]=573.9917 | time=7.0s
Epoch 155/250 | v_loss=-339.7462 | grad_v=141.6166 | E[|v|^2]=597.5373 | time=7.1s
Epoch 156/250 | v_loss=-287.8709 | grad_v=648.3349 | E[|v|^2]=652.3893 | time=7.1s
Epoch 157/250 | v_loss=-381.0830 | grad_v=500.7807 | E[|v|^2]=614.0586 | time=7.1s
Epoch 158/250 | v_loss=-312.6854 | grad_v=436.4612 | E[|v|^2]=618.4940 | time=7.1s
Epoch 159/250 | v_loss=-302.4866 | grad_v=167.9654 | E[|v|^2]=641.5166 | time=7.0s
Epoch 160/250 | v_loss=-322.4345 | grad_v=891.8406 | E[|v|^2]=613.2104 | time=7.1s
Epoch 161/250 | v_loss=-259.7722 | grad_v=443.8942 | E[|v|^2]=630.3161 | time=7.1s
Epoch 162/250 | v_loss=-281.0990 | grad_v=380.1689 | E[|v|^2]=587.9357 | time=7.1s
Epoch 163/250 | v_loss=-390.3863 | grad_v=135.9350 | E[|v|^2]=608.4178 | time=7.1s
Epoch 164/250 | v_loss=-236.0347 | grad_v=183.2890 | E[|v|^2]=580.4606 | time=7.1s
Epoch 165/250 | v_loss=-313.1413 | grad_v=307.6325 | E[|v|^2]=585.0721 | time=7.1s
Epoch 166/250 | v_loss=-333.3878 | grad_v=474.5486 | E[|v|^2]=609.8815 | time=7.1s
Epoch 167/250 | v_loss=-239.5670 | grad_v=431.4243 | E[|v|^2]=615.2812 | time=7.1s
Epoch 168/250 | v_loss=-314.1548 | grad_v=721.7352 | E[|v|^2]=612.2195 | time=7.1s
Epoch 169/250 | v_loss=-259.7188 | grad_v=221.3933 | E[|v|^2]=630.4338 | time=7.1s
Epoch 170/250 | v_loss=-341.2208 | grad_v=122.5775 | E[|v|^2]=632.9243 | time=7.1s
Epoch 171/250 | v_loss=-316.1545 | grad_v=318.7180 | E[|v|^2]=601.4825 | time=7.1s
Epoch 172/250 | v_loss=-328.8671 | grad_v=498.6557 | E[|v|^2]=628.3762 | time=7.1s
Epoch 173/250 | v_loss=-321.3533 | grad_v=212.1555 | E[|v|^2]=600.0426 | time=7.1s
Epoch 174/250 | v_loss=-294.2441 | grad_v=638.5204 | E[|v|^2]=601.9546 | time=7.1s
Epoch 175/250 | v_loss=-303.4564 | grad_v=627.1936 | E[|v|^2]=635.5806 | time=7.1s
Epoch 176/250 | v_loss=-314.8756 | grad_v=289.9072 | E[|v|^2]=602.7772 | time=7.1s
Epoch 177/250 | v_loss=-298.2249 | grad_v=97.7086 | E[|v|^2]=598.4229 | time=7.1s
Epoch 178/250 | v_loss=-257.3926 | grad_v=424.0534 | E[|v|^2]=592.6075 | time=7.1s
Epoch 179/250 | v_loss=-326.9120 | grad_v=148.3097 | E[|v|^2]=605.0485 | time=7.1s
Epoch 180/250 | v_loss=-299.7191 | grad_v=421.2941 | E[|v|^2]=636.7393 | time=7.1s
Epoch 181/250 | v_loss=-238.6707 | grad_v=177.5199 | E[|v|^2]=608.5534 | time=7.1s
Epoch 182/250 | v_loss=-288.9824 | grad_v=695.2841 | E[|v|^2]=608.0353 | time=7.1s
Epoch 183/250 | v_loss=-263.6653 | grad_v=270.1869 | E[|v|^2]=593.8160 | time=7.1s
Epoch 184/250 | v_loss=-303.8050 | grad_v=473.2883 | E[|v|^2]=599.8539 | time=7.1s
Epoch 185/250 | v_loss=-341.6268 | grad_v=615.4605 | E[|v|^2]=594.8526 | time=7.1s
Epoch 186/250 | v_loss=-354.6725 | grad_v=717.2686 | E[|v|^2]=619.9296 | time=7.1s
Epoch 187/250 | v_loss=-276.1239 | grad_v=138.8210 | E[|v|^2]=622.2592 | time=7.1s
Epoch 188/250 | v_loss=-322.9715 | grad_v=607.3347 | E[|v|^2]=593.6967 | time=7.1s
Epoch 189/250 | v_loss=-322.8973 | grad_v=977.7170 | E[|v|^2]=618.4927 | time=7.1s
Epoch 190/250 | v_loss=-256.9440 | grad_v=282.0820 | E[|v|^2]=569.4973 | time=7.1s
Epoch 191/250 | v_loss=-331.6853 | grad_v=570.5388 | E[|v|^2]=614.6136 | time=7.1s
Epoch 192/250 | v_loss=-246.3419 | grad_v=695.3241 | E[|v|^2]=615.1895 | time=7.1s
Epoch 193/250 | v_loss=-300.2244 | grad_v=216.0179 | E[|v|^2]=598.0962 | time=7.1s
Epoch 194/250 | v_loss=-288.1106 | grad_v=118.1897 | E[|v|^2]=626.7922 | time=7.0s
Epoch 195/250 | v_loss=-353.8913 | grad_v=570.2094 | E[|v|^2]=614.3589 | time=7.0s
Epoch 196/250 | v_loss=-287.4579 | grad_v=423.8905 | E[|v|^2]=578.3126 | time=7.0s
Epoch 197/250 | v_loss=-263.2626 | grad_v=726.2537 | E[|v|^2]=627.3139 | time=7.1s
Epoch 198/250 | v_loss=-329.9591 | grad_v=439.9042 | E[|v|^2]=607.1991 | time=7.0s
Epoch 199/250 | v_loss=-306.2845 | grad_v=136.0452 | E[|v|^2]=607.3372 | time=7.0s
Epoch 200/250 | v_loss=-339.8379 | grad_v=319.7809 | E[|v|^2]=593.5320 | time=7.0s
Epoch 201/250 | v_loss=-312.4071 | grad_v=1088.8396 | E[|v|^2]=606.2619 | time=7.1s
Epoch 202/250 | v_loss=-246.7114 | grad_v=237.6200 | E[|v|^2]=619.3387 | time=7.1s
Epoch 203/250 | v_loss=-366.7553 | grad_v=335.5244 | E[|v|^2]=611.5748 | time=7.1s
Epoch 204/250 | v_loss=-301.8139 | grad_v=384.5795 | E[|v|^2]=597.3079 | time=7.1s
Epoch 205/250 | v_loss=-290.0484 | grad_v=212.6341 | E[|v|^2]=615.4929 | time=7.1s
Epoch 206/250 | v_loss=-321.1968 | grad_v=143.4982 | E[|v|^2]=615.0215 | time=7.1s
Epoch 207/250 | v_loss=-351.8022 | grad_v=671.9567 | E[|v|^2]=618.7058 | time=7.1s
Epoch 208/250 | v_loss=-279.8191 | grad_v=147.7497 | E[|v|^2]=602.0382 | time=7.1s
Epoch 209/250 | v_loss=-282.3880 | grad_v=687.9866 | E[|v|^2]=586.9206 | time=7.1s
Epoch 210/250 | v_loss=-284.1022 | grad_v=528.1749 | E[|v|^2]=574.4535 | time=7.1s
Epoch 211/250 | v_loss=-277.3945 | grad_v=385.6735 | E[|v|^2]=601.0207 | time=7.1s
Epoch 212/250 | v_loss=-245.7222 | grad_v=359.6083 | E[|v|^2]=621.9788 | time=7.1s
Epoch 213/250 | v_loss=-322.3852 | grad_v=595.7750 | E[|v|^2]=575.6918 | time=7.1s
Epoch 214/250 | v_loss=-364.1468 | grad_v=263.5342 | E[|v|^2]=640.1330 | time=7.1s
Epoch 215/250 | v_loss=-228.6636 | grad_v=438.4262 | E[|v|^2]=631.5523 | time=7.1s
Epoch 216/250 | v_loss=-215.9005 | grad_v=158.6770 | E[|v|^2]=599.6100 | time=7.1s
Epoch 217/250 | v_loss=-301.4030 | grad_v=228.4480 | E[|v|^2]=601.8418 | time=7.1s
Epoch 218/250 | v_loss=-269.2641 | grad_v=421.3309 | E[|v|^2]=611.7690 | time=7.1s
Epoch 219/250 | v_loss=-301.0821 | grad_v=81.1160 | E[|v|^2]=594.3577 | time=7.1s
Epoch 220/250 | v_loss=-285.4623 | grad_v=530.9998 | E[|v|^2]=584.3428 | time=7.1s
Epoch 221/250 | v_loss=-286.8389 | grad_v=262.3951 | E[|v|^2]=602.3908 | time=7.1s
Epoch 222/250 | v_loss=-321.9449 | grad_v=210.9599 | E[|v|^2]=604.7960 | time=7.1s
Epoch 223/250 | v_loss=-242.8097 | grad_v=287.9279 | E[|v|^2]=596.9617 | time=7.1s
Epoch 224/250 | v_loss=-327.3373 | grad_v=517.6357 | E[|v|^2]=603.5898 | time=7.1s
Epoch 225/250 | v_loss=-320.5748 | grad_v=766.1393 | E[|v|^2]=606.7660 | time=7.1s
Epoch 226/250 | v_loss=-275.3450 | grad_v=479.5901 | E[|v|^2]=600.6392 | time=7.1s
Epoch 227/250 | v_loss=-299.5535 | grad_v=122.6548 | E[|v|^2]=601.1548 | time=7.1s
Epoch 228/250 | v_loss=-325.1428 | grad_v=1014.4781 | E[|v|^2]=619.4018 | time=7.1s
Epoch 229/250 | v_loss=-312.3425 | grad_v=298.1499 | E[|v|^2]=591.8455 | time=7.1s
Epoch 230/250 | v_loss=-296.7668 | grad_v=735.4685 | E[|v|^2]=590.7836 | time=7.1s
Epoch 231/250 | v_loss=-236.2641 | grad_v=390.2810 | E[|v|^2]=594.9010 | time=7.1s
Epoch 232/250 | v_loss=-273.4455 | grad_v=130.5424 | E[|v|^2]=613.9980 | time=7.1s
Epoch 233/250 | v_loss=-266.5343 | grad_v=1193.5727 | E[|v|^2]=602.6771 | time=7.1s
Epoch 234/250 | v_loss=-227.8539 | grad_v=256.9467 | E[|v|^2]=604.2803 | time=7.1s
Epoch 235/250 | v_loss=-301.4537 | grad_v=374.7983 | E[|v|^2]=612.1177 | time=7.1s
Epoch 236/250 | v_loss=-249.5561 | grad_v=468.9046 | E[|v|^2]=572.8122 | time=7.1s
Epoch 237/250 | v_loss=-271.0343 | grad_v=601.1703 | E[|v|^2]=601.0408 | time=7.1s
Epoch 238/250 | v_loss=-325.0739 | grad_v=449.5699 | E[|v|^2]=596.4456 | time=7.1s
Epoch 239/250 | v_loss=-302.8269 | grad_v=384.1873 | E[|v|^2]=619.3570 | time=7.1s
Epoch 240/250 | v_loss=-229.5081 | grad_v=110.1147 | E[|v|^2]=612.3928 | time=7.1s
Epoch 241/250 | v_loss=-311.4501 | grad_v=773.6829 | E[|v|^2]=592.8987 | time=7.1s
Epoch 242/250 | v_loss=-287.9873 | grad_v=96.3970 | E[|v|^2]=605.5787 | time=7.1s
Epoch 243/250 | v_loss=-294.1933 | grad_v=896.4790 | E[|v|^2]=593.7110 | time=7.1s
Epoch 244/250 | v_loss=-252.1629 | grad_v=90.7345 | E[|v|^2]=615.5118 | time=7.1s
Epoch 245/250 | v_loss=-332.9019 | grad_v=74.4684 | E[|v|^2]=623.5208 | time=7.1s
Epoch 246/250 | v_loss=-274.7141 | grad_v=548.8362 | E[|v|^2]=615.8577 | time=7.1s
Epoch 247/250 | v_loss=-339.3431 | grad_v=98.2638 | E[|v|^2]=631.6651 | time=7.1s
Epoch 248/250 | v_loss=-258.5510 | grad_v=248.8429 | E[|v|^2]=599.1185 | time=7.1s
Epoch 249/250 | v_loss=-297.6140 | grad_v=233.7587 | E[|v|^2]=602.9004 | time=7.1s
Epoch 250/250 | v_loss=-331.5372 | grad_v=289.0913 | E[|v|^2]=612.5399 | time=7.1s
Saved metrics to results_coefficient_tuning/fourier_M7/metrics.json
